Archive member included to satisfy reference by file (symbol)

/usr/lib/gcc/arm-none-eabi/10.3.1/thumb/v6-m/nofp/libgcc.a(_dvmd_tls.o)
                              CMakeFiles/Serial-IR-Blaster.dir/home/matthew/pico/pico-sdk/src/rp2_common/pico_divider/divider.S.obj (__aeabi_idiv0)
/usr/lib/gcc/arm-none-eabi/10.3.1/../../../arm-none-eabi/lib/thumb/v6-m/nofp/libg.a(lib_a-atexit.o)
                              /usr/lib/gcc/arm-none-eabi/10.3.1/../../../arm-none-eabi/lib/thumb/v6-m/nofp/crt0.o (atexit)
/usr/lib/gcc/arm-none-eabi/10.3.1/../../../arm-none-eabi/lib/thumb/v6-m/nofp/libg.a(lib_a-calloc.o)
                              CMakeFiles/Serial-IR-Blaster.dir/home/matthew/pico/pico-sdk/src/rp2_common/pico_malloc/pico_malloc.c.obj (calloc)
/usr/lib/gcc/arm-none-eabi/10.3.1/../../../arm-none-eabi/lib/thumb/v6-m/nofp/libg.a(lib_a-callocr.o)
                              /usr/lib/gcc/arm-none-eabi/10.3.1/../../../arm-none-eabi/lib/thumb/v6-m/nofp/libg.a(lib_a-calloc.o) (_calloc_r)
/usr/lib/gcc/arm-none-eabi/10.3.1/../../../arm-none-eabi/lib/thumb/v6-m/nofp/libg.a(lib_a-fini.o)
                              /usr/lib/gcc/arm-none-eabi/10.3.1/../../../arm-none-eabi/lib/thumb/v6-m/nofp/crt0.o (__libc_fini_array)
/usr/lib/gcc/arm-none-eabi/10.3.1/../../../arm-none-eabi/lib/thumb/v6-m/nofp/libg.a(lib_a-impure.o)
                              /usr/lib/gcc/arm-none-eabi/10.3.1/../../../arm-none-eabi/lib/thumb/v6-m/nofp/libg.a(lib_a-calloc.o) (_impure_ptr)
/usr/lib/gcc/arm-none-eabi/10.3.1/../../../arm-none-eabi/lib/thumb/v6-m/nofp/libg.a(lib_a-init.o)
                              /usr/lib/gcc/arm-none-eabi/10.3.1/../../../arm-none-eabi/lib/thumb/v6-m/nofp/crt0.o (__libc_init_array)
/usr/lib/gcc/arm-none-eabi/10.3.1/../../../arm-none-eabi/lib/thumb/v6-m/nofp/libg.a(lib_a-malloc.o)
                              CMakeFiles/Serial-IR-Blaster.dir/home/matthew/pico/pico-sdk/src/rp2_common/pico_malloc/pico_malloc.c.obj (malloc)
/usr/lib/gcc/arm-none-eabi/10.3.1/../../../arm-none-eabi/lib/thumb/v6-m/nofp/libg.a(lib_a-mallocr.o)
                              /usr/lib/gcc/arm-none-eabi/10.3.1/../../../arm-none-eabi/lib/thumb/v6-m/nofp/libg.a(lib_a-callocr.o) (_malloc_r)
/usr/lib/gcc/arm-none-eabi/10.3.1/../../../arm-none-eabi/lib/thumb/v6-m/nofp/libg.a(lib_a-mlock.o)
                              /usr/lib/gcc/arm-none-eabi/10.3.1/../../../arm-none-eabi/lib/thumb/v6-m/nofp/libg.a(lib_a-mallocr.o) (__malloc_lock)
/usr/lib/gcc/arm-none-eabi/10.3.1/../../../arm-none-eabi/lib/thumb/v6-m/nofp/libg.a(lib_a-realloc.o)
                              CMakeFiles/Serial-IR-Blaster.dir/home/matthew/pico/pico-sdk/src/rp2_common/pico_malloc/pico_malloc.c.obj (realloc)
/usr/lib/gcc/arm-none-eabi/10.3.1/../../../arm-none-eabi/lib/thumb/v6-m/nofp/libg.a(lib_a-reallocr.o)
                              /usr/lib/gcc/arm-none-eabi/10.3.1/../../../arm-none-eabi/lib/thumb/v6-m/nofp/libg.a(lib_a-realloc.o) (_realloc_r)
/usr/lib/gcc/arm-none-eabi/10.3.1/../../../arm-none-eabi/lib/thumb/v6-m/nofp/libg.a(lib_a-sbrkr.o)
                              /usr/lib/gcc/arm-none-eabi/10.3.1/../../../arm-none-eabi/lib/thumb/v6-m/nofp/libg.a(lib_a-mallocr.o) (_sbrk_r)
/usr/lib/gcc/arm-none-eabi/10.3.1/../../../arm-none-eabi/lib/thumb/v6-m/nofp/libg.a(lib_a-strlen-stub.o)
                              CMakeFiles/Serial-IR-Blaster.dir/home/matthew/pico/pico-sdk/src/rp2_common/pico_stdio/stdio.c.obj (strlen)
/usr/lib/gcc/arm-none-eabi/10.3.1/../../../arm-none-eabi/lib/thumb/v6-m/nofp/libg.a(lib_a-__atexit.o)
                              /usr/lib/gcc/arm-none-eabi/10.3.1/../../../arm-none-eabi/lib/thumb/v6-m/nofp/libg.a(lib_a-atexit.o) (__register_exitproc)
/usr/lib/gcc/arm-none-eabi/10.3.1/../../../arm-none-eabi/lib/thumb/v6-m/nofp/libg.a(lib_a-freer.o)
                              /usr/lib/gcc/arm-none-eabi/10.3.1/../../../arm-none-eabi/lib/thumb/v6-m/nofp/libg.a(lib_a-malloc.o) (_free_r)
/usr/lib/gcc/arm-none-eabi/10.3.1/../../../arm-none-eabi/lib/thumb/v6-m/nofp/libg.a(lib_a-memmove.o)
                              /usr/lib/gcc/arm-none-eabi/10.3.1/../../../arm-none-eabi/lib/thumb/v6-m/nofp/libg.a(lib_a-reallocr.o) (memmove)
/usr/lib/gcc/arm-none-eabi/10.3.1/../../../arm-none-eabi/lib/thumb/v6-m/nofp/libg.a(lib_a-reent.o)
                              /usr/lib/gcc/arm-none-eabi/10.3.1/../../../arm-none-eabi/lib/thumb/v6-m/nofp/libg.a(lib_a-sbrkr.o) (errno)

Discarded input sections

 .text          0x0000000000000000        0x0 /usr/lib/gcc/arm-none-eabi/10.3.1/thumb/v6-m/nofp/crti.o
 .data          0x0000000000000000        0x0 /usr/lib/gcc/arm-none-eabi/10.3.1/thumb/v6-m/nofp/crti.o
 .bss           0x0000000000000000        0x0 /usr/lib/gcc/arm-none-eabi/10.3.1/thumb/v6-m/nofp/crti.o
 .data          0x0000000000000000        0x4 /usr/lib/gcc/arm-none-eabi/10.3.1/thumb/v6-m/nofp/crtbegin.o
 .rodata        0x0000000000000000       0x24 /usr/lib/gcc/arm-none-eabi/10.3.1/thumb/v6-m/nofp/crtbegin.o
[...]
Memory Configuration

Name             Origin             Length             Attributes
FLASH            0x0000000010000000 0x0000000000200000 xr
RAM              0x0000000020000000 0x0000000000040000 xrw
SCRATCH_X        0x0000000020040000 0x0000000000001000 xrw
SCRATCH_Y        0x0000000020041000 0x0000000000001000 xrw
*default*        0x0000000000000000 0xffffffffffffffff

Linker script and memory map

LOAD /usr/lib/gcc/arm-none-eabi/10.3.1/thumb/v6-m/nofp/crti.o
LOAD /usr/lib/gcc/arm-none-eabi/10.3.1/thumb/v6-m/nofp/crtbegin.o
LOAD /usr/lib/gcc/arm-none-eabi/10.3.1/../../../arm-none-eabi/lib/thumb/v6-m/nofp/crt0.o

.flash_begin    0x0000000010000000        0x0
                0x0000000010000000                __flash_binary_start = .

.boot2          0x0000000010000000      0x100
                0x0000000010000000                __boot2_start__ = .
 *(.boot2)
 .boot2         0x0000000010000000      0x100 /tmp/ccl3tcq5.o
                0x0000000010000100                __boot2_end__ = .
                0x0000000000000001                ASSERT (((__boot2_end__ - __boot2_start__) == 0x100), ERROR: Pico second stage bootloader must be 256 bytes in size)

.text           0x0000000010000100     0x4480
                0x0000000010000100                __logical_binary_start = .
 *(.vectors)
 .vectors       0x0000000010000100       0xd4 CMakeFiles/Serial-IR-Blaster.dir/home/matthew/pico/pico-sdk/src/rp2_common/pico_standard_link/crt0.S.obj
                0x0000000010000100                __vectors
                0x0000000010000100                __VECTOR_TABLE
                0x00000000100001c0                isr_invalid
                0x00000000100001c0                __default_isrs_start
                0x00000000100001c2                isr_nmi
                0x00000000100001c4                isr_hardfault
                0x00000000100001c6                isr_svcall
                0x00000000100001c8                isr_pendsv
                0x00000000100001ca                isr_systick
                0x00000000100001cc                isr_irq30
                0x00000000100001cc                __unhandled_user_irq
                0x00000000100001cc                isr_irq13
                0x00000000100001cc                isr_irq27
                0x00000000100001cc                isr_irq31
                0x00000000100001cc                isr_irq5
                0x00000000100001cc                isr_irq11
                0x00000000100001cc                isr_irq23
                0x00000000100001cc                isr_irq18
                0x00000000100001cc                isr_irq28
                0x00000000100001cc                isr_irq19
                0x00000000100001cc                isr_irq0
                0x00000000100001cc                isr_irq6
                0x00000000100001cc                isr_irq22
                0x00000000100001cc                isr_irq17
                0x00000000100001cc                isr_irq14
                0x00000000100001cc                isr_irq2
                0x00000000100001cc                isr_irq10
                0x00000000100001cc                isr_irq8
                0x00000000100001cc                isr_irq24
                0x00000000100001cc                isr_irq1
                0x00000000100001cc                isr_irq7
                0x00000000100001cc                isr_irq21
                0x00000000100001cc                isr_irq20
                0x00000000100001cc                isr_irq15
                0x00000000100001cc                isr_irq25
                0x00000000100001cc                isr_irq4
                0x00000000100001cc                isr_irq16
                0x00000000100001cc                isr_irq29
                0x00000000100001cc                isr_irq26
                0x00000000100001cc                __default_isrs_end
                0x00000000100001cc                isr_irq3
                0x00000000100001cc                isr_irq12
                0x00000000100001cc                isr_irq9
                0x00000000100001d2                unhandled_user_irq_num_in_r0
 *(.binary_info_header)
 .binary_info_header
                0x00000000100001d4       0x14 CMakeFiles/Serial-IR-Blaster.dir/home/matthew/pico/pico-sdk/src/rp2_common/pico_standard_link/crt0.S.obj
                0x00000000100001e8                __binary_info_header_end = .
 *(.reset)
 .reset         0x00000000100001e8       0xa8 CMakeFiles/Serial-IR-Blaster.dir/home/matthew/pico/pico-sdk/src/rp2_common/pico_standard_link/crt0.S.obj
                0x00000000100001e8                _entry_point
                0x0000000010000266                __get_current_exception
 .reset         0x0000000010000290       0x30 CMakeFiles/Serial-IR-Blaster.dir/home/matthew/pico/pico-sdk/src/rp2_common/pico_standard_link/binary_info.c.obj
 *(.init)
 .init          0x00000000100002c0        0x4 /usr/lib/gcc/arm-none-eabi/10.3.1/thumb/v6-m/nofp/crti.o
                0x00000000100002c0                _init
 *(EXCLUDE_FILE(*libm.a: *libc.a:*lib_a-mem*.o *libgcc.a:) .text*)
 .text          0x00000000100002c4       0x98 /usr/lib/gcc/arm-none-eabi/10.3.1/thumb/v6-m/nofp/crtbegin.o
 .text.nec_carrier_program_get_default_config
                0x000000001000035c       0x54 CMakeFiles/Serial-IR-Blaster.dir/main.c.obj
 .text.main     0x00000000100003b0      0x100 CMakeFiles/Serial-IR-Blaster.dir/main.c.obj
                0x00000000100003b0                main
 .text.gpio_set_function
                0x00000000100004b0       0x30 CMakeFiles/Serial-IR-Blaster.dir/home/matthew/pico/pico-sdk/src/rp2_common/hardware_gpio/gpio.c.obj
                0x00000000100004b0                gpio_set_function
 .text.hw_claim_lock
                0x00000000100004e0       0x18 CMakeFiles/Serial-IR-Blaster.dir/home/matthew/pico/pico-sdk/src/rp2_common/hardware_claim/claim.c.obj
                0x00000000100004e0                hw_claim_lock
 .text.hw_claim_unlock
                0x00000000100004f8       0x14 CMakeFiles/Serial-IR-Blaster.dir/home/matthew/pico/pico-sdk/src/rp2_common/hardware_claim/claim.c.obj
                0x00000000100004f8                hw_claim_unlock
 .text.hw_claim_or_assert
                0x000000001000050c       0x32 CMakeFiles/Serial-IR-Blaster.dir/home/matthew/pico/pico-sdk/src/rp2_common/hardware_claim/claim.c.obj
                0x000000001000050c                hw_claim_or_assert
 .text.hw_claim_unused_from_range
                0x000000001000053e       0x50 CMakeFiles/Serial-IR-Blaster.dir/home/matthew/pico/pico-sdk/src/rp2_common/hardware_claim/claim.c.obj
                0x000000001000053e                hw_claim_unused_from_range
 *fill*         0x000000001000058e        0x2 
 .text.running_on_fpga
                0x0000000010000590       0x14 CMakeFiles/Serial-IR-Blaster.dir/home/matthew/pico/pico-sdk/src/rp2_common/pico_platform/platform.c.obj
                0x0000000010000590                running_on_fpga
 .text.spin_locks_reset
                0x00000000100005a4       0x20 CMakeFiles/Serial-IR-Blaster.dir/home/matthew/pico/pico-sdk/src/rp2_common/hardware_sync/sync.c.obj
                0x00000000100005a4                spin_locks_reset
 .text.next_striped_spin_lock_num
                0x00000000100005c4       0x1c CMakeFiles/Serial-IR-Blaster.dir/home/matthew/pico/pico-sdk/src/rp2_common/hardware_sync/sync.c.obj
                0x00000000100005c4                next_striped_spin_lock_num
 .text.set_raw_irq_handler_and_unlock
                0x00000000100005e0       0x28 CMakeFiles/Serial-IR-Blaster.dir/home/matthew/pico/pico-sdk/src/rp2_common/hardware_irq/irq.c.obj
 .text.make_branch
                0x0000000010000608       0x48 CMakeFiles/Serial-IR-Blaster.dir/home/matthew/pico/pico-sdk/src/rp2_common/hardware_irq/irq.c.obj
 .text.insert_branch_and_link
                0x0000000010000650       0x40 CMakeFiles/Serial-IR-Blaster.dir/home/matthew/pico/pico-sdk/src/rp2_common/hardware_irq/irq.c.obj
 .text.irq_is_enabled
                0x0000000010000690       0x18 CMakeFiles/Serial-IR-Blaster.dir/home/matthew/pico/pico-sdk/src/rp2_common/hardware_irq/irq.c.obj
                0x0000000010000690                irq_is_enabled
 .text.irq_set_mask_enabled
                0x00000000100006a8       0x20 CMakeFiles/Serial-IR-Blaster.dir/home/matthew/pico/pico-sdk/src/rp2_common/hardware_irq/irq.c.obj
                0x00000000100006a8                irq_set_mask_enabled
 .text.irq_set_enabled
                0x00000000100006c8        0xe CMakeFiles/Serial-IR-Blaster.dir/home/matthew/pico/pico-sdk/src/rp2_common/hardware_irq/irq.c.obj
                0x00000000100006c8                irq_set_enabled
 *fill*         0x00000000100006d6        0x2 
 .text.irq_get_vtable_handler
                0x00000000100006d8       0x10 CMakeFiles/Serial-IR-Blaster.dir/home/matthew/pico/pico-sdk/src/rp2_common/hardware_irq/irq.c.obj
                0x00000000100006d8                irq_get_vtable_handler
 .text.irq_set_exclusive_handler
                0x00000000100006e8       0x54 CMakeFiles/Serial-IR-Blaster.dir/home/matthew/pico/pico-sdk/src/rp2_common/hardware_irq/irq.c.obj
                0x00000000100006e8                irq_set_exclusive_handler
 .text.irq_remove_handler
                0x000000001000073c      0x1a8 CMakeFiles/Serial-IR-Blaster.dir/home/matthew/pico/pico-sdk/src/rp2_common/hardware_irq/irq.c.obj
                0x000000001000073c                irq_remove_handler
 .text.irq_add_tail_to_free_list
                0x00000000100008e4       0xf0 CMakeFiles/Serial-IR-Blaster.dir/home/matthew/pico/pico-sdk/src/rp2_common/hardware_irq/irq.c.obj
                0x00000000100008e4                irq_add_tail_to_free_list
 .text.irq_init_priorities
                0x00000000100009d4       0x1c CMakeFiles/Serial-IR-Blaster.dir/home/matthew/pico/pico-sdk/src/rp2_common/hardware_irq/irq.c.obj
                0x00000000100009d4                irq_init_priorities
 .text.lock_init
                0x00000000100009f0       0x10 CMakeFiles/Serial-IR-Blaster.dir/home/matthew/pico/pico-sdk/src/common/pico_sync/lock_core.c.obj
                0x00000000100009f0                lock_init
 .text.alarm_pool_post_alloc_init
                0x0000000010000a00       0x40 CMakeFiles/Serial-IR-Blaster.dir/home/matthew/pico/pico-sdk/src/common/pico_time/time.c.obj
 .text.timer_pool_entry_comparator
                0x0000000010000a40       0x7c CMakeFiles/Serial-IR-Blaster.dir/home/matthew/pico/pico-sdk/src/common/pico_time/time.c.obj
                0x0000000010000a40                timer_pool_entry_comparator
 .text.ph_add_child_node
                0x0000000010000abc       0xa4 CMakeFiles/Serial-IR-Blaster.dir/home/matthew/pico/pico-sdk/src/common/pico_time/time.c.obj
 .text.ph_merge_nodes
                0x0000000010000b60       0x3e CMakeFiles/Serial-IR-Blaster.dir/home/matthew/pico/pico-sdk/src/common/pico_time/time.c.obj
 *fill*         0x0000000010000b9e        0x2 
 .text.add_alarm_under_lock
                0x0000000010000ba0      0x174 CMakeFiles/Serial-IR-Blaster.dir/home/matthew/pico/pico-sdk/src/common/pico_time/time.c.obj
 .text.alarm_pool_alarm_callback
                0x0000000010000d14      0x328 CMakeFiles/Serial-IR-Blaster.dir/home/matthew/pico/pico-sdk/src/common/pico_time/time.c.obj
 .text.alarm_pool_init_default
                0x000000001000103c       0x38 CMakeFiles/Serial-IR-Blaster.dir/home/matthew/pico/pico-sdk/src/common/pico_time/time.c.obj
                0x000000001000103c                alarm_pool_init_default
 .text.hardware_alarm_irq_handler
                0x0000000010001074       0x8c CMakeFiles/Serial-IR-Blaster.dir/home/matthew/pico/pico-sdk/src/rp2_common/hardware_timer/timer.c.obj
 .text.hardware_alarm_claim
                0x0000000010001100       0x18 CMakeFiles/Serial-IR-Blaster.dir/home/matthew/pico/pico-sdk/src/rp2_common/hardware_timer/timer.c.obj
                0x0000000010001100                hardware_alarm_claim
 .text.time_us_64
                0x0000000010001118       0x18 CMakeFiles/Serial-IR-Blaster.dir/home/matthew/pico/pico-sdk/src/rp2_common/hardware_timer/timer.c.obj
                0x0000000010001118                time_us_64
 .text.busy_wait_until
                0x0000000010001130       0x28 CMakeFiles/Serial-IR-Blaster.dir/home/matthew/pico/pico-sdk/src/rp2_common/hardware_timer/timer.c.obj
                0x0000000010001130                busy_wait_until
 .text.busy_wait_us
                0x0000000010001158       0x48 CMakeFiles/Serial-IR-Blaster.dir/home/matthew/pico/pico-sdk/src/rp2_common/hardware_timer/timer.c.obj
                0x0000000010001158                busy_wait_us
 .text.busy_wait_us_32
                0x00000000100011a0       0x24 CMakeFiles/Serial-IR-Blaster.dir/home/matthew/pico/pico-sdk/src/rp2_common/hardware_timer/timer.c.obj
                0x00000000100011a0                busy_wait_us_32
 .text.busy_wait_ms
                0x00000000100011c4       0x30 CMakeFiles/Serial-IR-Blaster.dir/home/matthew/pico/pico-sdk/src/rp2_common/hardware_timer/timer.c.obj
                0x00000000100011c4                busy_wait_ms
 .text.hardware_alarm_set_callback
                0x00000000100011f4       0x90 CMakeFiles/Serial-IR-Blaster.dir/home/matthew/pico/pico-sdk/src/rp2_common/hardware_timer/timer.c.obj
                0x00000000100011f4                hardware_alarm_set_callback
 .text.hardware_alarm_set_target
                0x0000000010001284       0xe8 CMakeFiles/Serial-IR-Blaster.dir/home/matthew/pico/pico-sdk/src/rp2_common/hardware_timer/timer.c.obj
                0x0000000010001284                hardware_alarm_set_target
 .text.hardware_alarm_cancel
                0x000000001000136c       0x40 CMakeFiles/Serial-IR-Blaster.dir/home/matthew/pico/pico-sdk/src/rp2_common/hardware_timer/timer.c.obj
                0x000000001000136c                hardware_alarm_cancel
 .text.ph_add_child_node
                0x00000000100013ac       0xa4 CMakeFiles/Serial-IR-Blaster.dir/home/matthew/pico/pico-sdk/src/common/pico_util/pheap.c.obj
 .text.ph_merge_nodes
                0x0000000010001450       0x3e CMakeFiles/Serial-IR-Blaster.dir/home/matthew/pico/pico-sdk/src/common/pico_util/pheap.c.obj
 *fill*         0x000000001000148e        0x2 
 .text.ph_clear
                0x0000000010001490       0x70 CMakeFiles/Serial-IR-Blaster.dir/home/matthew/pico/pico-sdk/src/common/pico_util/pheap.c.obj
                0x0000000010001490                ph_clear
 .text.ph_post_alloc_init
                0x0000000010001500        0xe CMakeFiles/Serial-IR-Blaster.dir/home/matthew/pico/pico-sdk/src/common/pico_util/pheap.c.obj
                0x0000000010001500                ph_post_alloc_init
 *fill*         0x000000001000150e        0x2 
 .text.ph_merge_two_pass
                0x0000000010001510       0xa8 CMakeFiles/Serial-IR-Blaster.dir/home/matthew/pico/pico-sdk/src/common/pico_util/pheap.c.obj
                0x0000000010001510                ph_merge_two_pass
 .text.ph_remove_any_head
                0x00000000100015b8      0x108 CMakeFiles/Serial-IR-Blaster.dir/home/matthew/pico/pico-sdk/src/common/pico_util/pheap.c.obj
 .text.ph_remove_head
                0x00000000100016c0       0x14 CMakeFiles/Serial-IR-Blaster.dir/home/matthew/pico/pico-sdk/src/common/pico_util/pheap.c.obj
                0x00000000100016c0                ph_remove_head
 .text.ph_remove_and_free_node
                0x00000000100016d4       0xf8 CMakeFiles/Serial-IR-Blaster.dir/home/matthew/pico/pico-sdk/src/common/pico_util/pheap.c.obj
                0x00000000100016d4                ph_remove_and_free_node
 .text.mutex_init
                0x00000000100017cc       0x1a CMakeFiles/Serial-IR-Blaster.dir/home/matthew/pico/pico-sdk/src/common/pico_sync/mutex.c.obj
                0x00000000100017cc                mutex_init
 .text.recursive_mutex_init
                0x00000000100017e6       0x1e CMakeFiles/Serial-IR-Blaster.dir/home/matthew/pico/pico-sdk/src/common/pico_sync/mutex.c.obj
                0x00000000100017e6                recursive_mutex_init
 .text.uart_set_baudrate
                0x0000000010001804       0x5c CMakeFiles/Serial-IR-Blaster.dir/home/matthew/pico/pico-sdk/src/rp2_common/hardware_uart/uart.c.obj
                0x0000000010001804                uart_set_baudrate
 .text.uart_set_translate_crlf
                0x0000000010001860       0x28 CMakeFiles/Serial-IR-Blaster.dir/home/matthew/pico/pico-sdk/src/rp2_common/hardware_uart/uart.c.obj
                0x0000000010001860                uart_set_translate_crlf
 .text.uart_init
                0x0000000010001888       0x80 CMakeFiles/Serial-IR-Blaster.dir/home/matthew/pico/pico-sdk/src/rp2_common/hardware_uart/uart.c.obj
                0x0000000010001888                uart_init
 .text._exit    0x0000000010001908        0x4 CMakeFiles/Serial-IR-Blaster.dir/home/matthew/pico/pico-sdk/src/rp2_common/pico_runtime/runtime.c.obj
                0x0000000010001908                _exit
 .text.exit     0x000000001000190c        0x6 CMakeFiles/Serial-IR-Blaster.dir/home/matthew/pico/pico-sdk/src/rp2_common/pico_runtime/runtime.c.obj
                0x000000001000190c                exit
 *fill*         0x0000000010001912        0x2 
 .text.__assert_func
                0x0000000010001914       0x3c CMakeFiles/Serial-IR-Blaster.dir/home/matthew/pico/pico-sdk/src/rp2_common/pico_runtime/runtime.c.obj
                0x0000000010001914                __assert_func
 .text.runtime_init
                0x0000000010001950       0xf8 CMakeFiles/Serial-IR-Blaster.dir/home/matthew/pico/pico-sdk/src/rp2_common/pico_runtime/runtime.c.obj
                0x0000000010001950                runtime_init
 .text.panic    0x0000000010001a48       0x30 CMakeFiles/Serial-IR-Blaster.dir/home/matthew/pico/pico-sdk/src/rp2_common/pico_runtime/runtime.c.obj
                0x0000000010001a48                panic
 .text.clock_configure
                0x0000000010001a78      0x104 CMakeFiles/Serial-IR-Blaster.dir/home/matthew/pico/pico-sdk/src/rp2_common/hardware_clocks/clocks.c.obj
                0x0000000010001a78                clock_configure
 .text.clocks_init
                0x0000000010001b7c      0x100 CMakeFiles/Serial-IR-Blaster.dir/home/matthew/pico/pico-sdk/src/rp2_common/hardware_clocks/clocks.c.obj
                0x0000000010001b7c                clocks_init
 .text.clock_get_hz
                0x0000000010001c7c        0xc CMakeFiles/Serial-IR-Blaster.dir/home/matthew/pico/pico-sdk/src/rp2_common/hardware_clocks/clocks.c.obj
                0x0000000010001c7c                clock_get_hz
 .text.pll_init
                0x0000000010001c88      0x140 CMakeFiles/Serial-IR-Blaster.dir/home/matthew/pico/pico-sdk/src/rp2_common/hardware_pll/pll.c.obj
                0x0000000010001c88                pll_init
 .text.watchdog_start_tick
                0x0000000010001dc8       0x10 CMakeFiles/Serial-IR-Blaster.dir/home/matthew/pico/pico-sdk/src/rp2_common/hardware_watchdog/watchdog.c.obj
                0x0000000010001dc8                watchdog_start_tick
 .text.xosc_init
                0x0000000010001dd8       0x28 CMakeFiles/Serial-IR-Blaster.dir/home/matthew/pico/pico-sdk/src/rp2_common/hardware_xosc/xosc.c.obj
                0x0000000010001dd8                xosc_init
 .text._out_null
                0x0000000010001e00        0x2 CMakeFiles/Serial-IR-Blaster.dir/home/matthew/pico/pico-sdk/src/rp2_common/pico_printf/printf.c.obj
 .text._out_fct
                0x0000000010001e02        0xe CMakeFiles/Serial-IR-Blaster.dir/home/matthew/pico/pico-sdk/src/rp2_common/pico_printf/printf.c.obj
 .text._atoi    0x0000000010001e10       0x24 CMakeFiles/Serial-IR-Blaster.dir/home/matthew/pico/pico-sdk/src/rp2_common/pico_printf/printf.c.obj
 .text._out_rev
                0x0000000010001e34       0xae CMakeFiles/Serial-IR-Blaster.dir/home/matthew/pico/pico-sdk/src/rp2_common/pico_printf/printf.c.obj
 .text._ntoa_format
                0x0000000010001ee2      0x112 CMakeFiles/Serial-IR-Blaster.dir/home/matthew/pico/pico-sdk/src/rp2_common/pico_printf/printf.c.obj
 .text._ntoa_long
                0x0000000010001ff4       0xbc CMakeFiles/Serial-IR-Blaster.dir/home/matthew/pico/pico-sdk/src/rp2_common/pico_printf/printf.c.obj
 .text._ntoa_long_long
                0x00000000100020b0       0xe2 CMakeFiles/Serial-IR-Blaster.dir/home/matthew/pico/pico-sdk/src/rp2_common/pico_printf/printf.c.obj
 *fill*         0x0000000010002192        0x2 
 .text._etoa    0x0000000010002194      0x414 CMakeFiles/Serial-IR-Blaster.dir/home/matthew/pico/pico-sdk/src/rp2_common/pico_printf/printf.c.obj
 .text._ftoa    0x00000000100025a8      0x354 CMakeFiles/Serial-IR-Blaster.dir/home/matthew/pico/pico-sdk/src/rp2_common/pico_printf/printf.c.obj
 .text._vsnprintf
                0x00000000100028fc      0x624 CMakeFiles/Serial-IR-Blaster.dir/home/matthew/pico/pico-sdk/src/rp2_common/pico_printf/printf.c.obj
 .text.vfctprintf
                0x0000000010002f20       0x20 CMakeFiles/Serial-IR-Blaster.dir/home/matthew/pico/pico-sdk/src/rp2_common/pico_printf/printf.c.obj
                0x0000000010002f20                vfctprintf
 .text          0x0000000010002f40       0x10 CMakeFiles/Serial-IR-Blaster.dir/home/matthew/pico/pico-sdk/src/rp2_common/pico_bit_ops/bit_ops_aeabi.S.obj
 .text.rom_func_lookup
                0x0000000010002f50       0x10 CMakeFiles/Serial-IR-Blaster.dir/home/matthew/pico/pico-sdk/src/rp2_common/pico_bootrom/bootrom.c.obj
                0x0000000010002f50                rom_func_lookup
 .text.rom_data_lookup
                0x0000000010002f60       0x10 CMakeFiles/Serial-IR-Blaster.dir/home/matthew/pico/pico-sdk/src/rp2_common/pico_bootrom/bootrom.c.obj
                0x0000000010002f60                rom_data_lookup
 .text.rom_funcs_lookup
                0x0000000010002f70       0x36 CMakeFiles/Serial-IR-Blaster.dir/home/matthew/pico/pico-sdk/src/rp2_common/pico_bootrom/bootrom.c.obj
                0x0000000010002f70                rom_funcs_lookup
 *fill*         0x0000000010002fa6        0x2 
 .text.__wrap___aeabi_idiv
                0x0000000010002fa8       0x50 CMakeFiles/Serial-IR-Blaster.dir/home/matthew/pico/pico-sdk/src/rp2_common/pico_divider/divider.S.obj
                0x0000000010002fa8                __wrap___aeabi_idivmod
                0x0000000010002fa8                divmod_s32s32
                0x0000000010002fa8                div_s32s32
                0x0000000010002fa8                __wrap___aeabi_idiv
                0x0000000010002fb0                divmod_s32s32_unsafe
                0x0000000010002fdc                divmod_s32s32_savestate
 .text.__wrap___aeabi_uidiv
                0x0000000010002ff8       0x4c CMakeFiles/Serial-IR-Blaster.dir/home/matthew/pico/pico-sdk/src/rp2_common/pico_divider/divider.S.obj
                0x0000000010002ff8                __wrap___aeabi_uidiv
                0x0000000010002ff8                __wrap___aeabi_uidivmod
                0x0000000010002ff8                div_u32u32
                0x0000000010002ff8                divmod_u32u32
                0x0000000010003000                divmod_u32u32_unsafe
                0x0000000010003028                divmod_u32u32_savestate
 .text.__wrap___aeabi_ldiv
                0x0000000010003044      0x434 CMakeFiles/Serial-IR-Blaster.dir/home/matthew/pico/pico-sdk/src/rp2_common/pico_divider/divider.S.obj
                0x0000000010003044                div_s64s64
                0x0000000010003044                divmod_s64s64
                0x0000000010003044                __wrap___aeabi_ldivmod
                0x000000001000307c                div_u64u64
                0x000000001000307c                divmod_u64u64
                0x000000001000307c                __wrap___aeabi_uldivmod
                0x000000001000308c                divmod_u64u64_savestate
                0x00000000100030b4                divmod_s64s64_unsafe
                0x000000001000313c                divmod_u64u64_unsafe
 .text.__wrap___aeabi_darithmetic
                0x0000000010003478       0x80 CMakeFiles/Serial-IR-Blaster.dir/home/matthew/pico/pico-sdk/src/rp2_common/pico_double/double_aeabi.S.obj
                0x0000000010003478                __wrap___aeabi_drsub
                0x000000001000347e                __wrap___aeabi_dsub
                0x0000000010003490                __wrap___aeabi_dadd
                0x00000000100034a2                __wrap___aeabi_ddiv
                0x00000000100034de                __wrap___aeabi_dmul
 .text.__wrap___aeabi_cdcmple
                0x00000000100034f8       0x6c CMakeFiles/Serial-IR-Blaster.dir/home/matthew/pico/pico-sdk/src/rp2_common/pico_double/double_aeabi.S.obj
                0x00000000100034f8                __wrap___aeabi_cdrcmple
                0x0000000010003508                __wrap___aeabi_cdcmple
                0x0000000010003508                __wrap___aeabi_cdcmpeq
 .text.__wrap___aeabi_dcmplt
                0x0000000010003564        0xc CMakeFiles/Serial-IR-Blaster.dir/home/matthew/pico/pico-sdk/src/rp2_common/pico_double/double_aeabi.S.obj
                0x0000000010003564                __wrap___aeabi_dcmplt
 .text.__wrap___aeabi_dcmple
                0x0000000010003570       0x10 CMakeFiles/Serial-IR-Blaster.dir/home/matthew/pico/pico-sdk/src/rp2_common/pico_double/double_aeabi.S.obj
                0x0000000010003570                __wrap___aeabi_dcmple
 .text.__wrap___aeabi_dcmpge
                0x0000000010003580       0x10 CMakeFiles/Serial-IR-Blaster.dir/home/matthew/pico/pico-sdk/src/rp2_common/pico_double/double_aeabi.S.obj
                0x0000000010003580                __wrap___aeabi_dcmpge
 .text.__wrap___aeabi_dcmpgt
                0x0000000010003590        0xa CMakeFiles/Serial-IR-Blaster.dir/home/matthew/pico/pico-sdk/src/rp2_common/pico_double/double_aeabi.S.obj
                0x0000000010003590                __wrap___aeabi_dcmpgt
 .text.__wrap___aeabi_dcmpun
                0x000000001000359a       0x1c CMakeFiles/Serial-IR-Blaster.dir/home/matthew/pico/pico-sdk/src/rp2_common/pico_double/double_aeabi.S.obj
                0x000000001000359a                __wrap___aeabi_dcmpun
 *fill*         0x00000000100035b6        0x2 
 .text.__wrap___aeabi_i2d
                0x00000000100035b8       0x38 CMakeFiles/Serial-IR-Blaster.dir/home/matthew/pico/pico-sdk/src/rp2_common/pico_double/double_aeabi.S.obj
                0x00000000100035b8                __wrap___aeabi_ui2d
                0x00000000100035c0                __wrap___aeabi_i2d
 .text.__wrap___aeabi_d2iz
                0x00000000100035f0       0x48 CMakeFiles/Serial-IR-Blaster.dir/home/matthew/pico/pico-sdk/src/rp2_common/pico_double/double_aeabi.S.obj
                0x00000000100035f0                __wrap___aeabi_d2iz
                0x00000000100035f0                double2int_z
 .text.__wrap___aeabi_d2uiz
                0x0000000010003638       0x18 CMakeFiles/Serial-IR-Blaster.dir/home/matthew/pico/pico-sdk/src/rp2_common/pico_double/double_aeabi.S.obj
                0x0000000010003638                double2uint
                0x0000000010003638                __wrap___aeabi_d2uiz
 .text.__aeabi_double_init
                0x0000000010003650       0xc8 CMakeFiles/Serial-IR-Blaster.dir/home/matthew/pico/pico-sdk/src/rp2_common/pico_double/double_init_rom.c.obj
                0x0000000010003650                __aeabi_double_init
 .text.double_table_shim_on_use_helper
                0x0000000010003718       0x34 CMakeFiles/Serial-IR-Blaster.dir/home/matthew/pico/pico-sdk/src/rp2_common/pico_double/double_v1_rom_shim.S.obj
                0x0000000010003718                double_table_shim_on_use_helper
 .text.__wrap___aeabi_dsub
                0x000000001000374c       0x10 CMakeFiles/Serial-IR-Blaster.dir/home/matthew/pico/pico-sdk/src/rp2_common/pico_double/double_v1_rom_shim.S.obj
                0x000000001000374c                drsub_shim
                0x0000000010003752                dsub_shim
 .text.dadd_shim
                0x000000001000375c      0x15c CMakeFiles/Serial-IR-Blaster.dir/home/matthew/pico/pico-sdk/src/rp2_common/pico_double/double_v1_rom_shim.S.obj
                0x000000001000375c                dadd_shim
 .text.dmul_shim
                0x00000000100038b8      0x15c CMakeFiles/Serial-IR-Blaster.dir/home/matthew/pico/pico-sdk/src/rp2_common/pico_double/double_v1_rom_shim.S.obj
                0x00000000100038b8                dmul_shim
 .text.ddiv_shim
                0x0000000010003a14      0x1b0 CMakeFiles/Serial-IR-Blaster.dir/home/matthew/pico/pico-sdk/src/rp2_common/pico_double/double_v1_rom_shim.S.obj
                0x0000000010003a14                ddiv_shim
 .text.double2uint_shim
                0x0000000010003bc4        0xe CMakeFiles/Serial-IR-Blaster.dir/home/matthew/pico/pico-sdk/src/rp2_common/pico_double/double_v1_rom_shim.S.obj
                0x0000000010003bc4                double2uint_shim
                0x0000000010003bc6                double2ufix_shim
 *fill*         0x0000000010003bd2        0x2 
 .text.double2uint64_shim
                0x0000000010003bd4       0x70 CMakeFiles/Serial-IR-Blaster.dir/home/matthew/pico/pico-sdk/src/rp2_common/pico_double/double_v1_rom_shim.S.obj
                0x0000000010003bd4                double2uint64_shim
                0x0000000010003bd6                double2ufix64_shim
                0x0000000010003bf6                d2fix_a
 .text.dunpacks
                0x0000000010003c44       0x3c CMakeFiles/Serial-IR-Blaster.dir/home/matthew/pico/pico-sdk/src/rp2_common/pico_double/double_v1_rom_shim.S.obj
                0x0000000010003c44                dunpacks
 .text.__aeabi_lmul
                0x0000000010003c80       0x32 CMakeFiles/Serial-IR-Blaster.dir/home/matthew/pico/pico-sdk/src/rp2_common/pico_int64_ops/pico_int64_ops_aeabi.S.obj
                0x0000000010003c80                __wrap___aeabi_lmul
 *fill*         0x0000000010003cb2        0x2 
 .text.__aeabi_float_init
                0x0000000010003cb4       0xfc CMakeFiles/Serial-IR-Blaster.dir/home/matthew/pico/pico-sdk/src/rp2_common/pico_float/float_init_rom.c.obj
                0x0000000010003cb4                __aeabi_float_init
 .text.float_table_shim_on_use_helper
                0x0000000010003db0       0x34 CMakeFiles/Serial-IR-Blaster.dir/home/matthew/pico/pico-sdk/src/rp2_common/pico_float/float_v1_rom_shim.S.obj
                0x0000000010003db0                float_table_shim_on_use_helper
 .text          0x0000000010003de4       0x10 CMakeFiles/Serial-IR-Blaster.dir/home/matthew/pico/pico-sdk/src/rp2_common/pico_mem_ops/mem_ops_aeabi.S.obj
                0x0000000010003de4                __aeabi_mem_init
 .text.memset   0x0000000010003df4        0xc CMakeFiles/Serial-IR-Blaster.dir/home/matthew/pico/pico-sdk/src/rp2_common/pico_mem_ops/mem_ops_aeabi.S.obj
                0x0000000010003df4                __wrap_memset
 .text.memcpy   0x0000000010003e00        0xc CMakeFiles/Serial-IR-Blaster.dir/home/matthew/pico/pico-sdk/src/rp2_common/pico_mem_ops/mem_ops_aeabi.S.obj
                0x0000000010003e00                __wrap___aeabi_memcpy
                0x0000000010003e00                __wrap_memcpy
 .text.stdio_out_chars_no_crlf
                0x0000000010003e0c        0xe CMakeFiles/Serial-IR-Blaster.dir/home/matthew/pico/pico-sdk/src/rp2_common/pico_stdio/stdio.c.obj
 *fill*         0x0000000010003e1a        0x2 
 .text.stdio_out_chars_crlf
                0x0000000010003e1c       0x80 CMakeFiles/Serial-IR-Blaster.dir/home/matthew/pico/pico-sdk/src/rp2_common/pico_stdio/stdio.c.obj
 .text.stdio_stack_buffer_flush
                0x0000000010003e9c       0x44 CMakeFiles/Serial-IR-Blaster.dir/home/matthew/pico/pico-sdk/src/rp2_common/pico_stdio/stdio.c.obj
 .text.stdio_buffered_printer
                0x0000000010003ee0       0x20 CMakeFiles/Serial-IR-Blaster.dir/home/matthew/pico/pico-sdk/src/rp2_common/pico_stdio/stdio.c.obj
 .text.stdout_serialize_begin
                0x0000000010003f00       0x30 CMakeFiles/Serial-IR-Blaster.dir/home/matthew/pico/pico-sdk/src/rp2_common/pico_stdio/stdio.c.obj
                0x0000000010003f00                stdout_serialize_begin
 .text.stdout_serialize_end
                0x0000000010003f30       0x10 CMakeFiles/Serial-IR-Blaster.dir/home/matthew/pico/pico-sdk/src/rp2_common/pico_stdio/stdio.c.obj
                0x0000000010003f30                stdout_serialize_end
 .text.stdio_put_string
                0x0000000010003f40       0x98 CMakeFiles/Serial-IR-Blaster.dir/home/matthew/pico/pico-sdk/src/rp2_common/pico_stdio/stdio.c.obj
 .text.stdio_set_driver_enabled
                0x0000000010003fd8       0x2c CMakeFiles/Serial-IR-Blaster.dir/home/matthew/pico/pico-sdk/src/rp2_common/pico_stdio/stdio.c.obj
                0x0000000010003fd8                stdio_set_driver_enabled
 .text.stdio_flush
                0x0000000010004004       0x20 CMakeFiles/Serial-IR-Blaster.dir/home/matthew/pico/pico-sdk/src/rp2_common/pico_stdio/stdio.c.obj
                0x0000000010004004                stdio_flush
 .text.__wrap_puts
                0x0000000010004024       0x1e CMakeFiles/Serial-IR-Blaster.dir/home/matthew/pico/pico-sdk/src/rp2_common/pico_stdio/stdio.c.obj
                0x0000000010004024                __wrap_puts
 *fill*         0x0000000010004042        0x2 
 .text.__wrap_vprintf
                0x0000000010004044       0x44 CMakeFiles/Serial-IR-Blaster.dir/home/matthew/pico/pico-sdk/src/rp2_common/pico_stdio/stdio.c.obj
                0x0000000010004044                __wrap_vprintf
 .text.__wrap_printf
                0x0000000010004088       0x18 CMakeFiles/Serial-IR-Blaster.dir/home/matthew/pico/pico-sdk/src/rp2_common/pico_stdio/stdio.c.obj
                0x0000000010004088                __wrap_printf
 .text.stdio_init_all
                0x00000000100040a0        0x8 CMakeFiles/Serial-IR-Blaster.dir/home/matthew/pico/pico-sdk/src/rp2_common/pico_stdio/stdio.c.obj
                0x00000000100040a0                stdio_init_all
 .text.stdio_uart_out_chars
                0x00000000100040a8       0x74 CMakeFiles/Serial-IR-Blaster.dir/home/matthew/pico/pico-sdk/src/rp2_common/pico_stdio_uart/stdio_uart.c.obj
 .text.stdio_uart_in_chars
                0x000000001000411c       0x58 CMakeFiles/Serial-IR-Blaster.dir/home/matthew/pico/pico-sdk/src/rp2_common/pico_stdio_uart/stdio_uart.c.obj
                0x000000001000411c                stdio_uart_in_chars
 .text.stdio_uart_init_full
                0x0000000010004174       0x3c CMakeFiles/Serial-IR-Blaster.dir/home/matthew/pico/pico-sdk/src/rp2_common/pico_stdio_uart/stdio_uart.c.obj
                0x0000000010004174                stdio_uart_init_full
 .text.stdio_uart_init
                0x00000000100041b0       0x28 CMakeFiles/Serial-IR-Blaster.dir/home/matthew/pico/pico-sdk/src/rp2_common/pico_stdio_uart/stdio_uart.c.obj
                0x00000000100041b0                stdio_uart_init
 .text._pio_can_add_program_at_offset
                0x00000000100041d8       0x3c CMakeFiles/Serial-IR-Blaster.dir/home/matthew/pico/pico-sdk/src/rp2_common/hardware_pio/pio.c.obj
 .text._pio_find_offset_for_program
                0x0000000010004214       0x7c CMakeFiles/Serial-IR-Blaster.dir/home/matthew/pico/pico-sdk/src/rp2_common/hardware_pio/pio.c.obj
 .text._pio_add_program_at_offset
                0x0000000010004290       0x78 CMakeFiles/Serial-IR-Blaster.dir/home/matthew/pico/pico-sdk/src/rp2_common/hardware_pio/pio.c.obj
 .text.pio_claim_unused_sm
                0x0000000010004308       0x3c CMakeFiles/Serial-IR-Blaster.dir/home/matthew/pico/pico-sdk/src/rp2_common/hardware_pio/pio.c.obj
                0x0000000010004308                pio_claim_unused_sm
 .text.pio_add_program
                0x0000000010004344       0x38 CMakeFiles/Serial-IR-Blaster.dir/home/matthew/pico/pico-sdk/src/rp2_common/hardware_pio/pio.c.obj
                0x0000000010004344                pio_add_program
 .text.pio_sm_set_consecutive_pindirs
                0x000000001000437c       0x70 CMakeFiles/Serial-IR-Blaster.dir/home/matthew/pico/pico-sdk/src/rp2_common/hardware_pio/pio.c.obj
                0x000000001000437c                pio_sm_set_consecutive_pindirs
 .text.pio_sm_init
                0x00000000100043ec       0xe4 CMakeFiles/Serial-IR-Blaster.dir/home/matthew/pico/pico-sdk/src/rp2_common/hardware_pio/pio.c.obj
                0x00000000100043ec                pio_sm_init
 .text          0x00000000100044d0       0x5c /usr/lib/gcc/arm-none-eabi/10.3.1/../../../arm-none-eabi/lib/thumb/v6-m/nofp/libg.a(lib_a-strlen-stub.o)
                0x00000000100044d0                strlen
 *(.fini)
 .fini          0x000000001000452c        0x4 /usr/lib/gcc/arm-none-eabi/10.3.1/thumb/v6-m/nofp/crti.o
                0x000000001000452c                _fini
 .fini.__stub   0x0000000010004530       0x50 linker stubs
 *crtbegin.o(.ctors)
 *crtbegin?.o(.ctors)
 *(EXCLUDE_FILE(*crtend.o *crtend?.o) .ctors)
 *(SORT_BY_NAME(.ctors.*))
 *(.ctors)
 *crtbegin.o(.dtors)
 *crtbegin?.o(.dtors)
 *(EXCLUDE_FILE(*crtend.o *crtend?.o) .dtors)
 *(SORT_BY_NAME(.dtors.*))
 *(.dtors)
 *(.eh_frame*)
 .eh_frame      0x0000000010004580        0x0 /usr/lib/gcc/arm-none-eabi/10.3.1/thumb/v6-m/nofp/crtbegin.o
                0x0000000010004580                . = ALIGN (0x4)

.glue_7         0x0000000010004580        0x0
 .glue_7        0x0000000010004580        0x0 linker stubs

.glue_7t        0x0000000010004580        0x0
 .glue_7t       0x0000000010004580        0x0 linker stubs

.vfp11_veneer   0x0000000010004580        0x0
 .vfp11_veneer  0x0000000010004580        0x0 linker stubs

.v4_bx          0x0000000010004580        0x0
 .v4_bx         0x0000000010004580        0x0 linker stubs

.iplt           0x0000000010004580        0x0
 .iplt          0x0000000010004580        0x0 /usr/lib/gcc/arm-none-eabi/10.3.1/thumb/v6-m/nofp/crtbegin.o

.rodata         0x0000000010004580      0xf6c
 *(EXCLUDE_FILE(*libm.a: *libc.a:*lib_a-mem*.o *libgcc.a:) .rodata*)
 .rodata.main.str1.4
                0x0000000010004580        0xc CMakeFiles/Serial-IR-Blaster.dir/main.c.obj
 .rodata.nec_carrier_program
                0x000000001000458c        0x6 CMakeFiles/Serial-IR-Blaster.dir/main.c.obj
 *fill*         0x0000000010004592        0x2 
 .rodata.nec_carrier_program_instructions
                0x0000000010004594        0xa CMakeFiles/Serial-IR-Blaster.dir/main.c.obj
 *fill*         0x000000001000459e        0x2 
 .rodata.nec_control_program
                0x00000000100045a0        0x6 CMakeFiles/Serial-IR-Blaster.dir/main.c.obj
 *fill*         0x00000000100045a6        0x2 
 .rodata.nec_control_program_instructions
                0x00000000100045a8       0x16 CMakeFiles/Serial-IR-Blaster.dir/main.c.obj
 *fill*         0x00000000100045be        0x2 
 .rodata.make_branch.str1.4
                0x00000000100045c0       0x6e CMakeFiles/Serial-IR-Blaster.dir/home/matthew/pico/pico-sdk/src/rp2_common/hardware_irq/irq.c.obj
 *fill*         0x000000001000462e        0x2 
 .rodata.insert_branch_and_link.str1.4
                0x0000000010004630       0x10 CMakeFiles/Serial-IR-Blaster.dir/home/matthew/pico/pico-sdk/src/rp2_common/hardware_irq/irq.c.obj
 .rodata.irq_set_exclusive_handler.str1.4
                0x0000000010004640       0x36 CMakeFiles/Serial-IR-Blaster.dir/home/matthew/pico/pico-sdk/src/rp2_common/hardware_irq/irq.c.obj
 *fill*         0x0000000010004676        0x2 
 .rodata.irq_add_shared_handler.str1.4
                0x0000000010004678       0xd9 CMakeFiles/Serial-IR-Blaster.dir/home/matthew/pico/pico-sdk/src/rp2_common/hardware_irq/irq.c.obj
 *fill*         0x0000000010004751        0x3 
 .rodata.irq_remove_handler.str1.4
                0x0000000010004754       0x2a CMakeFiles/Serial-IR-Blaster.dir/home/matthew/pico/pico-sdk/src/rp2_common/hardware_irq/irq.c.obj
 *fill*         0x000000001000477e        0x2 
 .rodata.irq_add_tail_to_free_list.str1.4
                0x0000000010004780       0x3a CMakeFiles/Serial-IR-Blaster.dir/home/matthew/pico/pico-sdk/src/rp2_common/hardware_irq/irq.c.obj
 *fill*         0x00000000100047ba        0x2 
 .rodata.__func__.0
                0x00000000100047bc       0x1a CMakeFiles/Serial-IR-Blaster.dir/home/matthew/pico/pico-sdk/src/rp2_common/hardware_irq/irq.c.obj
 *fill*         0x00000000100047d6        0x2 
 .rodata.__func__.1
                0x00000000100047d8       0x17 CMakeFiles/Serial-IR-Blaster.dir/home/matthew/pico/pico-sdk/src/rp2_common/hardware_irq/irq.c.obj
 *fill*         0x00000000100047ef        0x1 
 .rodata.__func__.2
                0x00000000100047f0       0x13 CMakeFiles/Serial-IR-Blaster.dir/home/matthew/pico/pico-sdk/src/rp2_common/hardware_irq/irq.c.obj
 *fill*         0x0000000010004803        0x1 
 .rodata.__func__.3
                0x0000000010004804        0xc CMakeFiles/Serial-IR-Blaster.dir/home/matthew/pico/pico-sdk/src/rp2_common/hardware_irq/irq.c.obj
 .rodata.__func__.4
                0x0000000010004810        0xf CMakeFiles/Serial-IR-Blaster.dir/home/matthew/pico/pico-sdk/src/rp2_common/hardware_irq/irq.c.obj
 *fill*         0x000000001000481f        0x1 
 .rodata.__func__.6
                0x0000000010004820       0x1a CMakeFiles/Serial-IR-Blaster.dir/home/matthew/pico/pico-sdk/src/rp2_common/hardware_irq/irq.c.obj
 *fill*         0x000000001000483a        0x2 
 .rodata.repeating_timer_callback.str1.4
                0x000000001000483c       0x4c CMakeFiles/Serial-IR-Blaster.dir/home/matthew/pico/pico-sdk/src/common/pico_time/time.c.obj
 .rodata.alarm_pool_dump_key.str1.4
                0x0000000010004888       0x33 CMakeFiles/Serial-IR-Blaster.dir/home/matthew/pico/pico-sdk/src/common/pico_time/time.c.obj
 *fill*         0x00000000100048bb        0x1 
 .rodata.ph_add_child_node.str1.4
                0x00000000100048bc       0x96 CMakeFiles/Serial-IR-Blaster.dir/home/matthew/pico/pico-sdk/src/common/pico_time/time.c.obj
 *fill*         0x0000000010004952        0x2 
 .rodata.add_alarm_under_lock.str1.4
                0x0000000010004954       0x28 CMakeFiles/Serial-IR-Blaster.dir/home/matthew/pico/pico-sdk/src/common/pico_time/time.c.obj
                                         0x2b (size before relaxing)
 .rodata.alarm_pool_alarm_callback.str1.4
                0x000000001000497c       0xe6 CMakeFiles/Serial-IR-Blaster.dir/home/matthew/pico/pico-sdk/src/common/pico_time/time.c.obj
 *fill*         0x0000000010004a62        0x2 
 .rodata.__func__.10
                0x0000000010004a64       0x15 CMakeFiles/Serial-IR-Blaster.dir/home/matthew/pico/pico-sdk/src/common/pico_time/time.c.obj
 *fill*         0x0000000010004a79        0x3 
 .rodata.__func__.11
                0x0000000010004a7c       0x1a CMakeFiles/Serial-IR-Blaster.dir/home/matthew/pico/pico-sdk/src/common/pico_time/time.c.obj
 *fill*         0x0000000010004a96        0x2 
 .rodata.__func__.12
                0x0000000010004a98        0xa CMakeFiles/Serial-IR-Blaster.dir/home/matthew/pico/pico-sdk/src/common/pico_time/time.c.obj
 *fill*         0x0000000010004aa2        0x2 
 .rodata.__func__.4
                0x0000000010004aa4       0x12 CMakeFiles/Serial-IR-Blaster.dir/home/matthew/pico/pico-sdk/src/common/pico_time/time.c.obj
 *fill*         0x0000000010004ab6        0x2 
 .rodata.__func__.5
                0x0000000010004ab8        0xd CMakeFiles/Serial-IR-Blaster.dir/home/matthew/pico/pico-sdk/src/common/pico_time/time.c.obj
 *fill*         0x0000000010004ac5        0x3 
 .rodata.__func__.6
                0x0000000010004ac8       0x12 CMakeFiles/Serial-IR-Blaster.dir/home/matthew/pico/pico-sdk/src/common/pico_time/time.c.obj
 *fill*         0x0000000010004ada        0x2 
 .rodata.__func__.7
                0x0000000010004adc        0xf CMakeFiles/Serial-IR-Blaster.dir/home/matthew/pico/pico-sdk/src/common/pico_time/time.c.obj
 *fill*         0x0000000010004aeb        0x1 
 .rodata.__func__.8
                0x0000000010004aec        0xc CMakeFiles/Serial-IR-Blaster.dir/home/matthew/pico/pico-sdk/src/common/pico_time/time.c.obj
 .rodata.__func__.9
                0x0000000010004af8       0x15 CMakeFiles/Serial-IR-Blaster.dir/home/matthew/pico/pico-sdk/src/common/pico_time/time.c.obj
 *fill*         0x0000000010004b0d        0x3 
 .rodata.hardware_alarm_claim.str1.4
                0x0000000010004b10       0x22 CMakeFiles/Serial-IR-Blaster.dir/home/matthew/pico/pico-sdk/src/rp2_common/hardware_timer/timer.c.obj
 .rodata.busy_wait_us.str1.4
                0x0000000010004b32       0x62 CMakeFiles/Serial-IR-Blaster.dir/home/matthew/pico/pico-sdk/src/rp2_common/hardware_timer/timer.c.obj
 *fill*         0x0000000010004b32        0x2 
 .rodata.hardware_alarm_set_target.str1.4
                0x0000000010004b34       0x66 CMakeFiles/Serial-IR-Blaster.dir/home/matthew/pico/pico-sdk/src/rp2_common/hardware_timer/timer.c.obj
 *fill*         0x0000000010004b9a        0x2 
 .rodata.__func__.0
                0x0000000010004b9c       0x1a CMakeFiles/Serial-IR-Blaster.dir/home/matthew/pico/pico-sdk/src/rp2_common/hardware_timer/timer.c.obj
 *fill*         0x0000000010004bb6        0x2 
 .rodata.__func__.1
                0x0000000010004bb8       0x15 CMakeFiles/Serial-IR-Blaster.dir/home/matthew/pico/pico-sdk/src/rp2_common/hardware_timer/timer.c.obj
 .rodata.ph_add_child_node.str1.4
                0x0000000010004bcd       0x96 CMakeFiles/Serial-IR-Blaster.dir/home/matthew/pico/pico-sdk/src/common/pico_util/pheap.c.obj
 *fill*         0x0000000010004bcd        0x3 
 .rodata.ph_remove_any_head.str1.4
                0x0000000010004bd0       0x90 CMakeFiles/Serial-IR-Blaster.dir/home/matthew/pico/pico-sdk/src/common/pico_util/pheap.c.obj
 .rodata.ph_remove_and_free_node.str1.4
                0x0000000010004c60       0x1e CMakeFiles/Serial-IR-Blaster.dir/home/matthew/pico/pico-sdk/src/common/pico_util/pheap.c.obj
                                         0x26 (size before relaxing)
 *fill*         0x0000000010004c7e        0x2 
 .rodata.__func__.0
                0x0000000010004c80       0x18 CMakeFiles/Serial-IR-Blaster.dir/home/matthew/pico/pico-sdk/src/common/pico_util/pheap.c.obj
 .rodata.__func__.1
                0x0000000010004c98       0x13 CMakeFiles/Serial-IR-Blaster.dir/home/matthew/pico/pico-sdk/src/common/pico_util/pheap.c.obj
 *fill*         0x0000000010004cab        0x1 
 .rodata.__func__.2
                0x0000000010004cac       0x12 CMakeFiles/Serial-IR-Blaster.dir/home/matthew/pico/pico-sdk/src/common/pico_util/pheap.c.obj
 *fill*         0x0000000010004cbe        0x2 
 .rodata.__func__.3
                0x0000000010004cc0        0xc CMakeFiles/Serial-IR-Blaster.dir/home/matthew/pico/pico-sdk/src/common/pico_util/pheap.c.obj
 .rodata.str1.4
                0x0000000010004ccc       0x8d CMakeFiles/Serial-IR-Blaster.dir/home/matthew/pico/pico-sdk/src/common/pico_sync/mutex.c.obj
                                         0xf1 (size before relaxing)
 *fill*         0x0000000010004d59        0x3 
 .rodata.__func__.1
                0x0000000010004d5c        0xb CMakeFiles/Serial-IR-Blaster.dir/home/matthew/pico/pico-sdk/src/common/pico_sync/mutex.c.obj
 *fill*         0x0000000010004d67        0x1 
 .rodata.__assert_func.str1.4
                0x0000000010004d68       0x3f CMakeFiles/Serial-IR-Blaster.dir/home/matthew/pico/pico-sdk/src/rp2_common/pico_runtime/runtime.c.obj
                                         0x43 (size before relaxing)
 *fill*         0x0000000010004da7        0x1 
 .rodata.runtime_init.str1.4
                0x0000000010004da8       0x62 CMakeFiles/Serial-IR-Blaster.dir/home/matthew/pico/pico-sdk/src/rp2_common/pico_runtime/runtime.c.obj
 *fill*         0x0000000010004e0a        0x2 
 .rodata.panic.str1.4
                0x0000000010004e0c       0x12 CMakeFiles/Serial-IR-Blaster.dir/home/matthew/pico/pico-sdk/src/rp2_common/pico_runtime/runtime.c.obj
 *fill*         0x0000000010004e1e        0x2 
 .rodata.__func__.1
                0x0000000010004e20        0xd CMakeFiles/Serial-IR-Blaster.dir/home/matthew/pico/pico-sdk/src/rp2_common/pico_runtime/runtime.c.obj
 *fill*         0x0000000010004e2d        0x3 
 .rodata.clock_configure.str1.4
                0x0000000010004e30       0x58 CMakeFiles/Serial-IR-Blaster.dir/home/matthew/pico/pico-sdk/src/rp2_common/hardware_clocks/clocks.c.obj
 .rodata.__func__.1
                0x0000000010004e88       0x10 CMakeFiles/Serial-IR-Blaster.dir/home/matthew/pico/pico-sdk/src/rp2_common/hardware_clocks/clocks.c.obj
 .rodata.pll_init.str1.4
                0x0000000010004e98      0x13b CMakeFiles/Serial-IR-Blaster.dir/home/matthew/pico/pico-sdk/src/rp2_common/hardware_pll/pll.c.obj
 *fill*         0x0000000010004fd3        0x1 
 .rodata.__func__.0
                0x0000000010004fd4        0x9 CMakeFiles/Serial-IR-Blaster.dir/home/matthew/pico/pico-sdk/src/rp2_common/hardware_pll/pll.c.obj
 *fill*         0x0000000010004fdd        0x3 
 .rodata._ftoa.str1.4
                0x0000000010004fe0       0x15 CMakeFiles/Serial-IR-Blaster.dir/home/matthew/pico/pico-sdk/src/rp2_common/pico_printf/printf.c.obj
 *fill*         0x0000000010004ff5        0x3 
 .rodata._vsnprintf
                0x0000000010004ff8      0x1e0 CMakeFiles/Serial-IR-Blaster.dir/home/matthew/pico/pico-sdk/src/rp2_common/pico_printf/printf.c.obj
 .rodata.pow10.0
                0x00000000100051d8       0x50 CMakeFiles/Serial-IR-Blaster.dir/home/matthew/pico/pico-sdk/src/rp2_common/pico_printf/printf.c.obj
 .rodata.__aeabi_double_init.str1.4
                0x0000000010005228       0xa9 CMakeFiles/Serial-IR-Blaster.dir/home/matthew/pico/pico-sdk/src/rp2_common/pico_double/double_init_rom.c.obj
 *fill*         0x00000000100052d1        0x3 
 .rodata.__func__.0
                0x00000000100052d4       0x14 CMakeFiles/Serial-IR-Blaster.dir/home/matthew/pico/pico-sdk/src/rp2_common/pico_double/double_init_rom.c.obj
 .rodata.__aeabi_float_init.str1.4
                0x00000000100052e8       0x7b CMakeFiles/Serial-IR-Blaster.dir/home/matthew/pico/pico-sdk/src/rp2_common/pico_float/float_init_rom.c.obj
                                         0x7f (size before relaxing)
 *fill*         0x0000000010005363        0x1 
 .rodata.__func__.0
                0x0000000010005364       0x13 CMakeFiles/Serial-IR-Blaster.dir/home/matthew/pico/pico-sdk/src/rp2_common/pico_float/float_init_rom.c.obj
 *fill*         0x0000000010005377        0x1 
 .rodata.str1.4
                0x0000000010005378       0x48 CMakeFiles/Serial-IR-Blaster.dir/home/matthew/pico/pico-sdk/src/rp2_common/pico_standard_link/binary_info.c.obj
 .rodata.__bi_44
                0x00000000100053c0        0xc CMakeFiles/Serial-IR-Blaster.dir/home/matthew/pico/pico-sdk/src/rp2_common/pico_standard_link/binary_info.c.obj
 .rodata.__bi_75
                0x00000000100053cc        0xc CMakeFiles/Serial-IR-Blaster.dir/home/matthew/pico/pico-sdk/src/rp2_common/pico_standard_link/binary_info.c.obj
 .rodata.__bi_81
                0x00000000100053d8        0xc CMakeFiles/Serial-IR-Blaster.dir/home/matthew/pico/pico-sdk/src/rp2_common/pico_standard_link/binary_info.c.obj
 .rodata.crlf_str.3
                0x00000000100053e4        0x2 CMakeFiles/Serial-IR-Blaster.dir/home/matthew/pico/pico-sdk/src/rp2_common/pico_stdio/stdio.c.obj
 *fill*         0x00000000100053e6        0x2 
 .rodata.str1.4
                0x00000000100053e8       0x2c CMakeFiles/Serial-IR-Blaster.dir/home/matthew/pico/pico-sdk/src/rp2_common/pico_stdio_uart/stdio_uart.c.obj
 .rodata.__bi_28.4
                0x0000000010005414        0xc CMakeFiles/Serial-IR-Blaster.dir/home/matthew/pico/pico-sdk/src/rp2_common/pico_stdio_uart/stdio_uart.c.obj
 .rodata.__bi_29.5
                0x0000000010005420        0x8 CMakeFiles/Serial-IR-Blaster.dir/home/matthew/pico/pico-sdk/src/rp2_common/pico_stdio_uart/stdio_uart.c.obj
 .rodata._pio_find_offset_for_program.str1.4
                0x0000000010005428       0x6a CMakeFiles/Serial-IR-Blaster.dir/home/matthew/pico/pico-sdk/src/rp2_common/hardware_pio/pio.c.obj
 *fill*         0x0000000010005492        0x2 
 .rodata._pio_add_program_at_offset.str1.4
                0x0000000010005494       0x11 CMakeFiles/Serial-IR-Blaster.dir/home/matthew/pico/pico-sdk/src/rp2_common/hardware_pio/pio.c.obj
 *fill*         0x00000000100054a5        0x3 
 .rodata.pio_claim_unused_sm.str1.4
                0x00000000100054a8       0x24 CMakeFiles/Serial-IR-Blaster.dir/home/matthew/pico/pico-sdk/src/rp2_common/hardware_pio/pio.c.obj
 .rodata.__func__.1
                0x00000000100054cc       0x1d CMakeFiles/Serial-IR-Blaster.dir/home/matthew/pico/pico-sdk/src/rp2_common/hardware_pio/pio.c.obj
                0x00000000100054ec                . = ALIGN (0x4)
 *fill*         0x00000000100054e9        0x3 
 *(SORT_BY_ALIGNMENT(SORT_BY_NAME(.flashdata*)))
                0x00000000100054ec                . = ALIGN (0x4)

.rel.dyn        0x00000000100054ec        0x0
 .rel.iplt      0x00000000100054ec        0x0 /usr/lib/gcc/arm-none-eabi/10.3.1/thumb/v6-m/nofp/crtbegin.o

.ARM.extab
 *(.ARM.extab* .gnu.linkonce.armextab.*)
                0x00000000100054ec                __exidx_start = .

.ARM.exidx
 *(.ARM.exidx* .gnu.linkonce.armexidx.*)
                0x00000000100054ec                __exidx_end = .
                0x00000000100054ec                . = ALIGN (0x4)
                0x00000000100054ec                __binary_info_start = .

.binary_info    0x00000000100054ec       0x24
 *(.binary_info.keep.*)
 .binary_info.keep.__bi_ptr22
                0x00000000100054ec        0x4 CMakeFiles/Serial-IR-Blaster.dir/home/matthew/pico/pico-sdk/src/rp2_common/pico_standard_link/binary_info.c.obj
 .binary_info.keep.__bi_ptr30
                0x00000000100054f0        0x4 CMakeFiles/Serial-IR-Blaster.dir/home/matthew/pico/pico-sdk/src/rp2_common/pico_standard_link/binary_info.c.obj
 .binary_info.keep.__bi_ptr38
                0x00000000100054f4        0x4 CMakeFiles/Serial-IR-Blaster.dir/home/matthew/pico/pico-sdk/src/rp2_common/pico_standard_link/binary_info.c.obj
 .binary_info.keep.__bi_ptr44
                0x00000000100054f8        0x4 CMakeFiles/Serial-IR-Blaster.dir/home/matthew/pico/pico-sdk/src/rp2_common/pico_standard_link/binary_info.c.obj
 .binary_info.keep.__bi_ptr50
                0x00000000100054fc        0x4 CMakeFiles/Serial-IR-Blaster.dir/home/matthew/pico/pico-sdk/src/rp2_common/pico_standard_link/binary_info.c.obj
 .binary_info.keep.__bi_ptr75
                0x0000000010005500        0x4 CMakeFiles/Serial-IR-Blaster.dir/home/matthew/pico/pico-sdk/src/rp2_common/pico_standard_link/binary_info.c.obj
 .binary_info.keep.__bi_ptr81
                0x0000000010005504        0x4 CMakeFiles/Serial-IR-Blaster.dir/home/matthew/pico/pico-sdk/src/rp2_common/pico_standard_link/binary_info.c.obj
 *(.binary_info.*)
 .binary_info.__bi_ptr28
                0x0000000010005508        0x4 CMakeFiles/Serial-IR-Blaster.dir/home/matthew/pico/pico-sdk/src/rp2_common/pico_stdio_uart/stdio_uart.c.obj
 .binary_info.__bi_ptr29
                0x000000001000550c        0x4 CMakeFiles/Serial-IR-Blaster.dir/home/matthew/pico/pico-sdk/src/rp2_common/pico_stdio_uart/stdio_uart.c.obj
                0x0000000010005510                __binary_info_end = .
                0x0000000010005510                . = ALIGN (0x4)
                0x0000000010005510                __etext = .

.ram_vector_table
                0x0000000020000000       0xc0
 *(.ram_vector_table)
 .ram_vector_table
                0x0000000020000000       0xc0 CMakeFiles/Serial-IR-Blaster.dir/home/matthew/pico/pico-sdk/src/rp2_common/pico_runtime/runtime.c.obj
                0x0000000020000000                ram_vector_table

.data           0x00000000200000c0      0x1c0 load address 0x0000000010005510
                0x00000000200000c0                __data_start__ = .
 *(vtable)
 *(.time_critical*)
 .time_critical.mutex_enter_blocking
                0x00000000200000c0       0x48 CMakeFiles/Serial-IR-Blaster.dir/home/matthew/pico/pico-sdk/src/common/pico_sync/mutex.c.obj
                0x00000000200000c0                mutex_enter_blocking
 .time_critical.mutex_try_enter
                0x0000000020000108       0x46 CMakeFiles/Serial-IR-Blaster.dir/home/matthew/pico/pico-sdk/src/common/pico_sync/mutex.c.obj
                0x0000000020000108                mutex_try_enter
 *fill*         0x000000002000014e        0x2 
 .time_critical.mutex_exit
                0x0000000020000150       0x4c CMakeFiles/Serial-IR-Blaster.dir/home/matthew/pico/pico-sdk/src/common/pico_sync/mutex.c.obj
                0x0000000020000150                mutex_exit
 *(.text*)
 .text          0x000000002000019c        0x4 /usr/lib/gcc/arm-none-eabi/10.3.1/thumb/v6-m/nofp/libgcc.a(_dvmd_tls.o)
                0x000000002000019c                __aeabi_ldiv0
                0x000000002000019c                __aeabi_idiv0
 .text.__stub   0x00000000200001a0       0x10 linker stubs
                0x00000000200001b0                . = ALIGN (0x4)
 *(.rodata*)
                0x00000000200001b0                . = ALIGN (0x4)
 *(.data*)
 .data.striped_spin_lock_num
                0x00000000200001b0        0x1 CMakeFiles/Serial-IR-Blaster.dir/home/matthew/pico/pico-sdk/src/rp2_common/hardware_sync/sync.c.obj
 *fill*         0x00000000200001b1        0x3 
 .data          0x00000000200001b4       0x48 CMakeFiles/Serial-IR-Blaster.dir/home/matthew/pico/pico-sdk/src/rp2_common/hardware_irq/irq_handler_chain.S.obj
                0x00000000200001b4                irq_handler_chain_slots
                0x00000000200001e4                irq_handler_chain_first_slot
                0x00000000200001ee                irq_handler_chain_remove_tail
 .data.default_alarm_pool
                0x00000000200001fc       0x18 CMakeFiles/Serial-IR-Blaster.dir/home/matthew/pico/pico-sdk/src/common/pico_time/time.c.obj
 .data.default_alarm_pool_heap
                0x0000000020000214       0x10 CMakeFiles/Serial-IR-Blaster.dir/home/matthew/pico/pico-sdk/src/common/pico_time/time.c.obj
 *fill*         0x0000000020000224        0xc 
 .data.aeabi_bits_funcs
                0x0000000020000230       0x10 CMakeFiles/Serial-IR-Blaster.dir/home/matthew/pico/pico-sdk/src/rp2_common/pico_bit_ops/bit_ops_aeabi.S.obj
                0x0000000020000230                aeabi_bits_funcs
                0x0000000020000240                aeabi_bits_funcs_end
 .data.aeabi_mem_funcs
                0x0000000020000240       0x10 CMakeFiles/Serial-IR-Blaster.dir/home/matthew/pico/pico-sdk/src/rp2_common/pico_mem_ops/mem_ops_aeabi.S.obj
                0x0000000020000240                aeabi_mem_funcs
                0x0000000020000250                aeabi_mem_funcs_end
 .data.stdio_uart
                0x0000000020000250       0x14 CMakeFiles/Serial-IR-Blaster.dir/home/matthew/pico/pico-sdk/src/rp2_common/pico_stdio_uart/stdio_uart.c.obj
                0x0000000020000250                stdio_uart
                0x0000000020000264                . = ALIGN (0x4)
 *(.after_data.*)
                0x0000000020000264                . = ALIGN (0x4)
                0x0000000020000264                PROVIDE (__mutex_array_start = .)
 *(SORT_BY_NAME(.mutex_array.*))
 *(.mutex_array)
 .mutex_array   0x0000000020000264        0x8 CMakeFiles/Serial-IR-Blaster.dir/home/matthew/pico/pico-sdk/src/rp2_common/pico_stdio/stdio.c.obj
                0x000000002000026c                PROVIDE (__mutex_array_end = .)
                0x000000002000026c                . = ALIGN (0x4)
                0x000000002000026c                PROVIDE (__preinit_array_start = .)
 *(SORT_BY_NAME(.preinit_array.*))
 .preinit_array.00001
                0x000000002000026c        0x4 CMakeFiles/Serial-IR-Blaster.dir/home/matthew/pico/pico-sdk/src/rp2_common/pico_mem_ops/mem_ops_aeabi.S.obj
 .preinit_array.00010
                0x0000000020000270        0x4 CMakeFiles/Serial-IR-Blaster.dir/home/matthew/pico/pico-sdk/src/rp2_common/pico_bit_ops/bit_ops_aeabi.S.obj
 .preinit_array.00020
                0x0000000020000274        0x4 CMakeFiles/Serial-IR-Blaster.dir/home/matthew/pico/pico-sdk/src/rp2_common/pico_double/double_aeabi.S.obj
 .preinit_array.00020
                0x0000000020000278        0x4 CMakeFiles/Serial-IR-Blaster.dir/home/matthew/pico/pico-sdk/src/rp2_common/pico_float/float_aeabi.S.obj
 *(.preinit_array)
                0x000000002000027c                PROVIDE (__preinit_array_end = .)
                0x000000002000027c                . = ALIGN (0x4)
                0x000000002000027c                PROVIDE (__init_array_start = .)
 *(SORT_BY_NAME(.init_array.*))
 *(.init_array)
 .init_array    0x000000002000027c        0x4 /usr/lib/gcc/arm-none-eabi/10.3.1/thumb/v6-m/nofp/crtbegin.o
                0x0000000020000280                PROVIDE (__init_array_end = .)
                0x0000000020000280                . = ALIGN (0x4)
                0x0000000020000280                PROVIDE (__fini_array_start = .)
 *(SORT_BY_NAME(.fini_array.*))
 *(.fini_array)
                0x0000000020000280                PROVIDE (__fini_array_end = .)
 *(.jcr)
                0x0000000020000280                . = ALIGN (0x4)
                0x0000000020000280                __data_end__ = .

.tm_clone_table
                0x0000000020000280        0x0 load address 0x00000000100056d0
 .tm_clone_table
                0x0000000020000280        0x0 /usr/lib/gcc/arm-none-eabi/10.3.1/thumb/v6-m/nofp/crtbegin.o
 .tm_clone_table
                0x0000000020000280        0x0 /usr/lib/gcc/arm-none-eabi/10.3.1/thumb/v6-m/nofp/crtend.o

.igot.plt       0x0000000020000280        0x0 load address 0x00000000100056d0
 .igot.plt      0x0000000020000280        0x0 /usr/lib/gcc/arm-none-eabi/10.3.1/thumb/v6-m/nofp/crtbegin.o

.uninitialized_data
                0x0000000020000280        0x0 load address 0x00000000100056d0
                0x0000000020000280                . = ALIGN (0x4)
 *(.uninitialized_data*)

.scratch_x      0x0000000020040000        0x0 load address 0x00000000100056d0
                0x0000000020040000                __scratch_x_start__ = .
 *(.scratch_x.*)
                0x0000000020040000                . = ALIGN (0x4)
                0x0000000020040000                __scratch_x_end__ = .
                0x00000000100056d0                __scratch_x_source__ = LOADADDR (.scratch_x)

.scratch_y      0x0000000020041000        0x0 load address 0x00000000100056d0
                0x0000000020041000                __scratch_y_start__ = .
 *(.scratch_y.*)
                0x0000000020041000                . = ALIGN (0x4)
                0x0000000020041000                __scratch_y_end__ = .
                0x00000000100056d0                __scratch_y_source__ = LOADADDR (.scratch_y)

.bss            0x0000000020000280      0x3d8
                0x0000000020000280                . = ALIGN (0x4)
                0x0000000020000280                __bss_start__ = .
 *(SORT_BY_ALIGNMENT(SORT_BY_NAME(.bss*)))
 .bss.default_alarm_pool_entries
                0x0000000020000280      0x100 CMakeFiles/Serial-IR-Blaster.dir/home/matthew/pico/pico-sdk/src/common/pico_time/time.c.obj
 .bss           0x0000000020000380       0x1c /usr/lib/gcc/arm-none-eabi/10.3.1/thumb/v6-m/nofp/crtbegin.o
 .bss._used_instruction_space
                0x000000002000039c        0x8 CMakeFiles/Serial-IR-Blaster.dir/home/matthew/pico/pico-sdk/src/rp2_common/hardware_pio/pio.c.obj
 .bss.alarm_callbacks
                0x00000000200003a4       0x10 CMakeFiles/Serial-IR-Blaster.dir/home/matthew/pico/pico-sdk/src/rp2_common/hardware_timer/timer.c.obj
 .bss.configured_freq
                0x00000000200003b4       0x28 CMakeFiles/Serial-IR-Blaster.dir/home/matthew/pico/pico-sdk/src/rp2_common/hardware_clocks/clocks.c.obj
 .bss.default_alarm_pool_entry_ids_high
                0x00000000200003dc       0x10 CMakeFiles/Serial-IR-Blaster.dir/home/matthew/pico/pico-sdk/src/common/pico_time/time.c.obj
 .bss.default_alarm_pool_heap_nodes
                0x00000000200003ec       0x30 CMakeFiles/Serial-IR-Blaster.dir/home/matthew/pico/pico-sdk/src/common/pico_time/time.c.obj
 .bss.drivers   0x000000002000041c        0x4 CMakeFiles/Serial-IR-Blaster.dir/home/matthew/pico/pico-sdk/src/rp2_common/pico_stdio/stdio.c.obj
 .bss.filter    0x0000000020000420        0x4 CMakeFiles/Serial-IR-Blaster.dir/home/matthew/pico/pico-sdk/src/rp2_common/pico_stdio/stdio.c.obj
 .bss.pools     0x0000000020000424       0x10 CMakeFiles/Serial-IR-Blaster.dir/home/matthew/pico/pico-sdk/src/common/pico_time/time.c.obj
 .bss.sd_table  0x0000000020000434      0x100 CMakeFiles/Serial-IR-Blaster.dir/home/matthew/pico/pico-sdk/src/rp2_common/pico_double/double_init_rom.c.obj
                0x0000000020000434                sd_table
 .bss.sf_clz_func
                0x0000000020000534        0x4 CMakeFiles/Serial-IR-Blaster.dir/home/matthew/pico/pico-sdk/src/rp2_common/pico_double/double_init_rom.c.obj
                0x0000000020000534                sf_clz_func
 .bss.sf_table  0x0000000020000538      0x100 CMakeFiles/Serial-IR-Blaster.dir/home/matthew/pico/pico-sdk/src/rp2_common/pico_float/float_init_rom.c.obj
                0x0000000020000538                sf_table
 .bss.sleep_notifier
                0x0000000020000638        0x4 CMakeFiles/Serial-IR-Blaster.dir/home/matthew/pico/pico-sdk/src/common/pico_time/time.c.obj
 .bss.target_hi
                0x000000002000063c       0x10 CMakeFiles/Serial-IR-Blaster.dir/home/matthew/pico/pico-sdk/src/rp2_common/hardware_timer/timer.c.obj
 .bss.uart_char_to_line_feed
                0x000000002000064c        0x4 CMakeFiles/Serial-IR-Blaster.dir/home/matthew/pico/pico-sdk/src/rp2_common/hardware_uart/uart.c.obj
                0x000000002000064c                uart_char_to_line_feed
 .bss.uart_instance
                0x0000000020000650        0x4 CMakeFiles/Serial-IR-Blaster.dir/home/matthew/pico/pico-sdk/src/rp2_common/pico_stdio_uart/stdio_uart.c.obj
 .bss.claimed   0x0000000020000654        0x1 CMakeFiles/Serial-IR-Blaster.dir/home/matthew/pico/pico-sdk/src/rp2_common/hardware_timer/timer.c.obj
 .bss.claimed   0x0000000020000655        0x1 CMakeFiles/Serial-IR-Blaster.dir/home/matthew/pico/pico-sdk/src/rp2_common/hardware_pio/pio.c.obj
 .bss.irq_hander_chain_free_slot_head
                0x0000000020000656        0x1 CMakeFiles/Serial-IR-Blaster.dir/home/matthew/pico/pico-sdk/src/rp2_common/hardware_irq/irq.c.obj
 .bss.timer_callbacks_pending
                0x0000000020000657        0x1 CMakeFiles/Serial-IR-Blaster.dir/home/matthew/pico/pico-sdk/src/rp2_common/hardware_timer/timer.c.obj
 *(COMMON)
                0x0000000020000658                . = ALIGN (0x4)
                0x0000000020000658                __bss_end__ = .

.heap           0x0000000020000658      0x800
                0x0000000020000658                __end__ = .
                0x0000000020000658                end = __end__
 *(.heap*)
 .heap          0x0000000020000658      0x800 CMakeFiles/Serial-IR-Blaster.dir/home/matthew/pico/pico-sdk/src/rp2_common/pico_standard_link/crt0.S.obj
                0x0000000020000e58                __HeapLimit = .

.stack1_dummy   0x0000000020040000        0x0
 *(.stack1*)

.stack_dummy    0x0000000020041000      0x800
 *(.stack*)
 .stack         0x0000000020041000      0x800 CMakeFiles/Serial-IR-Blaster.dir/home/matthew/pico/pico-sdk/src/rp2_common/pico_standard_link/crt0.S.obj

.flash_end      0x00000000100056d0        0x0
                0x00000000100056d0                __flash_binary_end = .
                0x0000000020040000                __StackLimit = (ORIGIN (RAM) + LENGTH (RAM))
                0x0000000020041000                __StackOneTop = (ORIGIN (SCRATCH_X) + LENGTH (SCRATCH_X))
                0x0000000020042000                __StackTop = (ORIGIN (SCRATCH_Y) + LENGTH (SCRATCH_Y))
                0x0000000020041000                __StackOneBottom = (__StackOneTop - SIZEOF (.stack1_dummy))
                0x0000000020041800                __StackBottom = (__StackTop - SIZEOF (.stack_dummy))
                0x0000000020042000                PROVIDE (__stack = __StackTop)
                0x0000000000000001                ASSERT ((__StackLimit >= __HeapLimit), region RAM overflowed)
                0x0000000000000001                ASSERT (((__binary_info_header_end - __logical_binary_start) <= 0x100), Binary info must be in first 256 bytes of the binary)
LOAD CMakeFiles/Serial-IR-Blaster.dir/main.c.obj
LOAD CMakeFiles/Serial-IR-Blaster.dir/home/matthew/pico/pico-sdk/src/rp2_common/pico_stdlib/stdlib.c.obj
LOAD CMakeFiles/Serial-IR-Blaster.dir/home/matthew/pico/pico-sdk/src/rp2_common/hardware_gpio/gpio.c.obj
LOAD CMakeFiles/Serial-IR-Blaster.dir/home/matthew/pico/pico-sdk/src/rp2_common/hardware_claim/claim.c.obj
LOAD CMakeFiles/Serial-IR-Blaster.dir/home/matthew/pico/pico-sdk/src/rp2_common/pico_platform/platform.c.obj
LOAD CMakeFiles/Serial-IR-Blaster.dir/home/matthew/pico/pico-sdk/src/rp2_common/hardware_sync/sync.c.obj
LOAD CMakeFiles/Serial-IR-Blaster.dir/home/matthew/pico/pico-sdk/src/rp2_common/hardware_irq/irq.c.obj
LOAD CMakeFiles/Serial-IR-Blaster.dir/home/matthew/pico/pico-sdk/src/rp2_common/hardware_irq/irq_handler_chain.S.obj
LOAD CMakeFiles/Serial-IR-Blaster.dir/home/matthew/pico/pico-sdk/src/common/pico_sync/sem.c.obj
LOAD CMakeFiles/Serial-IR-Blaster.dir/home/matthew/pico/pico-sdk/src/common/pico_sync/lock_core.c.obj
LOAD CMakeFiles/Serial-IR-Blaster.dir/home/matthew/pico/pico-sdk/src/common/pico_time/time.c.obj
LOAD CMakeFiles/Serial-IR-Blaster.dir/home/matthew/pico/pico-sdk/src/common/pico_time/timeout_helper.c.obj
LOAD CMakeFiles/Serial-IR-Blaster.dir/home/matthew/pico/pico-sdk/src/rp2_common/hardware_timer/timer.c.obj
LOAD CMakeFiles/Serial-IR-Blaster.dir/home/matthew/pico/pico-sdk/src/common/pico_util/datetime.c.obj
LOAD CMakeFiles/Serial-IR-Blaster.dir/home/matthew/pico/pico-sdk/src/common/pico_util/pheap.c.obj
LOAD CMakeFiles/Serial-IR-Blaster.dir/home/matthew/pico/pico-sdk/src/common/pico_util/queue.c.obj
LOAD CMakeFiles/Serial-IR-Blaster.dir/home/matthew/pico/pico-sdk/src/common/pico_sync/mutex.c.obj
LOAD CMakeFiles/Serial-IR-Blaster.dir/home/matthew/pico/pico-sdk/src/common/pico_sync/critical_section.c.obj
LOAD CMakeFiles/Serial-IR-Blaster.dir/home/matthew/pico/pico-sdk/src/rp2_common/hardware_uart/uart.c.obj
LOAD CMakeFiles/Serial-IR-Blaster.dir/home/matthew/pico/pico-sdk/src/rp2_common/hardware_divider/divider.S.obj
LOAD CMakeFiles/Serial-IR-Blaster.dir/home/matthew/pico/pico-sdk/src/rp2_common/pico_runtime/runtime.c.obj
LOAD CMakeFiles/Serial-IR-Blaster.dir/home/matthew/pico/pico-sdk/src/rp2_common/hardware_clocks/clocks.c.obj
LOAD CMakeFiles/Serial-IR-Blaster.dir/home/matthew/pico/pico-sdk/src/rp2_common/hardware_pll/pll.c.obj
LOAD CMakeFiles/Serial-IR-Blaster.dir/home/matthew/pico/pico-sdk/src/rp2_common/hardware_vreg/vreg.c.obj
LOAD CMakeFiles/Serial-IR-Blaster.dir/home/matthew/pico/pico-sdk/src/rp2_common/hardware_watchdog/watchdog.c.obj
LOAD CMakeFiles/Serial-IR-Blaster.dir/home/matthew/pico/pico-sdk/src/rp2_common/hardware_xosc/xosc.c.obj
LOAD CMakeFiles/Serial-IR-Blaster.dir/home/matthew/pico/pico-sdk/src/rp2_common/pico_printf/printf.c.obj
LOAD CMakeFiles/Serial-IR-Blaster.dir/home/matthew/pico/pico-sdk/src/rp2_common/pico_bit_ops/bit_ops_aeabi.S.obj
LOAD CMakeFiles/Serial-IR-Blaster.dir/home/matthew/pico/pico-sdk/src/rp2_common/pico_bootrom/bootrom.c.obj
LOAD CMakeFiles/Serial-IR-Blaster.dir/home/matthew/pico/pico-sdk/src/rp2_common/pico_divider/divider.S.obj
LOAD CMakeFiles/Serial-IR-Blaster.dir/home/matthew/pico/pico-sdk/src/rp2_common/pico_double/double_aeabi.S.obj
LOAD CMakeFiles/Serial-IR-Blaster.dir/home/matthew/pico/pico-sdk/src/rp2_common/pico_double/double_init_rom.c.obj
LOAD CMakeFiles/Serial-IR-Blaster.dir/home/matthew/pico/pico-sdk/src/rp2_common/pico_double/double_math.c.obj
LOAD CMakeFiles/Serial-IR-Blaster.dir/home/matthew/pico/pico-sdk/src/rp2_common/pico_double/double_v1_rom_shim.S.obj
LOAD CMakeFiles/Serial-IR-Blaster.dir/home/matthew/pico/pico-sdk/src/rp2_common/pico_int64_ops/pico_int64_ops_aeabi.S.obj
LOAD CMakeFiles/Serial-IR-Blaster.dir/home/matthew/pico/pico-sdk/src/rp2_common/pico_float/float_aeabi.S.obj
LOAD CMakeFiles/Serial-IR-Blaster.dir/home/matthew/pico/pico-sdk/src/rp2_common/pico_float/float_init_rom.c.obj
LOAD CMakeFiles/Serial-IR-Blaster.dir/home/matthew/pico/pico-sdk/src/rp2_common/pico_float/float_math.c.obj
LOAD CMakeFiles/Serial-IR-Blaster.dir/home/matthew/pico/pico-sdk/src/rp2_common/pico_float/float_v1_rom_shim.S.obj
LOAD CMakeFiles/Serial-IR-Blaster.dir/home/matthew/pico/pico-sdk/src/rp2_common/pico_malloc/pico_malloc.c.obj
LOAD CMakeFiles/Serial-IR-Blaster.dir/home/matthew/pico/pico-sdk/src/rp2_common/pico_mem_ops/mem_ops_aeabi.S.obj
LOAD CMakeFiles/Serial-IR-Blaster.dir/home/matthew/pico/pico-sdk/src/rp2_common/pico_standard_link/crt0.S.obj
LOAD CMakeFiles/Serial-IR-Blaster.dir/home/matthew/pico/pico-sdk/src/rp2_common/pico_standard_link/new_delete.cpp.obj
LOAD CMakeFiles/Serial-IR-Blaster.dir/home/matthew/pico/pico-sdk/src/rp2_common/pico_standard_link/binary_info.c.obj
LOAD CMakeFiles/Serial-IR-Blaster.dir/home/matthew/pico/pico-sdk/src/rp2_common/pico_stdio/stdio.c.obj
LOAD CMakeFiles/Serial-IR-Blaster.dir/home/matthew/pico/pico-sdk/src/rp2_common/pico_stdio_uart/stdio_uart.c.obj
LOAD CMakeFiles/Serial-IR-Blaster.dir/home/matthew/pico/pico-sdk/src/rp2_common/hardware_pio/pio.c.obj
LOAD /tmp/ccl3tcq5.o
LOAD /usr/lib/gcc/arm-none-eabi/10.3.1/../../../arm-none-eabi/lib/thumb/v6-m/nofp/libstdc++.a
LOAD /usr/lib/gcc/arm-none-eabi/10.3.1/../../../arm-none-eabi/lib/thumb/v6-m/nofp/libm.a
START GROUP
LOAD /usr/lib/gcc/arm-none-eabi/10.3.1/thumb/v6-m/nofp/libgcc.a
LOAD /usr/lib/gcc/arm-none-eabi/10.3.1/../../../arm-none-eabi/lib/thumb/v6-m/nofp/libg.a
LOAD /usr/lib/gcc/arm-none-eabi/10.3.1/../../../arm-none-eabi/lib/thumb/v6-m/nofp/libc.a
END GROUP
START GROUP
LOAD /usr/lib/gcc/arm-none-eabi/10.3.1/thumb/v6-m/nofp/libgcc.a
LOAD /usr/lib/gcc/arm-none-eabi/10.3.1/../../../arm-none-eabi/lib/thumb/v6-m/nofp/libc.a
LOAD /usr/lib/gcc/arm-none-eabi/10.3.1/../../../arm-none-eabi/lib/thumb/v6-m/nofp/libnosys.a
END GROUP
LOAD /usr/lib/gcc/arm-none-eabi/10.3.1/thumb/v6-m/nofp/crtend.o
LOAD /usr/lib/gcc/arm-none-eabi/10.3.1/thumb/v6-m/nofp/crtn.o
OUTPUT(Serial-IR-Blaster.elf elf32-littlearm)
LOAD linker stubs

.ARM.attributes
                0x0000000000000000       0x28
 .ARM.attributes
                0x0000000000000000       0x1e /usr/lib/gcc/arm-none-eabi/10.3.1/thumb/v6-m/nofp/crti.o
 .ARM.attributes
                0x000000000000001e       0x2c /usr/lib/gcc/arm-none-eabi/10.3.1/thumb/v6-m/nofp/crtbegin.o
 .ARM.attributes
                0x000000000000004a       0x2c CMakeFiles/Serial-IR-Blaster.dir/main.c.obj
 .ARM.attributes
                0x0000000000000076       0x2c CMakeFiles/Serial-IR-Blaster.dir/home/matthew/pico/pico-sdk/src/rp2_common/hardware_gpio/gpio.c.obj
 .ARM.attributes
                0x00000000000000a2       0x2c CMakeFiles/Serial-IR-Blaster.dir/home/matthew/pico/pico-sdk/src/rp2_common/hardware_claim/claim.c.obj
 .ARM.attributes
                0x00000000000000ce       0x2c CMakeFiles/Serial-IR-Blaster.dir/home/matthew/pico/pico-sdk/src/rp2_common/pico_platform/platform.c.obj
 .ARM.attributes
                0x00000000000000fa       0x2c CMakeFiles/Serial-IR-Blaster.dir/home/matthew/pico/pico-sdk/src/rp2_common/hardware_sync/sync.c.obj
 .ARM.attributes
                0x0000000000000126       0x2c CMakeFiles/Serial-IR-Blaster.dir/home/matthew/pico/pico-sdk/src/rp2_common/hardware_irq/irq.c.obj
 .ARM.attributes
                0x0000000000000152       0x22 CMakeFiles/Serial-IR-Blaster.dir/home/matthew/pico/pico-sdk/src/rp2_common/hardware_irq/irq_handler_chain.S.obj
 .ARM.attributes
                0x0000000000000174       0x2c CMakeFiles/Serial-IR-Blaster.dir/home/matthew/pico/pico-sdk/src/common/pico_sync/lock_core.c.obj
 .ARM.attributes
                0x00000000000001a0       0x2c CMakeFiles/Serial-IR-Blaster.dir/home/matthew/pico/pico-sdk/src/common/pico_time/time.c.obj
 .ARM.attributes
                0x00000000000001cc       0x2c CMakeFiles/Serial-IR-Blaster.dir/home/matthew/pico/pico-sdk/src/rp2_common/hardware_timer/timer.c.obj
 .ARM.attributes
                0x00000000000001f8       0x2c CMakeFiles/Serial-IR-Blaster.dir/home/matthew/pico/pico-sdk/src/common/pico_util/pheap.c.obj
 .ARM.attributes
                0x0000000000000224       0x2c CMakeFiles/Serial-IR-Blaster.dir/home/matthew/pico/pico-sdk/src/common/pico_sync/mutex.c.obj
 .ARM.attributes
                0x0000000000000250       0x2c CMakeFiles/Serial-IR-Blaster.dir/home/matthew/pico/pico-sdk/src/rp2_common/hardware_uart/uart.c.obj
 .ARM.attributes
                0x000000000000027c       0x2c CMakeFiles/Serial-IR-Blaster.dir/home/matthew/pico/pico-sdk/src/rp2_common/pico_runtime/runtime.c.obj
 .ARM.attributes
                0x00000000000002a8       0x2c CMakeFiles/Serial-IR-Blaster.dir/home/matthew/pico/pico-sdk/src/rp2_common/hardware_clocks/clocks.c.obj
 .ARM.attributes
                0x00000000000002d4       0x2c CMakeFiles/Serial-IR-Blaster.dir/home/matthew/pico/pico-sdk/src/rp2_common/hardware_pll/pll.c.obj
 .ARM.attributes
                0x0000000000000300       0x2c CMakeFiles/Serial-IR-Blaster.dir/home/matthew/pico/pico-sdk/src/rp2_common/hardware_watchdog/watchdog.c.obj
 .ARM.attributes
                0x000000000000032c       0x2c CMakeFiles/Serial-IR-Blaster.dir/home/matthew/pico/pico-sdk/src/rp2_common/hardware_xosc/xosc.c.obj
 .ARM.attributes
                0x0000000000000358       0x2c CMakeFiles/Serial-IR-Blaster.dir/home/matthew/pico/pico-sdk/src/rp2_common/pico_printf/printf.c.obj
 .ARM.attributes
                0x0000000000000384       0x22 CMakeFiles/Serial-IR-Blaster.dir/home/matthew/pico/pico-sdk/src/rp2_common/pico_bit_ops/bit_ops_aeabi.S.obj
 .ARM.attributes
                0x00000000000003a6       0x2c CMakeFiles/Serial-IR-Blaster.dir/home/matthew/pico/pico-sdk/src/rp2_common/pico_bootrom/bootrom.c.obj
 .ARM.attributes
                0x00000000000003d2       0x22 CMakeFiles/Serial-IR-Blaster.dir/home/matthew/pico/pico-sdk/src/rp2_common/pico_divider/divider.S.obj
 .ARM.attributes
                0x00000000000003f4       0x22 CMakeFiles/Serial-IR-Blaster.dir/home/matthew/pico/pico-sdk/src/rp2_common/pico_double/double_aeabi.S.obj
 .ARM.attributes
                0x0000000000000416       0x2c CMakeFiles/Serial-IR-Blaster.dir/home/matthew/pico/pico-sdk/src/rp2_common/pico_double/double_init_rom.c.obj
 .ARM.attributes
                0x0000000000000442       0x22 CMakeFiles/Serial-IR-Blaster.dir/home/matthew/pico/pico-sdk/src/rp2_common/pico_double/double_v1_rom_shim.S.obj
 .ARM.attributes
                0x0000000000000464       0x22 CMakeFiles/Serial-IR-Blaster.dir/home/matthew/pico/pico-sdk/src/rp2_common/pico_int64_ops/pico_int64_ops_aeabi.S.obj
 .ARM.attributes
                0x0000000000000486       0x22 CMakeFiles/Serial-IR-Blaster.dir/home/matthew/pico/pico-sdk/src/rp2_common/pico_float/float_aeabi.S.obj
 .ARM.attributes
                0x00000000000004a8       0x2c CMakeFiles/Serial-IR-Blaster.dir/home/matthew/pico/pico-sdk/src/rp2_common/pico_float/float_init_rom.c.obj
 .ARM.attributes
                0x00000000000004d4       0x22 CMakeFiles/Serial-IR-Blaster.dir/home/matthew/pico/pico-sdk/src/rp2_common/pico_float/float_v1_rom_shim.S.obj
 .ARM.attributes
                0x00000000000004f6       0x22 CMakeFiles/Serial-IR-Blaster.dir/home/matthew/pico/pico-sdk/src/rp2_common/pico_mem_ops/mem_ops_aeabi.S.obj
 .ARM.attributes
                0x0000000000000518       0x22 CMakeFiles/Serial-IR-Blaster.dir/home/matthew/pico/pico-sdk/src/rp2_common/pico_standard_link/crt0.S.obj
 .ARM.attributes
                0x000000000000053a       0x32 CMakeFiles/Serial-IR-Blaster.dir/home/matthew/pico/pico-sdk/src/rp2_common/pico_standard_link/binary_info.c.obj
 .ARM.attributes
                0x000000000000056c       0x2c CMakeFiles/Serial-IR-Blaster.dir/home/matthew/pico/pico-sdk/src/rp2_common/pico_stdio/stdio.c.obj
 .ARM.attributes
                0x0000000000000598       0x2c CMakeFiles/Serial-IR-Blaster.dir/home/matthew/pico/pico-sdk/src/rp2_common/pico_stdio_uart/stdio_uart.c.obj
 .ARM.attributes
                0x00000000000005c4       0x2c CMakeFiles/Serial-IR-Blaster.dir/home/matthew/pico/pico-sdk/src/rp2_common/hardware_pio/pio.c.obj
 .ARM.attributes
                0x00000000000005f0       0x22 /tmp/ccl3tcq5.o
 .ARM.attributes
                0x0000000000000612       0x1e /usr/lib/gcc/arm-none-eabi/10.3.1/thumb/v6-m/nofp/libgcc.a(_dvmd_tls.o)
 .ARM.attributes
                0x0000000000000630       0x2c /usr/lib/gcc/arm-none-eabi/10.3.1/../../../arm-none-eabi/lib/thumb/v6-m/nofp/libg.a(lib_a-strlen-stub.o)
 .ARM.attributes
                0x000000000000065c       0x2c /usr/lib/gcc/arm-none-eabi/10.3.1/thumb/v6-m/nofp/crtend.o

.comment        0x0000000000000000       0x33
 .comment       0x0000000000000000       0x33 /usr/lib/gcc/arm-none-eabi/10.3.1/thumb/v6-m/nofp/crtbegin.o
                                         0x34 (size before relaxing)
 .comment       0x0000000000000033       0x34 CMakeFiles/Serial-IR-Blaster.dir/main.c.obj
 .comment       0x0000000000000033       0x34 CMakeFiles/Serial-IR-Blaster.dir/home/matthew/pico/pico-sdk/src/rp2_common/hardware_gpio/gpio.c.obj
 .comment       0x0000000000000033       0x34 CMakeFiles/Serial-IR-Blaster.dir/home/matthew/pico/pico-sdk/src/rp2_common/hardware_claim/claim.c.obj
 .comment       0x0000000000000033       0x34 CMakeFiles/Serial-IR-Blaster.dir/home/matthew/pico/pico-sdk/src/rp2_common/pico_platform/platform.c.obj
 .comment       0x0000000000000033       0x34 CMakeFiles/Serial-IR-Blaster.dir/home/matthew/pico/pico-sdk/src/rp2_common/hardware_sync/sync.c.obj
 .comment       0x0000000000000033       0x34 CMakeFiles/Serial-IR-Blaster.dir/home/matthew/pico/pico-sdk/src/rp2_common/hardware_irq/irq.c.obj
 .comment       0x0000000000000033       0x34 CMakeFiles/Serial-IR-Blaster.dir/home/matthew/pico/pico-sdk/src/common/pico_sync/lock_core.c.obj
 .comment       0x0000000000000033       0x34 CMakeFiles/Serial-IR-Blaster.dir/home/matthew/pico/pico-sdk/src/common/pico_time/time.c.obj
 .comment       0x0000000000000033       0x34 CMakeFiles/Serial-IR-Blaster.dir/home/matthew/pico/pico-sdk/src/rp2_common/hardware_timer/timer.c.obj
 .comment       0x0000000000000033       0x34 CMakeFiles/Serial-IR-Blaster.dir/home/matthew/pico/pico-sdk/src/common/pico_util/pheap.c.obj
 .comment       0x0000000000000033       0x34 CMakeFiles/Serial-IR-Blaster.dir/home/matthew/pico/pico-sdk/src/common/pico_sync/mutex.c.obj
 .comment       0x0000000000000033       0x34 CMakeFiles/Serial-IR-Blaster.dir/home/matthew/pico/pico-sdk/src/rp2_common/hardware_uart/uart.c.obj
 .comment       0x0000000000000033       0x34 CMakeFiles/Serial-IR-Blaster.dir/home/matthew/pico/pico-sdk/src/rp2_common/pico_runtime/runtime.c.obj
 .comment       0x0000000000000033       0x34 CMakeFiles/Serial-IR-Blaster.dir/home/matthew/pico/pico-sdk/src/rp2_common/hardware_clocks/clocks.c.obj
 .comment       0x0000000000000033       0x34 CMakeFiles/Serial-IR-Blaster.dir/home/matthew/pico/pico-sdk/src/rp2_common/hardware_pll/pll.c.obj
 .comment       0x0000000000000033       0x34 CMakeFiles/Serial-IR-Blaster.dir/home/matthew/pico/pico-sdk/src/rp2_common/hardware_watchdog/watchdog.c.obj
 .comment       0x0000000000000033       0x34 CMakeFiles/Serial-IR-Blaster.dir/home/matthew/pico/pico-sdk/src/rp2_common/hardware_xosc/xosc.c.obj
 .comment       0x0000000000000033       0x34 CMakeFiles/Serial-IR-Blaster.dir/home/matthew/pico/pico-sdk/src/rp2_common/pico_printf/printf.c.obj
 .comment       0x0000000000000033       0x34 CMakeFiles/Serial-IR-Blaster.dir/home/matthew/pico/pico-sdk/src/rp2_common/pico_bootrom/bootrom.c.obj
 .comment       0x0000000000000033       0x34 CMakeFiles/Serial-IR-Blaster.dir/home/matthew/pico/pico-sdk/src/rp2_common/pico_double/double_init_rom.c.obj
 .comment       0x0000000000000033       0x34 CMakeFiles/Serial-IR-Blaster.dir/home/matthew/pico/pico-sdk/src/rp2_common/pico_float/float_init_rom.c.obj
 .comment       0x0000000000000033       0x34 CMakeFiles/Serial-IR-Blaster.dir/home/matthew/pico/pico-sdk/src/rp2_common/pico_standard_link/binary_info.c.obj
 .comment       0x0000000000000033       0x34 CMakeFiles/Serial-IR-Blaster.dir/home/matthew/pico/pico-sdk/src/rp2_common/pico_stdio/stdio.c.obj
 .comment       0x0000000000000033       0x34 CMakeFiles/Serial-IR-Blaster.dir/home/matthew/pico/pico-sdk/src/rp2_common/pico_stdio_uart/stdio_uart.c.obj
 .comment       0x0000000000000033       0x34 CMakeFiles/Serial-IR-Blaster.dir/home/matthew/pico/pico-sdk/src/rp2_common/hardware_pio/pio.c.obj
 .comment       0x0000000000000033       0x34 /usr/lib/gcc/arm-none-eabi/10.3.1/../../../arm-none-eabi/lib/thumb/v6-m/nofp/libg.a(lib_a-strlen-stub.o)
 .comment       0x0000000000000033       0x34 /usr/lib/gcc/arm-none-eabi/10.3.1/thumb/v6-m/nofp/crtend.o

.debug_info     0x0000000000000000    0x167e3
 .debug_info    0x0000000000000000     0x1054 CMakeFiles/Serial-IR-Blaster.dir/main.c.obj
 .debug_info    0x0000000000001054     0x16b3 CMakeFiles/Serial-IR-Blaster.dir/home/matthew/pico/pico-sdk/src/rp2_common/hardware_gpio/gpio.c.obj
 .debug_info    0x0000000000002707      0x6a3 CMakeFiles/Serial-IR-Blaster.dir/home/matthew/pico/pico-sdk/src/rp2_common/hardware_claim/claim.c.obj
 .debug_info    0x0000000000002daa      0x1cb CMakeFiles/Serial-IR-Blaster.dir/home/matthew/pico/pico-sdk/src/rp2_common/pico_platform/platform.c.obj
 .debug_info    0x0000000000002f75      0x576 CMakeFiles/Serial-IR-Blaster.dir/home/matthew/pico/pico-sdk/src/rp2_common/hardware_sync/sync.c.obj
 .debug_info    0x00000000000034eb     0x1c01 CMakeFiles/Serial-IR-Blaster.dir/home/matthew/pico/pico-sdk/src/rp2_common/hardware_irq/irq.c.obj
 .debug_info    0x00000000000050ec      0x198 CMakeFiles/Serial-IR-Blaster.dir/home/matthew/pico/pico-sdk/src/common/pico_sync/lock_core.c.obj
 .debug_info    0x0000000000005284     0x3aff CMakeFiles/Serial-IR-Blaster.dir/home/matthew/pico/pico-sdk/src/common/pico_time/time.c.obj
 .debug_info    0x0000000000008d83     0x10f8 CMakeFiles/Serial-IR-Blaster.dir/home/matthew/pico/pico-sdk/src/rp2_common/hardware_timer/timer.c.obj
 .debug_info    0x0000000000009e7b     0x120c CMakeFiles/Serial-IR-Blaster.dir/home/matthew/pico/pico-sdk/src/common/pico_util/pheap.c.obj
 .debug_info    0x000000000000b087     0x1ff2 CMakeFiles/Serial-IR-Blaster.dir/home/matthew/pico/pico-sdk/src/common/pico_sync/mutex.c.obj
 .debug_info    0x000000000000d079      0xb4d CMakeFiles/Serial-IR-Blaster.dir/home/matthew/pico/pico-sdk/src/rp2_common/hardware_uart/uart.c.obj
 .debug_info    0x000000000000dbc6      0xa87 CMakeFiles/Serial-IR-Blaster.dir/home/matthew/pico/pico-sdk/src/rp2_common/pico_runtime/runtime.c.obj
 .debug_info    0x000000000000e64d      0xf33 CMakeFiles/Serial-IR-Blaster.dir/home/matthew/pico/pico-sdk/src/rp2_common/hardware_clocks/clocks.c.obj
 .debug_info    0x000000000000f580      0x532 CMakeFiles/Serial-IR-Blaster.dir/home/matthew/pico/pico-sdk/src/rp2_common/hardware_pll/pll.c.obj
 .debug_info    0x000000000000fab2      0x4ee CMakeFiles/Serial-IR-Blaster.dir/home/matthew/pico/pico-sdk/src/rp2_common/hardware_watchdog/watchdog.c.obj
 .debug_info    0x000000000000ffa0      0x1c0 CMakeFiles/Serial-IR-Blaster.dir/home/matthew/pico/pico-sdk/src/rp2_common/hardware_xosc/xosc.c.obj
 .debug_info    0x0000000000010160     0x1a47 CMakeFiles/Serial-IR-Blaster.dir/home/matthew/pico/pico-sdk/src/rp2_common/pico_printf/printf.c.obj
 .debug_info    0x0000000000011ba7       0x22 CMakeFiles/Serial-IR-Blaster.dir/home/matthew/pico/pico-sdk/src/rp2_common/pico_bit_ops/bit_ops_aeabi.S.obj
 .debug_info    0x0000000000011bc9      0x258 CMakeFiles/Serial-IR-Blaster.dir/home/matthew/pico/pico-sdk/src/rp2_common/pico_bootrom/bootrom.c.obj
 .debug_info    0x0000000000011e21       0x22 CMakeFiles/Serial-IR-Blaster.dir/home/matthew/pico/pico-sdk/src/rp2_common/pico_divider/divider.S.obj
 .debug_info    0x0000000000011e43       0x22 CMakeFiles/Serial-IR-Blaster.dir/home/matthew/pico/pico-sdk/src/rp2_common/pico_double/double_aeabi.S.obj
 .debug_info    0x0000000000011e65      0x2a1 CMakeFiles/Serial-IR-Blaster.dir/home/matthew/pico/pico-sdk/src/rp2_common/pico_double/double_init_rom.c.obj
 .debug_info    0x0000000000012106       0x22 CMakeFiles/Serial-IR-Blaster.dir/home/matthew/pico/pico-sdk/src/rp2_common/pico_double/double_v1_rom_shim.S.obj
 .debug_info    0x0000000000012128       0x26 CMakeFiles/Serial-IR-Blaster.dir/home/matthew/pico/pico-sdk/src/rp2_common/pico_int64_ops/pico_int64_ops_aeabi.S.obj
 .debug_info    0x000000000001214e       0x22 CMakeFiles/Serial-IR-Blaster.dir/home/matthew/pico/pico-sdk/src/rp2_common/pico_float/float_aeabi.S.obj
 .debug_info    0x0000000000012170      0x2bb CMakeFiles/Serial-IR-Blaster.dir/home/matthew/pico/pico-sdk/src/rp2_common/pico_float/float_init_rom.c.obj
 .debug_info    0x000000000001242b       0x22 CMakeFiles/Serial-IR-Blaster.dir/home/matthew/pico/pico-sdk/src/rp2_common/pico_float/float_v1_rom_shim.S.obj
 .debug_info    0x000000000001244d       0x22 CMakeFiles/Serial-IR-Blaster.dir/home/matthew/pico/pico-sdk/src/rp2_common/pico_mem_ops/mem_ops_aeabi.S.obj
 .debug_info    0x000000000001246f       0x22 CMakeFiles/Serial-IR-Blaster.dir/home/matthew/pico/pico-sdk/src/rp2_common/pico_standard_link/crt0.S.obj
 .debug_info    0x0000000000012491      0x2c6 CMakeFiles/Serial-IR-Blaster.dir/home/matthew/pico/pico-sdk/src/rp2_common/pico_standard_link/binary_info.c.obj
 .debug_info    0x0000000000012757     0x12ee CMakeFiles/Serial-IR-Blaster.dir/home/matthew/pico/pico-sdk/src/rp2_common/pico_stdio/stdio.c.obj
 .debug_info    0x0000000000013a45      0xc33 CMakeFiles/Serial-IR-Blaster.dir/home/matthew/pico/pico-sdk/src/rp2_common/pico_stdio_uart/stdio_uart.c.obj
 .debug_info    0x0000000000014678     0x2057 CMakeFiles/Serial-IR-Blaster.dir/home/matthew/pico/pico-sdk/src/rp2_common/hardware_pio/pio.c.obj
 .debug_info    0x00000000000166cf       0x26 /usr/lib/gcc/arm-none-eabi/10.3.1/thumb/v6-m/nofp/libgcc.a(_dvmd_tls.o)
 .debug_info    0x00000000000166f5       0xee /usr/lib/gcc/arm-none-eabi/10.3.1/../../../arm-none-eabi/lib/thumb/v6-m/nofp/libg.a(lib_a-strlen-stub.o)

.debug_abbrev   0x0000000000000000     0x4669
 .debug_abbrev  0x0000000000000000      0x362 CMakeFiles/Serial-IR-Blaster.dir/main.c.obj
 .debug_abbrev  0x0000000000000362      0x326 CMakeFiles/Serial-IR-Blaster.dir/home/matthew/pico/pico-sdk/src/rp2_common/hardware_gpio/gpio.c.obj
 .debug_abbrev  0x0000000000000688      0x2e9 CMakeFiles/Serial-IR-Blaster.dir/home/matthew/pico/pico-sdk/src/rp2_common/hardware_claim/claim.c.obj
 .debug_abbrev  0x0000000000000971       0xeb CMakeFiles/Serial-IR-Blaster.dir/home/matthew/pico/pico-sdk/src/rp2_common/pico_platform/platform.c.obj
 .debug_abbrev  0x0000000000000a5c      0x21b CMakeFiles/Serial-IR-Blaster.dir/home/matthew/pico/pico-sdk/src/rp2_common/hardware_sync/sync.c.obj
 .debug_abbrev  0x0000000000000c77      0x4fc CMakeFiles/Serial-IR-Blaster.dir/home/matthew/pico/pico-sdk/src/rp2_common/hardware_irq/irq.c.obj
 .debug_abbrev  0x0000000000001173      0x116 CMakeFiles/Serial-IR-Blaster.dir/home/matthew/pico/pico-sdk/src/common/pico_sync/lock_core.c.obj
 .debug_abbrev  0x0000000000001289      0x54d CMakeFiles/Serial-IR-Blaster.dir/home/matthew/pico/pico-sdk/src/common/pico_time/time.c.obj
 .debug_abbrev  0x00000000000017d6      0x3a2 CMakeFiles/Serial-IR-Blaster.dir/home/matthew/pico/pico-sdk/src/rp2_common/hardware_timer/timer.c.obj
 .debug_abbrev  0x0000000000001b78      0x297 CMakeFiles/Serial-IR-Blaster.dir/home/matthew/pico/pico-sdk/src/common/pico_util/pheap.c.obj
 .debug_abbrev  0x0000000000001e0f      0x386 CMakeFiles/Serial-IR-Blaster.dir/home/matthew/pico/pico-sdk/src/common/pico_sync/mutex.c.obj
 .debug_abbrev  0x0000000000002195      0x2d2 CMakeFiles/Serial-IR-Blaster.dir/home/matthew/pico/pico-sdk/src/rp2_common/hardware_uart/uart.c.obj
 .debug_abbrev  0x0000000000002467      0x3aa CMakeFiles/Serial-IR-Blaster.dir/home/matthew/pico/pico-sdk/src/rp2_common/pico_runtime/runtime.c.obj
 .debug_abbrev  0x0000000000002811      0x3a5 CMakeFiles/Serial-IR-Blaster.dir/home/matthew/pico/pico-sdk/src/rp2_common/hardware_clocks/clocks.c.obj
 .debug_abbrev  0x0000000000002bb6      0x1ea CMakeFiles/Serial-IR-Blaster.dir/home/matthew/pico/pico-sdk/src/rp2_common/hardware_pll/pll.c.obj
 .debug_abbrev  0x0000000000002da0      0x1a8 CMakeFiles/Serial-IR-Blaster.dir/home/matthew/pico/pico-sdk/src/rp2_common/hardware_watchdog/watchdog.c.obj
 .debug_abbrev  0x0000000000002f48      0x109 CMakeFiles/Serial-IR-Blaster.dir/home/matthew/pico/pico-sdk/src/rp2_common/hardware_xosc/xosc.c.obj
 .debug_abbrev  0x0000000000003051      0x384 CMakeFiles/Serial-IR-Blaster.dir/home/matthew/pico/pico-sdk/src/rp2_common/pico_printf/printf.c.obj
 .debug_abbrev  0x00000000000033d5       0x12 CMakeFiles/Serial-IR-Blaster.dir/home/matthew/pico/pico-sdk/src/rp2_common/pico_bit_ops/bit_ops_aeabi.S.obj
 .debug_abbrev  0x00000000000033e7      0x13b CMakeFiles/Serial-IR-Blaster.dir/home/matthew/pico/pico-sdk/src/rp2_common/pico_bootrom/bootrom.c.obj
 .debug_abbrev  0x0000000000003522       0x12 CMakeFiles/Serial-IR-Blaster.dir/home/matthew/pico/pico-sdk/src/rp2_common/pico_divider/divider.S.obj
 .debug_abbrev  0x0000000000003534       0x12 CMakeFiles/Serial-IR-Blaster.dir/home/matthew/pico/pico-sdk/src/rp2_common/pico_double/double_aeabi.S.obj
 .debug_abbrev  0x0000000000003546      0x179 CMakeFiles/Serial-IR-Blaster.dir/home/matthew/pico/pico-sdk/src/rp2_common/pico_double/double_init_rom.c.obj
 .debug_abbrev  0x00000000000036bf       0x12 CMakeFiles/Serial-IR-Blaster.dir/home/matthew/pico/pico-sdk/src/rp2_common/pico_double/double_v1_rom_shim.S.obj
 .debug_abbrev  0x00000000000036d1       0x14 CMakeFiles/Serial-IR-Blaster.dir/home/matthew/pico/pico-sdk/src/rp2_common/pico_int64_ops/pico_int64_ops_aeabi.S.obj
 .debug_abbrev  0x00000000000036e5       0x12 CMakeFiles/Serial-IR-Blaster.dir/home/matthew/pico/pico-sdk/src/rp2_common/pico_float/float_aeabi.S.obj
 .debug_abbrev  0x00000000000036f7      0x18c CMakeFiles/Serial-IR-Blaster.dir/home/matthew/pico/pico-sdk/src/rp2_common/pico_float/float_init_rom.c.obj
 .debug_abbrev  0x0000000000003883       0x12 CMakeFiles/Serial-IR-Blaster.dir/home/matthew/pico/pico-sdk/src/rp2_common/pico_float/float_v1_rom_shim.S.obj
 .debug_abbrev  0x0000000000003895       0x12 CMakeFiles/Serial-IR-Blaster.dir/home/matthew/pico/pico-sdk/src/rp2_common/pico_mem_ops/mem_ops_aeabi.S.obj