Archive member included to satisfy reference by file (symbol)

/usr/lib/gcc/arm-none-eabi/10.3.1/thumb/v6-m/nofp/libgcc.a(_dvmd_tls.o)
                              CMakeFiles/Serial-IR-Blaster.dir/home/matthew/pico/pico-sdk/src/rp2_common/pico_divider/divider.S.obj (__aeabi_idiv0)
/usr/lib/gcc/arm-none-eabi/10.3.1/../../../arm-none-eabi/lib/thumb/v6-m/nofp/libg.a(lib_a-atexit.o)
                              /usr/lib/gcc/arm-none-eabi/10.3.1/../../../arm-none-eabi/lib/thumb/v6-m/nofp/crt0.o (atexit)
/usr/lib/gcc/arm-none-eabi/10.3.1/../../../arm-none-eabi/lib/thumb/v6-m/nofp/libg.a(lib_a-atoi.o)
                              CMakeFiles/Serial-IR-Blaster.dir/main.c.obj (atoi)
/usr/lib/gcc/arm-none-eabi/10.3.1/../../../arm-none-eabi/lib/thumb/v6-m/nofp/libg.a(lib_a-calloc.o)
                              CMakeFiles/Serial-IR-Blaster.dir/home/matthew/pico/pico-sdk/src/rp2_common/pico_malloc/pico_malloc.c.obj (calloc)
/usr/lib/gcc/arm-none-eabi/10.3.1/../../../arm-none-eabi/lib/thumb/v6-m/nofp/libg.a(lib_a-callocr.o)
                              /usr/lib/gcc/arm-none-eabi/10.3.1/../../../arm-none-eabi/lib/thumb/v6-m/nofp/libg.a(lib_a-calloc.o) (_calloc_r)
/usr/lib/gcc/arm-none-eabi/10.3.1/../../../arm-none-eabi/lib/thumb/v6-m/nofp/libg.a(lib_a-fini.o)
                              /usr/lib/gcc/arm-none-eabi/10.3.1/../../../arm-none-eabi/lib/thumb/v6-m/nofp/crt0.o (__libc_fini_array)
/usr/lib/gcc/arm-none-eabi/10.3.1/../../../arm-none-eabi/lib/thumb/v6-m/nofp/libg.a(lib_a-impure.o)
                              /usr/lib/gcc/arm-none-eabi/10.3.1/../../../arm-none-eabi/lib/thumb/v6-m/nofp/libg.a(lib_a-calloc.o) (_impure_ptr)
/usr/lib/gcc/arm-none-eabi/10.3.1/../../../arm-none-eabi/lib/thumb/v6-m/nofp/libg.a(lib_a-init.o)
                              /usr/lib/gcc/arm-none-eabi/10.3.1/../../../arm-none-eabi/lib/thumb/v6-m/nofp/crt0.o (__libc_init_array)
/usr/lib/gcc/arm-none-eabi/10.3.1/../../../arm-none-eabi/lib/thumb/v6-m/nofp/libg.a(lib_a-malloc.o)
                              CMakeFiles/Serial-IR-Blaster.dir/home/matthew/pico/pico-sdk/src/rp2_common/pico_malloc/pico_malloc.c.obj (malloc)
/usr/lib/gcc/arm-none-eabi/10.3.1/../../../arm-none-eabi/lib/thumb/v6-m/nofp/libg.a(lib_a-mallocr.o)
                              /usr/lib/gcc/arm-none-eabi/10.3.1/../../../arm-none-eabi/lib/thumb/v6-m/nofp/libg.a(lib_a-callocr.o) (_malloc_r)
/usr/lib/gcc/arm-none-eabi/10.3.1/../../../arm-none-eabi/lib/thumb/v6-m/nofp/libg.a(lib_a-mlock.o)
                              /usr/lib/gcc/arm-none-eabi/10.3.1/../../../arm-none-eabi/lib/thumb/v6-m/nofp/libg.a(lib_a-mallocr.o) (__malloc_lock)
/usr/lib/gcc/arm-none-eabi/10.3.1/../../../arm-none-eabi/lib/thumb/v6-m/nofp/libg.a(lib_a-realloc.o)
                              CMakeFiles/Serial-IR-Blaster.dir/home/matthew/pico/pico-sdk/src/rp2_common/pico_malloc/pico_malloc.c.obj (realloc)
/usr/lib/gcc/arm-none-eabi/10.3.1/../../../arm-none-eabi/lib/thumb/v6-m/nofp/libg.a(lib_a-reallocr.o)
                              /usr/lib/gcc/arm-none-eabi/10.3.1/../../../arm-none-eabi/lib/thumb/v6-m/nofp/libg.a(lib_a-realloc.o) (_realloc_r)
/usr/lib/gcc/arm-none-eabi/10.3.1/../../../arm-none-eabi/lib/thumb/v6-m/nofp/libg.a(lib_a-sbrkr.o)
                              /usr/lib/gcc/arm-none-eabi/10.3.1/../../../arm-none-eabi/lib/thumb/v6-m/nofp/libg.a(lib_a-mallocr.o) (_sbrk_r)
/usr/lib/gcc/arm-none-eabi/10.3.1/../../../arm-none-eabi/lib/thumb/v6-m/nofp/libg.a(lib_a-strlen-stub.o)
                              CMakeFiles/Serial-IR-Blaster.dir/home/matthew/pico/pico-sdk/src/rp2_common/pico_stdio/stdio.c.obj (strlen)
/usr/lib/gcc/arm-none-eabi/10.3.1/../../../arm-none-eabi/lib/thumb/v6-m/nofp/libg.a(lib_a-strtok.o)
                              CMakeFiles/Serial-IR-Blaster.dir/main.c.obj (strtok)
/usr/lib/gcc/arm-none-eabi/10.3.1/../../../arm-none-eabi/lib/thumb/v6-m/nofp/libg.a(lib_a-strtok_r.o)
                              /usr/lib/gcc/arm-none-eabi/10.3.1/../../../arm-none-eabi/lib/thumb/v6-m/nofp/libg.a(lib_a-strtok.o) (__strtok_r)
/usr/lib/gcc/arm-none-eabi/10.3.1/../../../arm-none-eabi/lib/thumb/v6-m/nofp/libg.a(lib_a-strtol.o)
                              /usr/lib/gcc/arm-none-eabi/10.3.1/../../../arm-none-eabi/lib/thumb/v6-m/nofp/libg.a(lib_a-atoi.o) (_strtol_r)
/usr/lib/gcc/arm-none-eabi/10.3.1/../../../arm-none-eabi/lib/thumb/v6-m/nofp/libg.a(lib_a-__atexit.o)
                              /usr/lib/gcc/arm-none-eabi/10.3.1/../../../arm-none-eabi/lib/thumb/v6-m/nofp/libg.a(lib_a-atexit.o) (__register_exitproc)
/usr/lib/gcc/arm-none-eabi/10.3.1/../../../arm-none-eabi/lib/thumb/v6-m/nofp/libg.a(lib_a-ctype_.o)
                              /usr/lib/gcc/arm-none-eabi/10.3.1/../../../arm-none-eabi/lib/thumb/v6-m/nofp/libg.a(lib_a-strtol.o) (_ctype_)
/usr/lib/gcc/arm-none-eabi/10.3.1/../../../arm-none-eabi/lib/thumb/v6-m/nofp/libg.a(lib_a-errno.o)
                              /usr/lib/gcc/arm-none-eabi/10.3.1/../../../arm-none-eabi/lib/thumb/v6-m/nofp/libg.a(lib_a-strtol.o) (__errno)
[...]
Memory Configuration

Name             Origin             Length             Attributes
FLASH            0x0000000010000000 0x0000000000200000 xr
RAM              0x0000000020000000 0x0000000000040000 xrw
SCRATCH_X        0x0000000020040000 0x0000000000001000 xrw
SCRATCH_Y        0x0000000020041000 0x0000000000001000 xrw
*default*        0x0000000000000000 0xffffffffffffffff

Linker script and memory map

LOAD /usr/lib/gcc/arm-none-eabi/10.3.1/thumb/v6-m/nofp/crti.o
LOAD /usr/lib/gcc/arm-none-eabi/10.3.1/thumb/v6-m/nofp/crtbegin.o
LOAD /usr/lib/gcc/arm-none-eabi/10.3.1/../../../arm-none-eabi/lib/thumb/v6-m/nofp/crt0.o

.flash_begin    0x0000000010000000        0x0
                0x0000000010000000                __flash_binary_start = .

.boot2          0x0000000010000000      0x100
                0x0000000010000000                __boot2_start__ = .
 *(.boot2)
 .boot2         0x0000000010000000      0x100 /tmp/ccg1H3dY.o
                0x0000000010000100                __boot2_end__ = .
                0x0000000000000001                ASSERT (((__boot2_end__ - __boot2_start__) == 0x100), ERROR: Pico second stage bootloader must be 256 bytes in size)

.text           0x0000000010000100     0x46f0
                0x0000000010000100                __logical_binary_start = .
 *(.vectors)
 .vectors       0x0000000010000100       0xd4 CMakeFiles/Serial-IR-Blaster.dir/home/matthew/pico/pico-sdk/src/rp2_common/pico_standard_link/crt0.S.obj
                0x0000000010000100                __vectors
                0x0000000010000100                __VECTOR_TABLE
                0x00000000100001c0                isr_invalid
                0x00000000100001c0                __default_isrs_start
                0x00000000100001c2                isr_nmi
                0x00000000100001c4                isr_hardfault
                0x00000000100001c6                isr_svcall
                0x00000000100001c8                isr_pendsv
                0x00000000100001ca                isr_systick
                0x00000000100001cc                isr_irq30
                0x00000000100001cc                __unhandled_user_irq
                0x00000000100001cc                isr_irq13
                0x00000000100001cc                isr_irq27
                0x00000000100001cc                isr_irq31
                0x00000000100001cc                isr_irq5
                0x00000000100001cc                isr_irq11
                0x00000000100001cc                isr_irq23
                0x00000000100001cc                isr_irq18
                0x00000000100001cc                isr_irq28
                0x00000000100001cc                isr_irq19
                0x00000000100001cc                isr_irq0
                0x00000000100001cc                isr_irq6
                0x00000000100001cc                isr_irq22
                0x00000000100001cc                isr_irq17
                0x00000000100001cc                isr_irq14
                0x00000000100001cc                isr_irq2
                0x00000000100001cc                isr_irq10
                0x00000000100001cc                isr_irq8
                0x00000000100001cc                isr_irq24
                0x00000000100001cc                isr_irq1
                0x00000000100001cc                isr_irq7
                0x00000000100001cc                isr_irq21
                0x00000000100001cc                isr_irq20
                0x00000000100001cc                isr_irq15
                0x00000000100001cc                isr_irq25
                0x00000000100001cc                isr_irq4
                0x00000000100001cc                isr_irq16
                0x00000000100001cc                isr_irq29
                0x00000000100001cc                isr_irq26
                0x00000000100001cc                __default_isrs_end
                0x00000000100001cc                isr_irq3
                0x00000000100001cc                isr_irq12
                0x00000000100001cc                isr_irq9
                0x00000000100001d2                unhandled_user_irq_num_in_r0
 *(.binary_info_header)
 .binary_info_header
                0x00000000100001d4       0x14 CMakeFiles/Serial-IR-Blaster.dir/home/matthew/pico/pico-sdk/src/rp2_common/pico_standard_link/crt0.S.obj
                0x00000000100001e8                __binary_info_header_end = .
 *(.reset)
 .reset         0x00000000100001e8       0xa8 CMakeFiles/Serial-IR-Blaster.dir/home/matthew/pico/pico-sdk/src/rp2_common/pico_standard_link/crt0.S.obj
                0x00000000100001e8                _entry_point
                0x0000000010000266                __get_current_exception
 .reset         0x0000000010000290       0x30 CMakeFiles/Serial-IR-Blaster.dir/home/matthew/pico/pico-sdk/src/rp2_common/pico_standard_link/binary_info.c.obj
 *(.init)
 .init          0x00000000100002c0        0x4 /usr/lib/gcc/arm-none-eabi/10.3.1/thumb/v6-m/nofp/crti.o
                0x00000000100002c0                _init
 *(EXCLUDE_FILE(*libm.a: *libc.a:*lib_a-mem*.o *libgcc.a:) .text*)
 .text          0x00000000100002c4       0x98 /usr/lib/gcc/arm-none-eabi/10.3.1/thumb/v6-m/nofp/crtbegin.o
 .text.pio_get_default_sm_config
                0x000000001000035c       0x28 CMakeFiles/Serial-IR-Blaster.dir/main.c.obj
 .text.nec_frame
                0x0000000010000384       0x14 CMakeFiles/Serial-IR-Blaster.dir/main.c.obj
                0x0000000010000384                nec_frame
 .text.main     0x0000000010000398      0x1d0 CMakeFiles/Serial-IR-Blaster.dir/main.c.obj
                0x0000000010000398                main
 .text.gpio_set_function
                0x0000000010000568       0x30 CMakeFiles/Serial-IR-Blaster.dir/home/matthew/pico/pico-sdk/src/rp2_common/hardware_gpio/gpio.c.obj
                0x0000000010000568                gpio_set_function
 .text.hw_claim_lock
                0x0000000010000598       0x18 CMakeFiles/Serial-IR-Blaster.dir/home/matthew/pico/pico-sdk/src/rp2_common/hardware_claim/claim.c.obj
                0x0000000010000598                hw_claim_lock
 .text.hw_claim_unlock
                0x00000000100005b0       0x14 CMakeFiles/Serial-IR-Blaster.dir/home/matthew/pico/pico-sdk/src/rp2_common/hardware_claim/claim.c.obj
                0x00000000100005b0                hw_claim_unlock
 .text.hw_claim_or_assert
                0x00000000100005c4       0x32 CMakeFiles/Serial-IR-Blaster.dir/home/matthew/pico/pico-sdk/src/rp2_common/hardware_claim/claim.c.obj
                0x00000000100005c4                hw_claim_or_assert
 .text.hw_claim_unused_from_range
                0x00000000100005f6       0x50 CMakeFiles/Serial-IR-Blaster.dir/home/matthew/pico/pico-sdk/src/rp2_common/hardware_claim/claim.c.obj
                0x00000000100005f6                hw_claim_unused_from_range
 *fill*         0x0000000010000646        0x2 
 .text.running_on_fpga
                0x0000000010000648       0x14 CMakeFiles/Serial-IR-Blaster.dir/home/matthew/pico/pico-sdk/src/rp2_common/pico_platform/platform.c.obj
                0x0000000010000648                running_on_fpga
 .text.spin_locks_reset
                0x000000001000065c       0x20 CMakeFiles/Serial-IR-Blaster.dir/home/matthew/pico/pico-sdk/src/rp2_common/hardware_sync/sync.c.obj
                0x000000001000065c                spin_locks_reset
 .text.next_striped_spin_lock_num
                0x000000001000067c       0x1c CMakeFiles/Serial-IR-Blaster.dir/home/matthew/pico/pico-sdk/src/rp2_common/hardware_sync/sync.c.obj
                0x000000001000067c                next_striped_spin_lock_num
 .text.set_raw_irq_handler_and_unlock
                0x0000000010000698       0x28 CMakeFiles/Serial-IR-Blaster.dir/home/matthew/pico/pico-sdk/src/rp2_common/hardware_irq/irq.c.obj
 .text.make_branch
                0x00000000100006c0       0x48 CMakeFiles/Serial-IR-Blaster.dir/home/matthew/pico/pico-sdk/src/rp2_common/hardware_irq/irq.c.obj
 .text.insert_branch_and_link
                0x0000000010000708       0x40 CMakeFiles/Serial-IR-Blaster.dir/home/matthew/pico/pico-sdk/src/rp2_common/hardware_irq/irq.c.obj
 .text.irq_is_enabled
                0x0000000010000748       0x18 CMakeFiles/Serial-IR-Blaster.dir/home/matthew/pico/pico-sdk/src/rp2_common/hardware_irq/irq.c.obj
                0x0000000010000748                irq_is_enabled
 .text.irq_set_mask_enabled
                0x0000000010000760       0x20 CMakeFiles/Serial-IR-Blaster.dir/home/matthew/pico/pico-sdk/src/rp2_common/hardware_irq/irq.c.obj
                0x0000000010000760                irq_set_mask_enabled
 .text.irq_set_enabled
                0x0000000010000780        0xe CMakeFiles/Serial-IR-Blaster.dir/home/matthew/pico/pico-sdk/src/rp2_common/hardware_irq/irq.c.obj
                0x0000000010000780                irq_set_enabled
 *fill*         0x000000001000078e        0x2 
 .text.irq_get_vtable_handler
                0x0000000010000790       0x10 CMakeFiles/Serial-IR-Blaster.dir/home/matthew/pico/pico-sdk/src/rp2_common/hardware_irq/irq.c.obj
                0x0000000010000790                irq_get_vtable_handler
 .text.irq_set_exclusive_handler
                0x00000000100007a0       0x54 CMakeFiles/Serial-IR-Blaster.dir/home/matthew/pico/pico-sdk/src/rp2_common/hardware_irq/irq.c.obj
                0x00000000100007a0                irq_set_exclusive_handler
 .text.irq_remove_handler
                0x00000000100007f4      0x1a8 CMakeFiles/Serial-IR-Blaster.dir/home/matthew/pico/pico-sdk/src/rp2_common/hardware_irq/irq.c.obj
                0x00000000100007f4                irq_remove_handler
 .text.irq_add_tail_to_free_list
                0x000000001000099c       0xf0 CMakeFiles/Serial-IR-Blaster.dir/home/matthew/pico/pico-sdk/src/rp2_common/hardware_irq/irq.c.obj
                0x000000001000099c                irq_add_tail_to_free_list
 .text.irq_init_priorities
                0x0000000010000a8c       0x1c CMakeFiles/Serial-IR-Blaster.dir/home/matthew/pico/pico-sdk/src/rp2_common/hardware_irq/irq.c.obj
                0x0000000010000a8c                irq_init_priorities
 .text.lock_init
                0x0000000010000aa8       0x10 CMakeFiles/Serial-IR-Blaster.dir/home/matthew/pico/pico-sdk/src/common/pico_sync/lock_core.c.obj
                0x0000000010000aa8                lock_init
 .text.alarm_pool_post_alloc_init
                0x0000000010000ab8       0x40 CMakeFiles/Serial-IR-Blaster.dir/home/matthew/pico/pico-sdk/src/common/pico_time/time.c.obj
 .text.timer_pool_entry_comparator
                0x0000000010000af8       0x7c CMakeFiles/Serial-IR-Blaster.dir/home/matthew/pico/pico-sdk/src/common/pico_time/time.c.obj
                0x0000000010000af8                timer_pool_entry_comparator
 .text.ph_add_child_node
                0x0000000010000b74       0xa4 CMakeFiles/Serial-IR-Blaster.dir/home/matthew/pico/pico-sdk/src/common/pico_time/time.c.obj
 .text.ph_merge_nodes
                0x0000000010000c18       0x3e CMakeFiles/Serial-IR-Blaster.dir/home/matthew/pico/pico-sdk/src/common/pico_time/time.c.obj
 *fill*         0x0000000010000c56        0x2 
 .text.add_alarm_under_lock
                0x0000000010000c58      0x174 CMakeFiles/Serial-IR-Blaster.dir/home/matthew/pico/pico-sdk/src/common/pico_time/time.c.obj
 .text.alarm_pool_alarm_callback
                0x0000000010000dcc      0x328 CMakeFiles/Serial-IR-Blaster.dir/home/matthew/pico/pico-sdk/src/common/pico_time/time.c.obj
 .text.alarm_pool_init_default
                0x00000000100010f4       0x38 CMakeFiles/Serial-IR-Blaster.dir/home/matthew/pico/pico-sdk/src/common/pico_time/time.c.obj
                0x00000000100010f4                alarm_pool_init_default
 .text.hardware_alarm_irq_handler
                0x000000001000112c       0x8c CMakeFiles/Serial-IR-Blaster.dir/home/matthew/pico/pico-sdk/src/rp2_common/hardware_timer/timer.c.obj
 .text.hardware_alarm_claim
                0x00000000100011b8       0x18 CMakeFiles/Serial-IR-Blaster.dir/home/matthew/pico/pico-sdk/src/rp2_common/hardware_timer/timer.c.obj
                0x00000000100011b8                hardware_alarm_claim
 .text.time_us_64
                0x00000000100011d0       0x18 CMakeFiles/Serial-IR-Blaster.dir/home/matthew/pico/pico-sdk/src/rp2_common/hardware_timer/timer.c.obj
                0x00000000100011d0                time_us_64
 .text.hardware_alarm_set_callback
                0x00000000100011e8       0x90 CMakeFiles/Serial-IR-Blaster.dir/home/matthew/pico/pico-sdk/src/rp2_common/hardware_timer/timer.c.obj
                0x00000000100011e8                hardware_alarm_set_callback
 .text.hardware_alarm_set_target
                0x0000000010001278       0xe8 CMakeFiles/Serial-IR-Blaster.dir/home/matthew/pico/pico-sdk/src/rp2_common/hardware_timer/timer.c.obj
                0x0000000010001278                hardware_alarm_set_target
 .text.hardware_alarm_cancel
                0x0000000010001360       0x40 CMakeFiles/Serial-IR-Blaster.dir/home/matthew/pico/pico-sdk/src/rp2_common/hardware_timer/timer.c.obj
                0x0000000010001360                hardware_alarm_cancel
 .text.ph_add_child_node
                0x00000000100013a0       0xa4 CMakeFiles/Serial-IR-Blaster.dir/home/matthew/pico/pico-sdk/src/common/pico_util/pheap.c.obj
 .text.ph_merge_nodes
                0x0000000010001444       0x3e CMakeFiles/Serial-IR-Blaster.dir/home/matthew/pico/pico-sdk/src/common/pico_util/pheap.c.obj
 *fill*         0x0000000010001482        0x2 
 .text.ph_clear
                0x0000000010001484       0x70 CMakeFiles/Serial-IR-Blaster.dir/home/matthew/pico/pico-sdk/src/common/pico_util/pheap.c.obj
                0x0000000010001484                ph_clear
 .text.ph_post_alloc_init
                0x00000000100014f4        0xe CMakeFiles/Serial-IR-Blaster.dir/home/matthew/pico/pico-sdk/src/common/pico_util/pheap.c.obj
                0x00000000100014f4                ph_post_alloc_init
 *fill*         0x0000000010001502        0x2 
 .text.ph_merge_two_pass
                0x0000000010001504       0xa8 CMakeFiles/Serial-IR-Blaster.dir/home/matthew/pico/pico-sdk/src/common/pico_util/pheap.c.obj
                0x0000000010001504                ph_merge_two_pass
 .text.ph_remove_any_head
                0x00000000100015ac      0x108 CMakeFiles/Serial-IR-Blaster.dir/home/matthew/pico/pico-sdk/src/common/pico_util/pheap.c.obj
 .text.ph_remove_head
                0x00000000100016b4       0x14 CMakeFiles/Serial-IR-Blaster.dir/home/matthew/pico/pico-sdk/src/common/pico_util/pheap.c.obj
                0x00000000100016b4                ph_remove_head
 .text.ph_remove_and_free_node
                0x00000000100016c8       0xf8 CMakeFiles/Serial-IR-Blaster.dir/home/matthew/pico/pico-sdk/src/common/pico_util/pheap.c.obj
                0x00000000100016c8                ph_remove_and_free_node
 .text.mutex_init
                0x00000000100017c0       0x1a CMakeFiles/Serial-IR-Blaster.dir/home/matthew/pico/pico-sdk/src/common/pico_sync/mutex.c.obj
                0x00000000100017c0                mutex_init
 .text.recursive_mutex_init
                0x00000000100017da       0x1e CMakeFiles/Serial-IR-Blaster.dir/home/matthew/pico/pico-sdk/src/common/pico_sync/mutex.c.obj
                0x00000000100017da                recursive_mutex_init
 .text.uart_set_baudrate
                0x00000000100017f8       0x5c CMakeFiles/Serial-IR-Blaster.dir/home/matthew/pico/pico-sdk/src/rp2_common/hardware_uart/uart.c.obj
                0x00000000100017f8                uart_set_baudrate
 .text.uart_set_translate_crlf
                0x0000000010001854       0x28 CMakeFiles/Serial-IR-Blaster.dir/home/matthew/pico/pico-sdk/src/rp2_common/hardware_uart/uart.c.obj
                0x0000000010001854                uart_set_translate_crlf
 .text.uart_init
                0x000000001000187c       0x80 CMakeFiles/Serial-IR-Blaster.dir/home/matthew/pico/pico-sdk/src/rp2_common/hardware_uart/uart.c.obj
                0x000000001000187c                uart_init
 .text._exit    0x00000000100018fc        0x4 CMakeFiles/Serial-IR-Blaster.dir/home/matthew/pico/pico-sdk/src/rp2_common/pico_runtime/runtime.c.obj
                0x00000000100018fc                _exit
 .text.exit     0x0000000010001900        0x6 CMakeFiles/Serial-IR-Blaster.dir/home/matthew/pico/pico-sdk/src/rp2_common/pico_runtime/runtime.c.obj
                0x0000000010001900                exit
 *fill*         0x0000000010001906        0x2 
 .text.__assert_func
                0x0000000010001908       0x3c CMakeFiles/Serial-IR-Blaster.dir/home/matthew/pico/pico-sdk/src/rp2_common/pico_runtime/runtime.c.obj
                0x0000000010001908                __assert_func
 .text.runtime_init
                0x0000000010001944       0xf8 CMakeFiles/Serial-IR-Blaster.dir/home/matthew/pico/pico-sdk/src/rp2_common/pico_runtime/runtime.c.obj
                0x0000000010001944                runtime_init
 .text.panic    0x0000000010001a3c       0x30 CMakeFiles/Serial-IR-Blaster.dir/home/matthew/pico/pico-sdk/src/rp2_common/pico_runtime/runtime.c.obj
                0x0000000010001a3c                panic
 .text.clock_configure
                0x0000000010001a6c      0x104 CMakeFiles/Serial-IR-Blaster.dir/home/matthew/pico/pico-sdk/src/rp2_common/hardware_clocks/clocks.c.obj
                0x0000000010001a6c                clock_configure
 .text.clocks_init
                0x0000000010001b70      0x100 CMakeFiles/Serial-IR-Blaster.dir/home/matthew/pico/pico-sdk/src/rp2_common/hardware_clocks/clocks.c.obj
                0x0000000010001b70                clocks_init
 .text.clock_get_hz
                0x0000000010001c70        0xc CMakeFiles/Serial-IR-Blaster.dir/home/matthew/pico/pico-sdk/src/rp2_common/hardware_clocks/clocks.c.obj
                0x0000000010001c70                clock_get_hz
 .text.pll_init
                0x0000000010001c7c      0x140 CMakeFiles/Serial-IR-Blaster.dir/home/matthew/pico/pico-sdk/src/rp2_common/hardware_pll/pll.c.obj
                0x0000000010001c7c                pll_init
 .text.watchdog_start_tick
                0x0000000010001dbc       0x10 CMakeFiles/Serial-IR-Blaster.dir/home/matthew/pico/pico-sdk/src/rp2_common/hardware_watchdog/watchdog.c.obj
                0x0000000010001dbc                watchdog_start_tick
 .text.xosc_init
                0x0000000010001dcc       0x28 CMakeFiles/Serial-IR-Blaster.dir/home/matthew/pico/pico-sdk/src/rp2_common/hardware_xosc/xosc.c.obj
                0x0000000010001dcc                xosc_init
 .text._out_null
                0x0000000010001df4        0x2 CMakeFiles/Serial-IR-Blaster.dir/home/matthew/pico/pico-sdk/src/rp2_common/pico_printf/printf.c.obj
 .text._out_fct
                0x0000000010001df6        0xe CMakeFiles/Serial-IR-Blaster.dir/home/matthew/pico/pico-sdk/src/rp2_common/pico_printf/printf.c.obj
 .text._atoi    0x0000000010001e04       0x24 CMakeFiles/Serial-IR-Blaster.dir/home/matthew/pico/pico-sdk/src/rp2_common/pico_printf/printf.c.obj
 .text._out_rev
                0x0000000010001e28       0xae CMakeFiles/Serial-IR-Blaster.dir/home/matthew/pico/pico-sdk/src/rp2_common/pico_printf/printf.c.obj
 .text._ntoa_format
                0x0000000010001ed6      0x112 CMakeFiles/Serial-IR-Blaster.dir/home/matthew/pico/pico-sdk/src/rp2_common/pico_printf/printf.c.obj
 .text._ntoa_long
                0x0000000010001fe8       0xbc CMakeFiles/Serial-IR-Blaster.dir/home/matthew/pico/pico-sdk/src/rp2_common/pico_printf/printf.c.obj
 .text._ntoa_long_long
                0x00000000100020a4       0xe2 CMakeFiles/Serial-IR-Blaster.dir/home/matthew/pico/pico-sdk/src/rp2_common/pico_printf/printf.c.obj
 *fill*         0x0000000010002186        0x2 
 .text._etoa    0x0000000010002188      0x414 CMakeFiles/Serial-IR-Blaster.dir/home/matthew/pico/pico-sdk/src/rp2_common/pico_printf/printf.c.obj
 .text._ftoa    0x000000001000259c      0x354 CMakeFiles/Serial-IR-Blaster.dir/home/matthew/pico/pico-sdk/src/rp2_common/pico_printf/printf.c.obj
 .text._vsnprintf
                0x00000000100028f0      0x624 CMakeFiles/Serial-IR-Blaster.dir/home/matthew/pico/pico-sdk/src/rp2_common/pico_printf/printf.c.obj
 .text.vfctprintf
                0x0000000010002f14       0x20 CMakeFiles/Serial-IR-Blaster.dir/home/matthew/pico/pico-sdk/src/rp2_common/pico_printf/printf.c.obj
                0x0000000010002f14                vfctprintf
 .text          0x0000000010002f34       0x10 CMakeFiles/Serial-IR-Blaster.dir/home/matthew/pico/pico-sdk/src/rp2_common/pico_bit_ops/bit_ops_aeabi.S.obj
 .text.rom_func_lookup
                0x0000000010002f44       0x10 CMakeFiles/Serial-IR-Blaster.dir/home/matthew/pico/pico-sdk/src/rp2_common/pico_bootrom/bootrom.c.obj
                0x0000000010002f44                rom_func_lookup
 .text.rom_data_lookup
                0x0000000010002f54       0x10 CMakeFiles/Serial-IR-Blaster.dir/home/matthew/pico/pico-sdk/src/rp2_common/pico_bootrom/bootrom.c.obj
                0x0000000010002f54                rom_data_lookup
 .text.rom_funcs_lookup
                0x0000000010002f64       0x36 CMakeFiles/Serial-IR-Blaster.dir/home/matthew/pico/pico-sdk/src/rp2_common/pico_bootrom/bootrom.c.obj
                0x0000000010002f64                rom_funcs_lookup
 *fill*         0x0000000010002f9a        0x2 
 .text.__wrap___aeabi_idiv
                0x0000000010002f9c       0x50 CMakeFiles/Serial-IR-Blaster.dir/home/matthew/pico/pico-sdk/src/rp2_common/pico_divider/divider.S.obj
                0x0000000010002f9c                __wrap___aeabi_idivmod
                0x0000000010002f9c                divmod_s32s32
                0x0000000010002f9c                div_s32s32
                0x0000000010002f9c                __wrap___aeabi_idiv
                0x0000000010002fa4                divmod_s32s32_unsafe
                0x0000000010002fd0                divmod_s32s32_savestate
 .text.__wrap___aeabi_uidiv
                0x0000000010002fec       0x4c CMakeFiles/Serial-IR-Blaster.dir/home/matthew/pico/pico-sdk/src/rp2_common/pico_divider/divider.S.obj
                0x0000000010002fec                __wrap___aeabi_uidiv
                0x0000000010002fec                __wrap___aeabi_uidivmod
                0x0000000010002fec                div_u32u32
                0x0000000010002fec                divmod_u32u32
                0x0000000010002ff4                divmod_u32u32_unsafe
                0x000000001000301c                divmod_u32u32_savestate
 .text.__wrap___aeabi_ldiv
                0x0000000010003038      0x434 CMakeFiles/Serial-IR-Blaster.dir/home/matthew/pico/pico-sdk/src/rp2_common/pico_divider/divider.S.obj
                0x0000000010003038                div_s64s64
                0x0000000010003038                divmod_s64s64
                0x0000000010003038                __wrap___aeabi_ldivmod
                0x0000000010003070                div_u64u64
                0x0000000010003070                divmod_u64u64
                0x0000000010003070                __wrap___aeabi_uldivmod
                0x0000000010003080                divmod_u64u64_savestate
                0x00000000100030a8                divmod_s64s64_unsafe
                0x0000000010003130                divmod_u64u64_unsafe
 .text.__wrap___aeabi_darithmetic
                0x000000001000346c       0x80 CMakeFiles/Serial-IR-Blaster.dir/home/matthew/pico/pico-sdk/src/rp2_common/pico_double/double_aeabi.S.obj
                0x000000001000346c                __wrap___aeabi_drsub
                0x0000000010003472                __wrap___aeabi_dsub
                0x0000000010003484                __wrap___aeabi_dadd
                0x0000000010003496                __wrap___aeabi_ddiv
                0x00000000100034d2                __wrap___aeabi_dmul
 .text.__wrap___aeabi_cdcmple
                0x00000000100034ec       0x6c CMakeFiles/Serial-IR-Blaster.dir/home/matthew/pico/pico-sdk/src/rp2_common/pico_double/double_aeabi.S.obj
                0x00000000100034ec                __wrap___aeabi_cdrcmple
                0x00000000100034fc                __wrap___aeabi_cdcmple
                0x00000000100034fc                __wrap___aeabi_cdcmpeq
 .text.__wrap___aeabi_dcmplt
                0x0000000010003558        0xc CMakeFiles/Serial-IR-Blaster.dir/home/matthew/pico/pico-sdk/src/rp2_common/pico_double/double_aeabi.S.obj
                0x0000000010003558                __wrap___aeabi_dcmplt
 .text.__wrap___aeabi_dcmple
                0x0000000010003564       0x10 CMakeFiles/Serial-IR-Blaster.dir/home/matthew/pico/pico-sdk/src/rp2_common/pico_double/double_aeabi.S.obj
                0x0000000010003564                __wrap___aeabi_dcmple
 .text.__wrap___aeabi_dcmpge
                0x0000000010003574       0x10 CMakeFiles/Serial-IR-Blaster.dir/home/matthew/pico/pico-sdk/src/rp2_common/pico_double/double_aeabi.S.obj
                0x0000000010003574                __wrap___aeabi_dcmpge
 .text.__wrap___aeabi_dcmpgt
                0x0000000010003584        0xa CMakeFiles/Serial-IR-Blaster.dir/home/matthew/pico/pico-sdk/src/rp2_common/pico_double/double_aeabi.S.obj
                0x0000000010003584                __wrap___aeabi_dcmpgt
 .text.__wrap___aeabi_dcmpun
                0x000000001000358e       0x1c CMakeFiles/Serial-IR-Blaster.dir/home/matthew/pico/pico-sdk/src/rp2_common/pico_double/double_aeabi.S.obj
                0x000000001000358e                __wrap___aeabi_dcmpun
 *fill*         0x00000000100035aa        0x2 
 .text.__wrap___aeabi_i2d
                0x00000000100035ac       0x38 CMakeFiles/Serial-IR-Blaster.dir/home/matthew/pico/pico-sdk/src/rp2_common/pico_double/double_aeabi.S.obj
                0x00000000100035ac                __wrap___aeabi_ui2d
                0x00000000100035b4                __wrap___aeabi_i2d
 .text.__wrap___aeabi_d2iz
                0x00000000100035e4       0x48 CMakeFiles/Serial-IR-Blaster.dir/home/matthew/pico/pico-sdk/src/rp2_common/pico_double/double_aeabi.S.obj
                0x00000000100035e4                __wrap___aeabi_d2iz
                0x00000000100035e4                double2int_z
 .text.__wrap___aeabi_d2uiz
                0x000000001000362c       0x18 CMakeFiles/Serial-IR-Blaster.dir/home/matthew/pico/pico-sdk/src/rp2_common/pico_double/double_aeabi.S.obj
                0x000000001000362c                double2uint
                0x000000001000362c                __wrap___aeabi_d2uiz
 .text.__aeabi_double_init
                0x0000000010003644       0xc8 CMakeFiles/Serial-IR-Blaster.dir/home/matthew/pico/pico-sdk/src/rp2_common/pico_double/double_init_rom.c.obj
                0x0000000010003644                __aeabi_double_init
 .text.double_table_shim_on_use_helper
                0x000000001000370c       0x34 CMakeFiles/Serial-IR-Blaster.dir/home/matthew/pico/pico-sdk/src/rp2_common/pico_double/double_v1_rom_shim.S.obj
                0x000000001000370c                double_table_shim_on_use_helper
 .text.__wrap___aeabi_dsub
                0x0000000010003740       0x10 CMakeFiles/Serial-IR-Blaster.dir/home/matthew/pico/pico-sdk/src/rp2_common/pico_double/double_v1_rom_shim.S.obj
                0x0000000010003740                drsub_shim
                0x0000000010003746                dsub_shim
 .text.dadd_shim
                0x0000000010003750      0x15c CMakeFiles/Serial-IR-Blaster.dir/home/matthew/pico/pico-sdk/src/rp2_common/pico_double/double_v1_rom_shim.S.obj
                0x0000000010003750                dadd_shim
 .text.dmul_shim
                0x00000000100038ac      0x15c CMakeFiles/Serial-IR-Blaster.dir/home/matthew/pico/pico-sdk/src/rp2_common/pico_double/double_v1_rom_shim.S.obj
                0x00000000100038ac                dmul_shim
 .text.ddiv_shim
                0x0000000010003a08      0x1b0 CMakeFiles/Serial-IR-Blaster.dir/home/matthew/pico/pico-sdk/src/rp2_common/pico_double/double_v1_rom_shim.S.obj
                0x0000000010003a08                ddiv_shim
 .text.double2uint_shim
                0x0000000010003bb8        0xe CMakeFiles/Serial-IR-Blaster.dir/home/matthew/pico/pico-sdk/src/rp2_common/pico_double/double_v1_rom_shim.S.obj
                0x0000000010003bb8                double2uint_shim
                0x0000000010003bba                double2ufix_shim
 *fill*         0x0000000010003bc6        0x2 
 .text.double2uint64_shim
                0x0000000010003bc8       0x70 CMakeFiles/Serial-IR-Blaster.dir/home/matthew/pico/pico-sdk/src/rp2_common/pico_double/double_v1_rom_shim.S.obj
                0x0000000010003bc8                double2uint64_shim
                0x0000000010003bca                double2ufix64_shim
                0x0000000010003bea                d2fix_a
 .text.dunpacks
                0x0000000010003c38       0x3c CMakeFiles/Serial-IR-Blaster.dir/home/matthew/pico/pico-sdk/src/rp2_common/pico_double/double_v1_rom_shim.S.obj
                0x0000000010003c38                dunpacks
 .text.__aeabi_float_init
                0x0000000010003c74       0xfc CMakeFiles/Serial-IR-Blaster.dir/home/matthew/pico/pico-sdk/src/rp2_common/pico_float/float_init_rom.c.obj
                0x0000000010003c74                __aeabi_float_init
 .text.float_table_shim_on_use_helper
                0x0000000010003d70       0x34 CMakeFiles/Serial-IR-Blaster.dir/home/matthew/pico/pico-sdk/src/rp2_common/pico_float/float_v1_rom_shim.S.obj
                0x0000000010003d70                float_table_shim_on_use_helper
 .text          0x0000000010003da4       0x10 CMakeFiles/Serial-IR-Blaster.dir/home/matthew/pico/pico-sdk/src/rp2_common/pico_mem_ops/mem_ops_aeabi.S.obj
                0x0000000010003da4                __aeabi_mem_init
 .text.memset   0x0000000010003db4        0xc CMakeFiles/Serial-IR-Blaster.dir/home/matthew/pico/pico-sdk/src/rp2_common/pico_mem_ops/mem_ops_aeabi.S.obj
                0x0000000010003db4                __wrap_memset
 .text.memcpy   0x0000000010003dc0        0xc CMakeFiles/Serial-IR-Blaster.dir/home/matthew/pico/pico-sdk/src/rp2_common/pico_mem_ops/mem_ops_aeabi.S.obj
                0x0000000010003dc0                __wrap___aeabi_memcpy
                0x0000000010003dc0                __wrap_memcpy
 .text.stdio_out_chars_no_crlf
                0x0000000010003dcc        0xe CMakeFiles/Serial-IR-Blaster.dir/home/matthew/pico/pico-sdk/src/rp2_common/pico_stdio/stdio.c.obj
 *fill*         0x0000000010003dda        0x2 
 .text.stdio_out_chars_crlf
                0x0000000010003ddc       0x80 CMakeFiles/Serial-IR-Blaster.dir/home/matthew/pico/pico-sdk/src/rp2_common/pico_stdio/stdio.c.obj
 .text.stdio_stack_buffer_flush
                0x0000000010003e5c       0x44 CMakeFiles/Serial-IR-Blaster.dir/home/matthew/pico/pico-sdk/src/rp2_common/pico_stdio/stdio.c.obj
 .text.stdio_buffered_printer
                0x0000000010003ea0       0x20 CMakeFiles/Serial-IR-Blaster.dir/home/matthew/pico/pico-sdk/src/rp2_common/pico_stdio/stdio.c.obj
 .text.stdout_serialize_begin
                0x0000000010003ec0       0x30 CMakeFiles/Serial-IR-Blaster.dir/home/matthew/pico/pico-sdk/src/rp2_common/pico_stdio/stdio.c.obj
                0x0000000010003ec0                stdout_serialize_begin
 .text.stdout_serialize_end
                0x0000000010003ef0       0x10 CMakeFiles/Serial-IR-Blaster.dir/home/matthew/pico/pico-sdk/src/rp2_common/pico_stdio/stdio.c.obj
                0x0000000010003ef0                stdout_serialize_end
 .text.stdio_put_string
                0x0000000010003f00       0x98 CMakeFiles/Serial-IR-Blaster.dir/home/matthew/pico/pico-sdk/src/rp2_common/pico_stdio/stdio.c.obj
 .text.__wrap_putchar
                0x0000000010003f98       0x1c CMakeFiles/Serial-IR-Blaster.dir/home/matthew/pico/pico-sdk/src/rp2_common/pico_stdio/stdio.c.obj
                0x0000000010003f98                __wrap_putchar
 .text.stdio_set_driver_enabled
                0x0000000010003fb4       0x2c CMakeFiles/Serial-IR-Blaster.dir/home/matthew/pico/pico-sdk/src/rp2_common/pico_stdio/stdio.c.obj
                0x0000000010003fb4                stdio_set_driver_enabled
 .text.stdio_flush
                0x0000000010003fe0       0x20 CMakeFiles/Serial-IR-Blaster.dir/home/matthew/pico/pico-sdk/src/rp2_common/pico_stdio/stdio.c.obj
                0x0000000010003fe0                stdio_flush
 .text.__wrap_puts
                0x0000000010004000       0x1e CMakeFiles/Serial-IR-Blaster.dir/home/matthew/pico/pico-sdk/src/rp2_common/pico_stdio/stdio.c.obj
                0x0000000010004000                __wrap_puts
 *fill*         0x000000001000401e        0x2 
 .text.__wrap_vprintf
                0x0000000010004020       0x44 CMakeFiles/Serial-IR-Blaster.dir/home/matthew/pico/pico-sdk/src/rp2_common/pico_stdio/stdio.c.obj
                0x0000000010004020                __wrap_vprintf
 .text.__wrap_printf
                0x0000000010004064       0x18 CMakeFiles/Serial-IR-Blaster.dir/home/matthew/pico/pico-sdk/src/rp2_common/pico_stdio/stdio.c.obj
                0x0000000010004064                __wrap_printf
 .text.stdio_init_all
                0x000000001000407c        0x8 CMakeFiles/Serial-IR-Blaster.dir/home/matthew/pico/pico-sdk/src/rp2_common/pico_stdio/stdio.c.obj
                0x000000001000407c                stdio_init_all
 .text.stdio_uart_out_chars
                0x0000000010004084       0x74 CMakeFiles/Serial-IR-Blaster.dir/home/matthew/pico/pico-sdk/src/rp2_common/pico_stdio_uart/stdio_uart.c.obj
 .text.stdio_uart_in_chars
                0x00000000100040f8       0x58 CMakeFiles/Serial-IR-Blaster.dir/home/matthew/pico/pico-sdk/src/rp2_common/pico_stdio_uart/stdio_uart.c.obj
                0x00000000100040f8                stdio_uart_in_chars
 .text.stdio_uart_init_full
                0x0000000010004150       0x3c CMakeFiles/Serial-IR-Blaster.dir/home/matthew/pico/pico-sdk/src/rp2_common/pico_stdio_uart/stdio_uart.c.obj
                0x0000000010004150                stdio_uart_init_full
 .text.stdio_uart_init
                0x000000001000418c       0x28 CMakeFiles/Serial-IR-Blaster.dir/home/matthew/pico/pico-sdk/src/rp2_common/pico_stdio_uart/stdio_uart.c.obj
                0x000000001000418c                stdio_uart_init
 .text.stdin_uart_init
                0x00000000100041b4       0x28 CMakeFiles/Serial-IR-Blaster.dir/home/matthew/pico/pico-sdk/src/rp2_common/pico_stdio_uart/stdio_uart.c.obj
                0x00000000100041b4                stdin_uart_init
 .text._pio_can_add_program_at_offset
                0x00000000100041dc       0x3c CMakeFiles/Serial-IR-Blaster.dir/home/matthew/pico/pico-sdk/src/rp2_common/hardware_pio/pio.c.obj
 .text._pio_find_offset_for_program
                0x0000000010004218       0x7c CMakeFiles/Serial-IR-Blaster.dir/home/matthew/pico/pico-sdk/src/rp2_common/hardware_pio/pio.c.obj
 .text._pio_add_program_at_offset
                0x0000000010004294       0x78 CMakeFiles/Serial-IR-Blaster.dir/home/matthew/pico/pico-sdk/src/rp2_common/hardware_pio/pio.c.obj
 .text.pio_claim_unused_sm
                0x000000001000430c       0x3c CMakeFiles/Serial-IR-Blaster.dir/home/matthew/pico/pico-sdk/src/rp2_common/hardware_pio/pio.c.obj
                0x000000001000430c                pio_claim_unused_sm
 .text.pio_add_program
                0x0000000010004348       0x38 CMakeFiles/Serial-IR-Blaster.dir/home/matthew/pico/pico-sdk/src/rp2_common/hardware_pio/pio.c.obj
                0x0000000010004348                pio_add_program
 .text.pio_sm_set_consecutive_pindirs
                0x0000000010004380       0x70 CMakeFiles/Serial-IR-Blaster.dir/home/matthew/pico/pico-sdk/src/rp2_common/hardware_pio/pio.c.obj
                0x0000000010004380                pio_sm_set_consecutive_pindirs
 .text.pio_sm_init
                0x00000000100043f0       0xe4 CMakeFiles/Serial-IR-Blaster.dir/home/matthew/pico/pico-sdk/src/rp2_common/hardware_pio/pio.c.obj
                0x00000000100043f0                pio_sm_init
 .text          0x00000000100044d4       0x18 /usr/lib/gcc/arm-none-eabi/10.3.1/../../../arm-none-eabi/lib/thumb/v6-m/nofp/libg.a(lib_a-atoi.o)
                0x00000000100044d4                atoi
                0x00000000100044e0                _atoi_r
 .text          0x00000000100044ec       0x5c /usr/lib/gcc/arm-none-eabi/10.3.1/../../../arm-none-eabi/lib/thumb/v6-m/nofp/libg.a(lib_a-strlen-stub.o)
                0x00000000100044ec                strlen
 .text          0x0000000010004548       0x14 /usr/lib/gcc/arm-none-eabi/10.3.1/../../../arm-none-eabi/lib/thumb/v6-m/nofp/libg.a(lib_a-strtok.o)
                0x0000000010004548                strtok
 .text          0x000000001000455c       0x78 /usr/lib/gcc/arm-none-eabi/10.3.1/../../../arm-none-eabi/lib/thumb/v6-m/nofp/libg.a(lib_a-strtok_r.o)
                0x000000001000455c                __strtok_r
                0x00000000100045c8                strtok_r
 .text          0x00000000100045d4      0x1b8 /usr/lib/gcc/arm-none-eabi/10.3.1/../../../arm-none-eabi/lib/thumb/v6-m/nofp/libg.a(lib_a-strtol.o)
                0x0000000010004718                _strtol_r
                0x0000000010004734                strtol_l
                0x0000000010004760                strtol
 .text          0x000000001000478c        0xc /usr/lib/gcc/arm-none-eabi/10.3.1/../../../arm-none-eabi/lib/thumb/v6-m/nofp/libg.a(lib_a-errno.o)
                0x000000001000478c                __errno
 *(.fini)
 .fini          0x0000000010004798        0x4 /usr/lib/gcc/arm-none-eabi/10.3.1/thumb/v6-m/nofp/crti.o
                0x0000000010004798                _fini
 *fill*         0x000000001000479c        0x4 
 .fini.__stub   0x00000000100047a0       0x50 linker stubs
 *crtbegin.o(.ctors)
 *crtbegin?.o(.ctors)
 *(EXCLUDE_FILE(*crtend.o *crtend?.o) .ctors)
 *(SORT_BY_NAME(.ctors.*))
 *(.ctors)
 *crtbegin.o(.dtors)
 *crtbegin?.o(.dtors)
 *(EXCLUDE_FILE(*crtend.o *crtend?.o) .dtors)
 *(SORT_BY_NAME(.dtors.*))
 *(.dtors)
 *(.eh_frame*)
 .eh_frame      0x00000000100047f0        0x0 /usr/lib/gcc/arm-none-eabi/10.3.1/thumb/v6-m/nofp/crtbegin.o
                0x00000000100047f0                . = ALIGN (0x4)

.glue_7         0x00000000100047f0        0x0
 .glue_7        0x00000000100047f0        0x0 linker stubs

.glue_7t        0x00000000100047f0        0x0
 .glue_7t       0x00000000100047f0        0x0 linker stubs

.vfp11_veneer   0x00000000100047f0        0x0
 .vfp11_veneer  0x00000000100047f0        0x0 linker stubs

.v4_bx          0x00000000100047f0        0x0
 .v4_bx         0x00000000100047f0        0x0 linker stubs

.iplt           0x00000000100047f0        0x0
 .iplt          0x00000000100047f0        0x0 /usr/lib/gcc/arm-none-eabi/10.3.1/thumb/v6-m/nofp/crtbegin.o

.rodata         0x00000000100047f0     0x107c
 *(EXCLUDE_FILE(*libm.a: *libc.a:*lib_a-mem*.o *libgcc.a:) .rodata*)
 .rodata.main.str1.4
                0x00000000100047f0       0x1a CMakeFiles/Serial-IR-Blaster.dir/main.c.obj
 *fill*         0x000000001000480a        0x2 
 .rodata.nec_carrier_program
                0x000000001000480c        0x6 CMakeFiles/Serial-IR-Blaster.dir/main.c.obj
 *fill*         0x0000000010004812        0x2 
 .rodata.nec_carrier_program_instructions
                0x0000000010004814        0xa CMakeFiles/Serial-IR-Blaster.dir/main.c.obj
 *fill*         0x000000001000481e        0x2 
 .rodata.nec_control_program
                0x0000000010004820        0x6 CMakeFiles/Serial-IR-Blaster.dir/main.c.obj
 *fill*         0x0000000010004826        0x2 
 .rodata.nec_control_program_instructions
                0x0000000010004828       0x16 CMakeFiles/Serial-IR-Blaster.dir/main.c.obj
 *fill*         0x000000001000483e        0x2 
 .rodata.make_branch.str1.4
                0x0000000010004840       0x6e CMakeFiles/Serial-IR-Blaster.dir/home/matthew/pico/pico-sdk/src/rp2_common/hardware_irq/irq.c.obj
 *fill*         0x00000000100048ae        0x2 
 .rodata.insert_branch_and_link.str1.4
                0x00000000100048b0       0x10 CMakeFiles/Serial-IR-Blaster.dir/home/matthew/pico/pico-sdk/src/rp2_common/hardware_irq/irq.c.obj
 .rodata.irq_set_exclusive_handler.str1.4
                0x00000000100048c0       0x36 CMakeFiles/Serial-IR-Blaster.dir/home/matthew/pico/pico-sdk/src/rp2_common/hardware_irq/irq.c.obj
 *fill*         0x00000000100048f6        0x2 
 .rodata.irq_add_shared_handler.str1.4
                0x00000000100048f8       0xd9 CMakeFiles/Serial-IR-Blaster.dir/home/matthew/pico/pico-sdk/src/rp2_common/hardware_irq/irq.c.obj
 *fill*         0x00000000100049d1        0x3 
 .rodata.irq_remove_handler.str1.4
                0x00000000100049d4       0x2a CMakeFiles/Serial-IR-Blaster.dir/home/matthew/pico/pico-sdk/src/rp2_common/hardware_irq/irq.c.obj
 *fill*         0x00000000100049fe        0x2 
 .rodata.irq_add_tail_to_free_list.str1.4
                0x0000000010004a00       0x3a CMakeFiles/Serial-IR-Blaster.dir/home/matthew/pico/pico-sdk/src/rp2_common/hardware_irq/irq.c.obj
 *fill*         0x0000000010004a3a        0x2 
 .rodata.__func__.0
                0x0000000010004a3c       0x1a CMakeFiles/Serial-IR-Blaster.dir/home/matthew/pico/pico-sdk/src/rp2_common/hardware_irq/irq.c.obj
 *fill*         0x0000000010004a56        0x2 
 .rodata.__func__.1
                0x0000000010004a58       0x17 CMakeFiles/Serial-IR-Blaster.dir/home/matthew/pico/pico-sdk/src/rp2_common/hardware_irq/irq.c.obj
 *fill*         0x0000000010004a6f        0x1 
 .rodata.__func__.2
                0x0000000010004a70       0x13 CMakeFiles/Serial-IR-Blaster.dir/home/matthew/pico/pico-sdk/src/rp2_common/hardware_irq/irq.c.obj
 *fill*         0x0000000010004a83        0x1 
 .rodata.__func__.3
                0x0000000010004a84        0xc CMakeFiles/Serial-IR-Blaster.dir/home/matthew/pico/pico-sdk/src/rp2_common/hardware_irq/irq.c.obj
 .rodata.__func__.4
                0x0000000010004a90        0xf CMakeFiles/Serial-IR-Blaster.dir/home/matthew/pico/pico-sdk/src/rp2_common/hardware_irq/irq.c.obj
 *fill*         0x0000000010004a9f        0x1 
 .rodata.__func__.6
                0x0000000010004aa0       0x1a CMakeFiles/Serial-IR-Blaster.dir/home/matthew/pico/pico-sdk/src/rp2_common/hardware_irq/irq.c.obj
 *fill*         0x0000000010004aba        0x2 
 .rodata.repeating_timer_callback.str1.4
                0x0000000010004abc       0x4c CMakeFiles/Serial-IR-Blaster.dir/home/matthew/pico/pico-sdk/src/common/pico_time/time.c.obj
 .rodata.alarm_pool_dump_key.str1.4
                0x0000000010004b08       0x33 CMakeFiles/Serial-IR-Blaster.dir/home/matthew/pico/pico-sdk/src/common/pico_time/time.c.obj
 *fill*         0x0000000010004b3b        0x1 
 .rodata.ph_add_child_node.str1.4
                0x0000000010004b3c       0x96 CMakeFiles/Serial-IR-Blaster.dir/home/matthew/pico/pico-sdk/src/common/pico_time/time.c.obj
 *fill*         0x0000000010004bd2        0x2 
 .rodata.add_alarm_under_lock.str1.4
                0x0000000010004bd4       0x28 CMakeFiles/Serial-IR-Blaster.dir/home/matthew/pico/pico-sdk/src/common/pico_time/time.c.obj
                                         0x2b (size before relaxing)
 .rodata.alarm_pool_alarm_callback.str1.4
                0x0000000010004bfc       0xe6 CMakeFiles/Serial-IR-Blaster.dir/home/matthew/pico/pico-sdk/src/common/pico_time/time.c.obj
 *fill*         0x0000000010004ce2        0x2 
 .rodata.__func__.10
                0x0000000010004ce4       0x15 CMakeFiles/Serial-IR-Blaster.dir/home/matthew/pico/pico-sdk/src/common/pico_time/time.c.obj
 *fill*         0x0000000010004cf9        0x3 
 .rodata.__func__.11
                0x0000000010004cfc       0x1a CMakeFiles/Serial-IR-Blaster.dir/home/matthew/pico/pico-sdk/src/common/pico_time/time.c.obj
 *fill*         0x0000000010004d16        0x2 
 .rodata.__func__.12
                0x0000000010004d18        0xa CMakeFiles/Serial-IR-Blaster.dir/home/matthew/pico/pico-sdk/src/common/pico_time/time.c.obj
 *fill*         0x0000000010004d22        0x2 
 .rodata.__func__.4
                0x0000000010004d24       0x12 CMakeFiles/Serial-IR-Blaster.dir/home/matthew/pico/pico-sdk/src/common/pico_time/time.c.obj
 *fill*         0x0000000010004d36        0x2 
 .rodata.__func__.5
                0x0000000010004d38        0xd CMakeFiles/Serial-IR-Blaster.dir/home/matthew/pico/pico-sdk/src/common/pico_time/time.c.obj
 *fill*         0x0000000010004d45        0x3 
 .rodata.__func__.6
                0x0000000010004d48       0x12 CMakeFiles/Serial-IR-Blaster.dir/home/matthew/pico/pico-sdk/src/common/pico_time/time.c.obj
 *fill*         0x0000000010004d5a        0x2 
 .rodata.__func__.7
                0x0000000010004d5c        0xf CMakeFiles/Serial-IR-Blaster.dir/home/matthew/pico/pico-sdk/src/common/pico_time/time.c.obj
 *fill*         0x0000000010004d6b        0x1 
 .rodata.__func__.8
                0x0000000010004d6c        0xc CMakeFiles/Serial-IR-Blaster.dir/home/matthew/pico/pico-sdk/src/common/pico_time/time.c.obj
 .rodata.__func__.9
                0x0000000010004d78       0x15 CMakeFiles/Serial-IR-Blaster.dir/home/matthew/pico/pico-sdk/src/common/pico_time/time.c.obj
 *fill*         0x0000000010004d8d        0x3 
 .rodata.hardware_alarm_claim.str1.4
                0x0000000010004d90       0x22 CMakeFiles/Serial-IR-Blaster.dir/home/matthew/pico/pico-sdk/src/rp2_common/hardware_timer/timer.c.obj
 *fill*         0x0000000010004db2        0x2 
 .rodata.hardware_alarm_set_target.str1.4
                0x0000000010004db4       0x66 CMakeFiles/Serial-IR-Blaster.dir/home/matthew/pico/pico-sdk/src/rp2_common/hardware_timer/timer.c.obj
 *fill*         0x0000000010004e1a        0x2 
 .rodata.__func__.0
                0x0000000010004e1c       0x1a CMakeFiles/Serial-IR-Blaster.dir/home/matthew/pico/pico-sdk/src/rp2_common/hardware_timer/timer.c.obj
 .rodata.ph_add_child_node.str1.4
                0x0000000010004e36       0x96 CMakeFiles/Serial-IR-Blaster.dir/home/matthew/pico/pico-sdk/src/common/pico_util/pheap.c.obj
 *fill*         0x0000000010004e36        0x2 
 .rodata.ph_remove_any_head.str1.4
                0x0000000010004e38       0x90 CMakeFiles/Serial-IR-Blaster.dir/home/matthew/pico/pico-sdk/src/common/pico_util/pheap.c.obj
 .rodata.ph_remove_and_free_node.str1.4
                0x0000000010004ec8       0x1e CMakeFiles/Serial-IR-Blaster.dir/home/matthew/pico/pico-sdk/src/common/pico_util/pheap.c.obj
                                         0x26 (size before relaxing)
 *fill*         0x0000000010004ee6        0x2 
 .rodata.__func__.0
                0x0000000010004ee8       0x18 CMakeFiles/Serial-IR-Blaster.dir/home/matthew/pico/pico-sdk/src/common/pico_util/pheap.c.obj
 .rodata.__func__.1
                0x0000000010004f00       0x13 CMakeFiles/Serial-IR-Blaster.dir/home/matthew/pico/pico-sdk/src/common/pico_util/pheap.c.obj
 *fill*         0x0000000010004f13        0x1 
 .rodata.__func__.2
                0x0000000010004f14       0x12 CMakeFiles/Serial-IR-Blaster.dir/home/matthew/pico/pico-sdk/src/common/pico_util/pheap.c.obj
 *fill*         0x0000000010004f26        0x2 
 .rodata.__func__.3
                0x0000000010004f28        0xc CMakeFiles/Serial-IR-Blaster.dir/home/matthew/pico/pico-sdk/src/common/pico_util/pheap.c.obj
 .rodata.str1.4
                0x0000000010004f34       0x8d CMakeFiles/Serial-IR-Blaster.dir/home/matthew/pico/pico-sdk/src/common/pico_sync/mutex.c.obj
                                         0xf1 (size before relaxing)
 *fill*         0x0000000010004fc1        0x3 
 .rodata.__func__.1
                0x0000000010004fc4        0xb CMakeFiles/Serial-IR-Blaster.dir/home/matthew/pico/pico-sdk/src/common/pico_sync/mutex.c.obj
 *fill*         0x0000000010004fcf        0x1 
 .rodata.__assert_func.str1.4
                0x0000000010004fd0       0x3f CMakeFiles/Serial-IR-Blaster.dir/home/matthew/pico/pico-sdk/src/rp2_common/pico_runtime/runtime.c.obj
                                         0x43 (size before relaxing)
 *fill*         0x000000001000500f        0x1 
 .rodata.runtime_init.str1.4
                0x0000000010005010       0x62 CMakeFiles/Serial-IR-Blaster.dir/home/matthew/pico/pico-sdk/src/rp2_common/pico_runtime/runtime.c.obj
 *fill*         0x0000000010005072        0x2 
 .rodata.panic.str1.4
                0x0000000010005074       0x10 CMakeFiles/Serial-IR-Blaster.dir/home/matthew/pico/pico-sdk/src/rp2_common/pico_runtime/runtime.c.obj
                                         0x12 (size before relaxing)
 .rodata.__func__.1
                0x0000000010005084        0xd CMakeFiles/Serial-IR-Blaster.dir/home/matthew/pico/pico-sdk/src/rp2_common/pico_runtime/runtime.c.obj
 *fill*         0x0000000010005091        0x3 
 .rodata.clock_configure.str1.4
                0x0000000010005094       0x58 CMakeFiles/Serial-IR-Blaster.dir/home/matthew/pico/pico-sdk/src/rp2_common/hardware_clocks/clocks.c.obj
 .rodata.__func__.1
                0x00000000100050ec       0x10 CMakeFiles/Serial-IR-Blaster.dir/home/matthew/pico/pico-sdk/src/rp2_common/hardware_clocks/clocks.c.obj
 .rodata.pll_init.str1.4
                0x00000000100050fc      0x13b CMakeFiles/Serial-IR-Blaster.dir/home/matthew/pico/pico-sdk/src/rp2_common/hardware_pll/pll.c.obj
 *fill*         0x0000000010005237        0x1 
 .rodata.__func__.0
                0x0000000010005238        0x9 CMakeFiles/Serial-IR-Blaster.dir/home/matthew/pico/pico-sdk/src/rp2_common/hardware_pll/pll.c.obj
 *fill*         0x0000000010005241        0x3 
 .rodata._ftoa.str1.4
                0x0000000010005244       0x15 CMakeFiles/Serial-IR-Blaster.dir/home/matthew/pico/pico-sdk/src/rp2_common/pico_printf/printf.c.obj
 *fill*         0x0000000010005259        0x3 
 .rodata._vsnprintf
                0x000000001000525c      0x1e0 CMakeFiles/Serial-IR-Blaster.dir/home/matthew/pico/pico-sdk/src/rp2_common/pico_printf/printf.c.obj
 *fill*         0x000000001000543c        0x4 
 .rodata.pow10.0
                0x0000000010005440       0x50 CMakeFiles/Serial-IR-Blaster.dir/home/matthew/pico/pico-sdk/src/rp2_common/pico_printf/printf.c.obj
 .rodata.__aeabi_double_init.str1.4
                0x0000000010005490       0xa9 CMakeFiles/Serial-IR-Blaster.dir/home/matthew/pico/pico-sdk/src/rp2_common/pico_double/double_init_rom.c.obj
 *fill*         0x0000000010005539        0x3 
 .rodata.__func__.0
                0x000000001000553c       0x14 CMakeFiles/Serial-IR-Blaster.dir/home/matthew/pico/pico-sdk/src/rp2_common/pico_double/double_init_rom.c.obj
 .rodata.__aeabi_float_init.str1.4
                0x0000000010005550       0x7b CMakeFiles/Serial-IR-Blaster.dir/home/matthew/pico/pico-sdk/src/rp2_common/pico_float/float_init_rom.c.obj
                                         0x7f (size before relaxing)
 *fill*         0x00000000100055cb        0x1 
 .rodata.__func__.0
                0x00000000100055cc       0x13 CMakeFiles/Serial-IR-Blaster.dir/home/matthew/pico/pico-sdk/src/rp2_common/pico_float/float_init_rom.c.obj
 *fill*         0x00000000100055df        0x1 
 .rodata.str1.4
                0x00000000100055e0       0x48 CMakeFiles/Serial-IR-Blaster.dir/home/matthew/pico/pico-sdk/src/rp2_common/pico_standard_link/binary_info.c.obj
 .rodata.__bi_44
                0x0000000010005628        0xc CMakeFiles/Serial-IR-Blaster.dir/home/matthew/pico/pico-sdk/src/rp2_common/pico_standard_link/binary_info.c.obj
 .rodata.__bi_75
                0x0000000010005634        0xc CMakeFiles/Serial-IR-Blaster.dir/home/matthew/pico/pico-sdk/src/rp2_common/pico_standard_link/binary_info.c.obj
 .rodata.__bi_81
                0x0000000010005640        0xc CMakeFiles/Serial-IR-Blaster.dir/home/matthew/pico/pico-sdk/src/rp2_common/pico_standard_link/binary_info.c.obj
 .rodata.crlf_str.3
                0x000000001000564c        0x2 CMakeFiles/Serial-IR-Blaster.dir/home/matthew/pico/pico-sdk/src/rp2_common/pico_stdio/stdio.c.obj
 *fill*         0x000000001000564e        0x2 
 .rodata.str1.4
                0x0000000010005650       0x2c CMakeFiles/Serial-IR-Blaster.dir/home/matthew/pico/pico-sdk/src/rp2_common/pico_stdio_uart/stdio_uart.c.obj
 .rodata.__bi_28.4
                0x000000001000567c        0xc CMakeFiles/Serial-IR-Blaster.dir/home/matthew/pico/pico-sdk/src/rp2_common/pico_stdio_uart/stdio_uart.c.obj
 .rodata.__bi_29.5
                0x0000000010005688        0x8 CMakeFiles/Serial-IR-Blaster.dir/home/matthew/pico/pico-sdk/src/rp2_common/pico_stdio_uart/stdio_uart.c.obj
 .rodata.__bi_61.0
                0x0000000010005690        0x8 CMakeFiles/Serial-IR-Blaster.dir/home/matthew/pico/pico-sdk/src/rp2_common/pico_stdio_uart/stdio_uart.c.obj
 .rodata.__bi_65.1
                0x0000000010005698        0xc CMakeFiles/Serial-IR-Blaster.dir/home/matthew/pico/pico-sdk/src/rp2_common/pico_stdio_uart/stdio_uart.c.obj
 .rodata._pio_find_offset_for_program.str1.4
                0x00000000100056a4       0x6a CMakeFiles/Serial-IR-Blaster.dir/home/matthew/pico/pico-sdk/src/rp2_common/hardware_pio/pio.c.obj
 *fill*         0x000000001000570e        0x2 
 .rodata._pio_add_program_at_offset.str1.4
                0x0000000010005710       0x11 CMakeFiles/Serial-IR-Blaster.dir/home/matthew/pico/pico-sdk/src/rp2_common/hardware_pio/pio.c.obj
 *fill*         0x0000000010005721        0x3 
 .rodata.pio_claim_unused_sm.str1.4
                0x0000000010005724       0x24 CMakeFiles/Serial-IR-Blaster.dir/home/matthew/pico/pico-sdk/src/rp2_common/hardware_pio/pio.c.obj
 .rodata.__func__.1
                0x0000000010005748       0x1d CMakeFiles/Serial-IR-Blaster.dir/home/matthew/pico/pico-sdk/src/rp2_common/hardware_pio/pio.c.obj
 *fill*         0x0000000010005765        0x3 
 .rodata        0x0000000010005768      0x101 /usr/lib/gcc/arm-none-eabi/10.3.1/../../../arm-none-eabi/lib/thumb/v6-m/nofp/libg.a(lib_a-ctype_.o)
                0x0000000010005768                _ctype_
                0x000000001000586c                . = ALIGN (0x4)
 *fill*         0x0000000010005869        0x3 
 *(SORT_BY_ALIGNMENT(SORT_BY_NAME(.flashdata*)))
                0x000000001000586c                . = ALIGN (0x4)

.rel.dyn        0x000000001000586c        0x0
 .rel.iplt      0x000000001000586c        0x0 /usr/lib/gcc/arm-none-eabi/10.3.1/thumb/v6-m/nofp/crtbegin.o

.ARM.extab
 *(.ARM.extab* .gnu.linkonce.armextab.*)
                0x000000001000586c                __exidx_start = .

.ARM.exidx
 *(.ARM.exidx* .gnu.linkonce.armexidx.*)
                0x000000001000586c                __exidx_end = .
                0x000000001000586c                . = ALIGN (0x4)
                0x000000001000586c                __binary_info_start = .

.binary_info    0x000000001000586c       0x2c
 *(.binary_info.keep.*)
 .binary_info.keep.__bi_ptr22
                0x000000001000586c        0x4 CMakeFiles/Serial-IR-Blaster.dir/home/matthew/pico/pico-sdk/src/rp2_common/pico_standard_link/binary_info.c.obj
 .binary_info.keep.__bi_ptr30
                0x0000000010005870        0x4 CMakeFiles/Serial-IR-Blaster.dir/home/matthew/pico/pico-sdk/src/rp2_common/pico_standard_link/binary_info.c.obj
 .binary_info.keep.__bi_ptr38
                0x0000000010005874        0x4 CMakeFiles/Serial-IR-Blaster.dir/home/matthew/pico/pico-sdk/src/rp2_common/pico_standard_link/binary_info.c.obj
 .binary_info.keep.__bi_ptr44
                0x0000000010005878        0x4 CMakeFiles/Serial-IR-Blaster.dir/home/matthew/pico/pico-sdk/src/rp2_common/pico_standard_link/binary_info.c.obj
 .binary_info.keep.__bi_ptr50
                0x000000001000587c        0x4 CMakeFiles/Serial-IR-Blaster.dir/home/matthew/pico/pico-sdk/src/rp2_common/pico_standard_link/binary_info.c.obj
 .binary_info.keep.__bi_ptr75
                0x0000000010005880        0x4 CMakeFiles/Serial-IR-Blaster.dir/home/matthew/pico/pico-sdk/src/rp2_common/pico_standard_link/binary_info.c.obj
 .binary_info.keep.__bi_ptr81
                0x0000000010005884        0x4 CMakeFiles/Serial-IR-Blaster.dir/home/matthew/pico/pico-sdk/src/rp2_common/pico_standard_link/binary_info.c.obj
 *(.binary_info.*)
 .binary_info.__bi_ptr28
                0x0000000010005888        0x4 CMakeFiles/Serial-IR-Blaster.dir/home/matthew/pico/pico-sdk/src/rp2_common/pico_stdio_uart/stdio_uart.c.obj
 .binary_info.__bi_ptr29
                0x000000001000588c        0x4 CMakeFiles/Serial-IR-Blaster.dir/home/matthew/pico/pico-sdk/src/rp2_common/pico_stdio_uart/stdio_uart.c.obj
 .binary_info.__bi_ptr61
                0x0000000010005890        0x4 CMakeFiles/Serial-IR-Blaster.dir/home/matthew/pico/pico-sdk/src/rp2_common/pico_stdio_uart/stdio_uart.c.obj
 .binary_info.__bi_ptr65
                0x0000000010005894        0x4 CMakeFiles/Serial-IR-Blaster.dir/home/matthew/pico/pico-sdk/src/rp2_common/pico_stdio_uart/stdio_uart.c.obj
                0x0000000010005898                __binary_info_end = .
                0x0000000010005898                . = ALIGN (0x4)
                0x0000000010005898                __etext = .

.ram_vector_table
                0x0000000020000000       0xc0
 *(.ram_vector_table)
 .ram_vector_table
                0x0000000020000000       0xc0 CMakeFiles/Serial-IR-Blaster.dir/home/matthew/pico/pico-sdk/src/rp2_common/pico_runtime/runtime.c.obj
                0x0000000020000000                ram_vector_table

.data           0x00000000200000c0      0x5f4 load address 0x0000000010005898
                0x00000000200000c0                __data_start__ = .
 *(vtable)
 *(.time_critical*)
 .time_critical.mutex_enter_blocking
                0x00000000200000c0       0x48 CMakeFiles/Serial-IR-Blaster.dir/home/matthew/pico/pico-sdk/src/common/pico_sync/mutex.c.obj
                0x00000000200000c0                mutex_enter_blocking
 .time_critical.mutex_try_enter
                0x0000000020000108       0x46 CMakeFiles/Serial-IR-Blaster.dir/home/matthew/pico/pico-sdk/src/common/pico_sync/mutex.c.obj
                0x0000000020000108                mutex_try_enter
 *fill*         0x000000002000014e        0x2 
 .time_critical.mutex_exit
                0x0000000020000150       0x4c CMakeFiles/Serial-IR-Blaster.dir/home/matthew/pico/pico-sdk/src/common/pico_sync/mutex.c.obj
                0x0000000020000150                mutex_exit
 *(.text*)
 .text          0x000000002000019c        0x4 /usr/lib/gcc/arm-none-eabi/10.3.1/thumb/v6-m/nofp/libgcc.a(_dvmd_tls.o)
                0x000000002000019c                __aeabi_ldiv0
                0x000000002000019c                __aeabi_idiv0
 .text.__stub   0x00000000200001a0       0x10 linker stubs
                0x00000000200001b0                . = ALIGN (0x4)
 *(.rodata*)
                0x00000000200001b0                . = ALIGN (0x4)
 *(.data*)
 .data.striped_spin_lock_num
                0x00000000200001b0        0x1 CMakeFiles/Serial-IR-Blaster.dir/home/matthew/pico/pico-sdk/src/rp2_common/hardware_sync/sync.c.obj
 *fill*         0x00000000200001b1        0x3 
 .data          0x00000000200001b4       0x48 CMakeFiles/Serial-IR-Blaster.dir/home/matthew/pico/pico-sdk/src/rp2_common/hardware_irq/irq_handler_chain.S.obj
                0x00000000200001b4                irq_handler_chain_slots
                0x00000000200001e4                irq_handler_chain_first_slot
                0x00000000200001ee                irq_handler_chain_remove_tail
 .data.default_alarm_pool
                0x00000000200001fc       0x18 CMakeFiles/Serial-IR-Blaster.dir/home/matthew/pico/pico-sdk/src/common/pico_time/time.c.obj
 .data.default_alarm_pool_heap
                0x0000000020000214       0x10 CMakeFiles/Serial-IR-Blaster.dir/home/matthew/pico/pico-sdk/src/common/pico_time/time.c.obj
 *fill*         0x0000000020000224        0xc 
 .data.aeabi_bits_funcs
                0x0000000020000230       0x10 CMakeFiles/Serial-IR-Blaster.dir/home/matthew/pico/pico-sdk/src/rp2_common/pico_bit_ops/bit_ops_aeabi.S.obj
                0x0000000020000230                aeabi_bits_funcs
                0x0000000020000240                aeabi_bits_funcs_end
 .data.aeabi_mem_funcs
                0x0000000020000240       0x10 CMakeFiles/Serial-IR-Blaster.dir/home/matthew/pico/pico-sdk/src/rp2_common/pico_mem_ops/mem_ops_aeabi.S.obj
                0x0000000020000240                aeabi_mem_funcs
                0x0000000020000250                aeabi_mem_funcs_end
 .data.stdio_uart
                0x0000000020000250       0x14 CMakeFiles/Serial-IR-Blaster.dir/home/matthew/pico/pico-sdk/src/rp2_common/pico_stdio_uart/stdio_uart.c.obj
                0x0000000020000250                stdio_uart
 *fill*         0x0000000020000264        0x4 
 .data          0x0000000020000268      0x430 /usr/lib/gcc/arm-none-eabi/10.3.1/../../../arm-none-eabi/lib/thumb/v6-m/nofp/libg.a(lib_a-impure.o)
                0x0000000020000268                _impure_ptr
                0x0000000020000698                . = ALIGN (0x4)
 *(.after_data.*)
                0x0000000020000698                . = ALIGN (0x4)
                0x0000000020000698                PROVIDE (__mutex_array_start = .)
 *(SORT_BY_NAME(.mutex_array.*))
 *(.mutex_array)
 .mutex_array   0x0000000020000698        0x8 CMakeFiles/Serial-IR-Blaster.dir/home/matthew/pico/pico-sdk/src/rp2_common/pico_stdio/stdio.c.obj
                0x00000000200006a0                PROVIDE (__mutex_array_end = .)
                0x00000000200006a0                . = ALIGN (0x4)
                0x00000000200006a0                PROVIDE (__preinit_array_start = .)
 *(SORT_BY_NAME(.preinit_array.*))
 .preinit_array.00001
                0x00000000200006a0        0x4 CMakeFiles/Serial-IR-Blaster.dir/home/matthew/pico/pico-sdk/src/rp2_common/pico_mem_ops/mem_ops_aeabi.S.obj
 .preinit_array.00010
                0x00000000200006a4        0x4 CMakeFiles/Serial-IR-Blaster.dir/home/matthew/pico/pico-sdk/src/rp2_common/pico_bit_ops/bit_ops_aeabi.S.obj
 .preinit_array.00020
                0x00000000200006a8        0x4 CMakeFiles/Serial-IR-Blaster.dir/home/matthew/pico/pico-sdk/src/rp2_common/pico_double/double_aeabi.S.obj
 .preinit_array.00020
                0x00000000200006ac        0x4 CMakeFiles/Serial-IR-Blaster.dir/home/matthew/pico/pico-sdk/src/rp2_common/pico_float/float_aeabi.S.obj
 *(.preinit_array)
                0x00000000200006b0                PROVIDE (__preinit_array_end = .)
                0x00000000200006b0                . = ALIGN (0x4)
                0x00000000200006b0                PROVIDE (__init_array_start = .)
 *(SORT_BY_NAME(.init_array.*))
 *(.init_array)
 .init_array    0x00000000200006b0        0x4 /usr/lib/gcc/arm-none-eabi/10.3.1/thumb/v6-m/nofp/crtbegin.o
                0x00000000200006b4                PROVIDE (__init_array_end = .)
                0x00000000200006b4                . = ALIGN (0x4)
                0x00000000200006b4                PROVIDE (__fini_array_start = .)
 *(SORT_BY_NAME(.fini_array.*))
 *(.fini_array)
                0x00000000200006b4                PROVIDE (__fini_array_end = .)
 *(.jcr)
                0x00000000200006b4                . = ALIGN (0x4)
                0x00000000200006b4                __data_end__ = .

.tm_clone_table
                0x00000000200006b4        0x0 load address 0x0000000010005e8c
 .tm_clone_table
                0x00000000200006b4        0x0 /usr/lib/gcc/arm-none-eabi/10.3.1/thumb/v6-m/nofp/crtbegin.o
 .tm_clone_table
                0x00000000200006b4        0x0 /usr/lib/gcc/arm-none-eabi/10.3.1/thumb/v6-m/nofp/crtend.o

.igot.plt       0x00000000200006b4        0x0 load address 0x0000000010005e8c
 .igot.plt      0x00000000200006b4        0x0 /usr/lib/gcc/arm-none-eabi/10.3.1/thumb/v6-m/nofp/crtbegin.o

.uninitialized_data
                0x00000000200006b4        0x0 load address 0x0000000010005e8c
                0x00000000200006b4                . = ALIGN (0x4)
 *(.uninitialized_data*)

.scratch_x      0x0000000020040000        0x0 load address 0x0000000010005e8c
                0x0000000020040000                __scratch_x_start__ = .
 *(.scratch_x.*)
                0x0000000020040000                . = ALIGN (0x4)
                0x0000000020040000                __scratch_x_end__ = .
                0x0000000010005e8c                __scratch_x_source__ = LOADADDR (.scratch_x)

.scratch_y      0x0000000020041000        0x0 load address 0x0000000010005e8c
                0x0000000020041000                __scratch_y_start__ = .
 *(.scratch_y.*)
                0x0000000020041000                . = ALIGN (0x4)
                0x0000000020041000                __scratch_y_end__ = .
                0x0000000010005e8c                __scratch_y_source__ = LOADADDR (.scratch_y)

.bss            0x00000000200006b8      0x3d8
                0x00000000200006b8                . = ALIGN (0x4)
                0x00000000200006b8                __bss_start__ = .
 *(SORT_BY_ALIGNMENT(SORT_BY_NAME(.bss*)))
 .bss.default_alarm_pool_entries
                0x00000000200006b8      0x100 CMakeFiles/Serial-IR-Blaster.dir/home/matthew/pico/pico-sdk/src/common/pico_time/time.c.obj
 .bss           0x00000000200007b8       0x1c /usr/lib/gcc/arm-none-eabi/10.3.1/thumb/v6-m/nofp/crtbegin.o
 .bss._used_instruction_space
                0x00000000200007d4        0x8 CMakeFiles/Serial-IR-Blaster.dir/home/matthew/pico/pico-sdk/src/rp2_common/hardware_pio/pio.c.obj
 .bss.alarm_callbacks
                0x00000000200007dc       0x10 CMakeFiles/Serial-IR-Blaster.dir/home/matthew/pico/pico-sdk/src/rp2_common/hardware_timer/timer.c.obj
 .bss.configured_freq
                0x00000000200007ec       0x28 CMakeFiles/Serial-IR-Blaster.dir/home/matthew/pico/pico-sdk/src/rp2_common/hardware_clocks/clocks.c.obj
 .bss.default_alarm_pool_entry_ids_high
                0x0000000020000814       0x10 CMakeFiles/Serial-IR-Blaster.dir/home/matthew/pico/pico-sdk/src/common/pico_time/time.c.obj
 .bss.default_alarm_pool_heap_nodes
                0x0000000020000824       0x30 CMakeFiles/Serial-IR-Blaster.dir/home/matthew/pico/pico-sdk/src/common/pico_time/time.c.obj
 .bss.drivers   0x0000000020000854        0x4 CMakeFiles/Serial-IR-Blaster.dir/home/matthew/pico/pico-sdk/src/rp2_common/pico_stdio/stdio.c.obj
 .bss.filter    0x0000000020000858        0x4 CMakeFiles/Serial-IR-Blaster.dir/home/matthew/pico/pico-sdk/src/rp2_common/pico_stdio/stdio.c.obj
 .bss.pools     0x000000002000085c       0x10 CMakeFiles/Serial-IR-Blaster.dir/home/matthew/pico/pico-sdk/src/common/pico_time/time.c.obj
 .bss.sd_table  0x000000002000086c      0x100 CMakeFiles/Serial-IR-Blaster.dir/home/matthew/pico/pico-sdk/src/rp2_common/pico_double/double_init_rom.c.obj
                0x000000002000086c                sd_table
 .bss.sf_clz_func
                0x000000002000096c        0x4 CMakeFiles/Serial-IR-Blaster.dir/home/matthew/pico/pico-sdk/src/rp2_common/pico_double/double_init_rom.c.obj
                0x000000002000096c                sf_clz_func
 .bss.sf_table  0x0000000020000970      0x100 CMakeFiles/Serial-IR-Blaster.dir/home/matthew/pico/pico-sdk/src/rp2_common/pico_float/float_init_rom.c.obj
                0x0000000020000970                sf_table
 .bss.sleep_notifier
                0x0000000020000a70        0x4 CMakeFiles/Serial-IR-Blaster.dir/home/matthew/pico/pico-sdk/src/common/pico_time/time.c.obj
 .bss.target_hi
                0x0000000020000a74       0x10 CMakeFiles/Serial-IR-Blaster.dir/home/matthew/pico/pico-sdk/src/rp2_common/hardware_timer/timer.c.obj
 .bss.uart_char_to_line_feed
                0x0000000020000a84        0x4 CMakeFiles/Serial-IR-Blaster.dir/home/matthew/pico/pico-sdk/src/rp2_common/hardware_uart/uart.c.obj
                0x0000000020000a84                uart_char_to_line_feed
 .bss.uart_instance
                0x0000000020000a88        0x4 CMakeFiles/Serial-IR-Blaster.dir/home/matthew/pico/pico-sdk/src/rp2_common/pico_stdio_uart/stdio_uart.c.obj
 .bss.claimed   0x0000000020000a8c        0x1 CMakeFiles/Serial-IR-Blaster.dir/home/matthew/pico/pico-sdk/src/rp2_common/hardware_timer/timer.c.obj
 .bss.claimed   0x0000000020000a8d        0x1 CMakeFiles/Serial-IR-Blaster.dir/home/matthew/pico/pico-sdk/src/rp2_common/hardware_pio/pio.c.obj
 .bss.irq_hander_chain_free_slot_head
                0x0000000020000a8e        0x1 CMakeFiles/Serial-IR-Blaster.dir/home/matthew/pico/pico-sdk/src/rp2_common/hardware_irq/irq.c.obj
 .bss.timer_callbacks_pending
                0x0000000020000a8f        0x1 CMakeFiles/Serial-IR-Blaster.dir/home/matthew/pico/pico-sdk/src/rp2_common/hardware_timer/timer.c.obj
 *(COMMON)
                0x0000000020000a90                . = ALIGN (0x4)
                0x0000000020000a90                __bss_end__ = .

.heap           0x0000000020000a90      0x800
                0x0000000020000a90                __end__ = .
                0x0000000020000a90                end = __end__
 *(.heap*)
 .heap          0x0000000020000a90      0x800 CMakeFiles/Serial-IR-Blaster.dir/home/matthew/pico/pico-sdk/src/rp2_common/pico_standard_link/crt0.S.obj
                0x0000000020001290                __HeapLimit = .

.stack1_dummy   0x0000000020040000        0x0
 *(.stack1*)

.stack_dummy    0x0000000020041000      0x800
 *(.stack*)
 .stack         0x0000000020041000      0x800 CMakeFiles/Serial-IR-Blaster.dir/home/matthew/pico/pico-sdk/src/rp2_common/pico_standard_link/crt0.S.obj

.flash_end      0x0000000010005e8c        0x0
                0x0000000010005e8c                __flash_binary_end = .
                0x0000000020040000                __StackLimit = (ORIGIN (RAM) + LENGTH (RAM))
                0x0000000020041000                __StackOneTop = (ORIGIN (SCRATCH_X) + LENGTH (SCRATCH_X))
                0x0000000020042000                __StackTop = (ORIGIN (SCRATCH_Y) + LENGTH (SCRATCH_Y))
                0x0000000020041000                __StackOneBottom = (__StackOneTop - SIZEOF (.stack1_dummy))
                0x0000000020041800                __StackBottom = (__StackTop - SIZEOF (.stack_dummy))
                0x0000000020042000                PROVIDE (__stack = __StackTop)
                0x0000000000000001                ASSERT ((__StackLimit >= __HeapLimit), region RAM overflowed)
                0x0000000000000001                ASSERT (((__binary_info_header_end - __logical_binary_start) <= 0x100), Binary info must be in first 256 bytes of the binary)
LOAD CMakeFiles/Serial-IR-Blaster.dir/main.c.obj
LOAD CMakeFiles/Serial-IR-Blaster.dir/home/matthew/pico/pico-sdk/src/rp2_common/pico_stdlib/stdlib.c.obj
LOAD CMakeFiles/Serial-IR-Blaster.dir/home/matthew/pico/pico-sdk/src/rp2_common/hardware_gpio/gpio.c.obj
LOAD CMakeFiles/Serial-IR-Blaster.dir/home/matthew/pico/pico-sdk/src/rp2_common/hardware_claim/claim.c.obj
LOAD CMakeFiles/Serial-IR-Blaster.dir/home/matthew/pico/pico-sdk/src/rp2_common/pico_platform/platform.c.obj
LOAD CMakeFiles/Serial-IR-Blaster.dir/home/matthew/pico/pico-sdk/src/rp2_common/hardware_sync/sync.c.obj
LOAD CMakeFiles/Serial-IR-Blaster.dir/home/matthew/pico/pico-sdk/src/rp2_common/hardware_irq/irq.c.obj
LOAD CMakeFiles/Serial-IR-Blaster.dir/home/matthew/pico/pico-sdk/src/rp2_common/hardware_irq/irq_handler_chain.S.obj
LOAD CMakeFiles/Serial-IR-Blaster.dir/home/matthew/pico/pico-sdk/src/common/pico_sync/sem.c.obj
LOAD CMakeFiles/Serial-IR-Blaster.dir/home/matthew/pico/pico-sdk/src/common/pico_sync/lock_core.c.obj
LOAD CMakeFiles/Serial-IR-Blaster.dir/home/matthew/pico/pico-sdk/src/common/pico_time/time.c.obj
LOAD CMakeFiles/Serial-IR-Blaster.dir/home/matthew/pico/pico-sdk/src/common/pico_time/timeout_helper.c.obj
LOAD CMakeFiles/Serial-IR-Blaster.dir/home/matthew/pico/pico-sdk/src/rp2_common/hardware_timer/timer.c.obj
LOAD CMakeFiles/Serial-IR-Blaster.dir/home/matthew/pico/pico-sdk/src/common/pico_util/datetime.c.obj
LOAD CMakeFiles/Serial-IR-Blaster.dir/home/matthew/pico/pico-sdk/src/common/pico_util/pheap.c.obj
LOAD CMakeFiles/Serial-IR-Blaster.dir/home/matthew/pico/pico-sdk/src/common/pico_util/queue.c.obj
LOAD CMakeFiles/Serial-IR-Blaster.dir/home/matthew/pico/pico-sdk/src/common/pico_sync/mutex.c.obj
LOAD CMakeFiles/Serial-IR-Blaster.dir/home/matthew/pico/pico-sdk/src/common/pico_sync/critical_section.c.obj
LOAD CMakeFiles/Serial-IR-Blaster.dir/home/matthew/pico/pico-sdk/src/rp2_common/hardware_uart/uart.c.obj
LOAD CMakeFiles/Serial-IR-Blaster.dir/home/matthew/pico/pico-sdk/src/rp2_common/hardware_divider/divider.S.obj
LOAD CMakeFiles/Serial-IR-Blaster.dir/home/matthew/pico/pico-sdk/src/rp2_common/pico_runtime/runtime.c.obj
LOAD CMakeFiles/Serial-IR-Blaster.dir/home/matthew/pico/pico-sdk/src/rp2_common/hardware_clocks/clocks.c.obj
LOAD CMakeFiles/Serial-IR-Blaster.dir/home/matthew/pico/pico-sdk/src/rp2_common/hardware_pll/pll.c.obj
LOAD CMakeFiles/Serial-IR-Blaster.dir/home/matthew/pico/pico-sdk/src/rp2_common/hardware_vreg/vreg.c.obj
LOAD CMakeFiles/Serial-IR-Blaster.dir/home/matthew/pico/pico-sdk/src/rp2_common/hardware_watchdog/watchdog.c.obj
LOAD CMakeFiles/Serial-IR-Blaster.dir/home/matthew/pico/pico-sdk/src/rp2_common/hardware_xosc/xosc.c.obj
LOAD CMakeFiles/Serial-IR-Blaster.dir/home/matthew/pico/pico-sdk/src/rp2_common/pico_printf/printf.c.obj
LOAD CMakeFiles/Serial-IR-Blaster.dir/home/matthew/pico/pico-sdk/src/rp2_common/pico_bit_ops/bit_ops_aeabi.S.obj
LOAD CMakeFiles/Serial-IR-Blaster.dir/home/matthew/pico/pico-sdk/src/rp2_common/pico_bootrom/bootrom.c.obj
LOAD CMakeFiles/Serial-IR-Blaster.dir/home/matthew/pico/pico-sdk/src/rp2_common/pico_divider/divider.S.obj
LOAD CMakeFiles/Serial-IR-Blaster.dir/home/matthew/pico/pico-sdk/src/rp2_common/pico_double/double_aeabi.S.obj
LOAD CMakeFiles/Serial-IR-Blaster.dir/home/matthew/pico/pico-sdk/src/rp2_common/pico_double/double_init_rom.c.obj
LOAD CMakeFiles/Serial-IR-Blaster.dir/home/matthew/pico/pico-sdk/src/rp2_common/pico_double/double_math.c.obj
LOAD CMakeFiles/Serial-IR-Blaster.dir/home/matthew/pico/pico-sdk/src/rp2_common/pico_double/double_v1_rom_shim.S.obj
LOAD CMakeFiles/Serial-IR-Blaster.dir/home/matthew/pico/pico-sdk/src/rp2_common/pico_int64_ops/pico_int64_ops_aeabi.S.obj
LOAD CMakeFiles/Serial-IR-Blaster.dir/home/matthew/pico/pico-sdk/src/rp2_common/pico_float/float_aeabi.S.obj
LOAD CMakeFiles/Serial-IR-Blaster.dir/home/matthew/pico/pico-sdk/src/rp2_common/pico_float/float_init_rom.c.obj
LOAD CMakeFiles/Serial-IR-Blaster.dir/home/matthew/pico/pico-sdk/src/rp2_common/pico_float/float_math.c.obj
LOAD CMakeFiles/Serial-IR-Blaster.dir/home/matthew/pico/pico-sdk/src/rp2_common/pico_float/float_v1_rom_shim.S.obj
LOAD CMakeFiles/Serial-IR-Blaster.dir/home/matthew/pico/pico-sdk/src/rp2_common/pico_malloc/pico_malloc.c.obj
LOAD CMakeFiles/Serial-IR-Blaster.dir/home/matthew/pico/pico-sdk/src/rp2_common/pico_mem_ops/mem_ops_aeabi.S.obj
LOAD CMakeFiles/Serial-IR-Blaster.dir/home/matthew/pico/pico-sdk/src/rp2_common/pico_standard_link/crt0.S.obj
LOAD CMakeFiles/Serial-IR-Blaster.dir/home/matthew/pico/pico-sdk/src/rp2_common/pico_standard_link/new_delete.cpp.obj
LOAD CMakeFiles/Serial-IR-Blaster.dir/home/matthew/pico/pico-sdk/src/rp2_common/pico_standard_link/binary_info.c.obj
LOAD CMakeFiles/Serial-IR-Blaster.dir/home/matthew/pico/pico-sdk/src/rp2_common/pico_stdio/stdio.c.obj
LOAD CMakeFiles/Serial-IR-Blaster.dir/home/matthew/pico/pico-sdk/src/rp2_common/pico_stdio_uart/stdio_uart.c.obj
LOAD CMakeFiles/Serial-IR-Blaster.dir/home/matthew/pico/pico-sdk/src/rp2_common/hardware_pio/pio.c.obj
LOAD /tmp/ccg1H3dY.o
LOAD /usr/lib/gcc/arm-none-eabi/10.3.1/../../../arm-none-eabi/lib/thumb/v6-m/nofp/libstdc++.a
LOAD /usr/lib/gcc/arm-none-eabi/10.3.1/../../../arm-none-eabi/lib/thumb/v6-m/nofp/libm.a
START GROUP
LOAD /usr/lib/gcc/arm-none-eabi/10.3.1/thumb/v6-m/nofp/libgcc.a
LOAD /usr/lib/gcc/arm-none-eabi/10.3.1/../../../arm-none-eabi/lib/thumb/v6-m/nofp/libg.a
LOAD /usr/lib/gcc/arm-none-eabi/10.3.1/../../../arm-none-eabi/lib/thumb/v6-m/nofp/libc.a
END GROUP
START GROUP
LOAD /usr/lib/gcc/arm-none-eabi/10.3.1/thumb/v6-m/nofp/libgcc.a
LOAD /usr/lib/gcc/arm-none-eabi/10.3.1/../../../arm-none-eabi/lib/thumb/v6-m/nofp/libc.a
LOAD /usr/lib/gcc/arm-none-eabi/10.3.1/../../../arm-none-eabi/lib/thumb/v6-m/nofp/libnosys.a
END GROUP
LOAD /usr/lib/gcc/arm-none-eabi/10.3.1/thumb/v6-m/nofp/crtend.o
LOAD /usr/lib/gcc/arm-none-eabi/10.3.1/thumb/v6-m/nofp/crtn.o
OUTPUT(Serial-IR-Blaster.elf elf32-littlearm)
LOAD linker stubs

.ARM.attributes
                0x0000000000000000       0x28
 .ARM.attributes
                0x0000000000000000       0x1e /usr/lib/gcc/arm-none-eabi/10.3.1/thumb/v6-m/nofp/crti.o
 .ARM.attributes
                0x000000000000001e       0x2c /usr/lib/gcc/arm-none-eabi/10.3.1/thumb/v6-m/nofp/crtbegin.o
 .ARM.attributes
                0x000000000000004a       0x2c CMakeFiles/Serial-IR-Blaster.dir/main.c.obj
 .ARM.attributes
                0x0000000000000076       0x2c CMakeFiles/Serial-IR-Blaster.dir/home/matthew/pico/pico-sdk/src/rp2_common/hardware_gpio/gpio.c.obj
 .ARM.attributes
                0x00000000000000a2       0x2c CMakeFiles/Serial-IR-Blaster.dir/home/matthew/pico/pico-sdk/src/rp2_common/hardware_claim/claim.c.obj
 .ARM.attributes
                0x00000000000000ce       0x2c CMakeFiles/Serial-IR-Blaster.dir/home/matthew/pico/pico-sdk/src/rp2_common/pico_platform/platform.c.obj
 .ARM.attributes
                0x00000000000000fa       0x2c CMakeFiles/Serial-IR-Blaster.dir/home/matthew/pico/pico-sdk/src/rp2_common/hardware_sync/sync.c.obj
 .ARM.attributes
                0x0000000000000126       0x2c CMakeFiles/Serial-IR-Blaster.dir/home/matthew/pico/pico-sdk/src/rp2_common/hardware_irq/irq.c.obj
 .ARM.attributes
                0x0000000000000152       0x22 CMakeFiles/Serial-IR-Blaster.dir/home/matthew/pico/pico-sdk/src/rp2_common/hardware_irq/irq_handler_chain.S.obj
 .ARM.attributes
                0x0000000000000174       0x2c CMakeFiles/Serial-IR-Blaster.dir/home/matthew/pico/pico-sdk/src/common/pico_sync/lock_core.c.obj
 .ARM.attributes
                0x00000000000001a0       0x2c CMakeFiles/Serial-IR-Blaster.dir/home/matthew/pico/pico-sdk/src/common/pico_time/time.c.obj
 .ARM.attributes
                0x00000000000001cc       0x2c CMakeFiles/Serial-IR-Blaster.dir/home/matthew/pico/pico-sdk/src/rp2_common/hardware_timer/timer.c.obj
 .ARM.attributes
                0x00000000000001f8       0x2c CMakeFiles/Serial-IR-Blaster.dir/home/matthew/pico/pico-sdk/src/common/pico_util/pheap.c.obj
 .ARM.attributes
                0x0000000000000224       0x2c CMakeFiles/Serial-IR-Blaster.dir/home/matthew/pico/pico-sdk/src/common/pico_sync/mutex.c.obj
 .ARM.attributes
                0x0000000000000250       0x2c CMakeFiles/Serial-IR-Blaster.dir/home/matthew/pico/pico-sdk/src/rp2_common/hardware_uart/uart.c.obj
 .ARM.attributes
                0x000000000000027c       0x2c CMakeFiles/Serial-IR-Blaster.dir/home/matthew/pico/pico-sdk/src/rp2_common/pico_runtime/runtime.c.obj
 .ARM.attributes
                0x00000000000002a8       0x2c CMakeFiles/Serial-IR-Blaster.dir/home/matthew/pico/pico-sdk/src/rp2_common/hardware_clocks/clocks.c.obj
 .ARM.attributes
                0x00000000000002d4       0x2c CMakeFiles/Serial-IR-Blaster.dir/home/matthew/pico/pico-sdk/src/rp2_common/hardware_pll/pll.c.obj
 .ARM.attributes
                0x0000000000000300       0x2c CMakeFiles/Serial-IR-Blaster.dir/home/matthew/pico/pico-sdk/src/rp2_common/hardware_watchdog/watchdog.c.obj
 .ARM.attributes
                0x000000000000032c       0x2c CMakeFiles/Serial-IR-Blaster.dir/home/matthew/pico/pico-sdk/src/rp2_common/hardware_xosc/xosc.c.obj
 .ARM.attributes
                0x0000000000000358       0x2c CMakeFiles/Serial-IR-Blaster.dir/home/matthew/pico/pico-sdk/src/rp2_common/pico_printf/printf.c.obj
 .ARM.attributes
                0x0000000000000384       0x22 CMakeFiles/Serial-IR-Blaster.dir/home/matthew/pico/pico-sdk/src/rp2_common/pico_bit_ops/bit_ops_aeabi.S.obj
 .ARM.attributes
                0x00000000000003a6       0x2c CMakeFiles/Serial-IR-Blaster.dir/home/matthew/pico/pico-sdk/src/rp2_common/pico_bootrom/bootrom.c.obj
 .ARM.attributes
                0x00000000000003d2       0x22 CMakeFiles/Serial-IR-Blaster.dir/home/matthew/pico/pico-sdk/src/rp2_common/pico_divider/divider.S.obj
 .ARM.attributes
                0x00000000000003f4       0x22 CMakeFiles/Serial-IR-Blaster.dir/home/matthew/pico/pico-sdk/src/rp2_common/pico_double/double_aeabi.S.obj
 .ARM.attributes
                0x0000000000000416       0x2c CMakeFiles/Serial-IR-Blaster.dir/home/matthew/pico/pico-sdk/src/rp2_common/pico_double/double_init_rom.c.obj
 .ARM.attributes
                0x0000000000000442       0x22 CMakeFiles/Serial-IR-Blaster.dir/home/matthew/pico/pico-sdk/src/rp2_common/pico_double/double_v1_rom_shim.S.obj
 .ARM.attributes
                0x0000000000000464       0x22 CMakeFiles/Serial-IR-Blaster.dir/home/matthew/pico/pico-sdk/src/rp2_common/pico_float/float_aeabi.S.obj
 .ARM.attributes
                0x0000000000000486       0x2c CMakeFiles/Serial-IR-Blaster.dir/home/matthew/pico/pico-sdk/src/rp2_common/pico_float/float_init_rom.c.obj
 .ARM.attributes
                0x00000000000004b2       0x22 CMakeFiles/Serial-IR-Blaster.dir/home/matthew/pico/pico-sdk/src/rp2_common/pico_float/float_v1_rom_shim.S.obj
 .ARM.attributes
                0x00000000000004d4       0x22 CMakeFiles/Serial-IR-Blaster.dir/home/matthew/pico/pico-sdk/src/rp2_common/pico_mem_ops/mem_ops_aeabi.S.obj
 .ARM.attributes
                0x00000000000004f6       0x22 CMakeFiles/Serial-IR-Blaster.dir/home/matthew/pico/pico-sdk/src/rp2_common/pico_standard_link/crt0.S.obj
 .ARM.attributes
                0x0000000000000518       0x32 CMakeFiles/Serial-IR-Blaster.dir/home/matthew/pico/pico-sdk/src/rp2_common/pico_standard_link/binary_info.c.obj
 .ARM.attributes
                0x000000000000054a       0x2c CMakeFiles/Serial-IR-Blaster.dir/home/matthew/pico/pico-sdk/src/rp2_common/pico_stdio/stdio.c.obj
 .ARM.attributes
                0x0000000000000576       0x2c CMakeFiles/Serial-IR-Blaster.dir/home/matthew/pico/pico-sdk/src/rp2_common/pico_stdio_uart/stdio_uart.c.obj
 .ARM.attributes
                0x00000000000005a2       0x2c CMakeFiles/Serial-IR-Blaster.dir/home/matthew/pico/pico-sdk/src/rp2_common/hardware_pio/pio.c.obj
 .ARM.attributes
                0x00000000000005ce       0x22 /tmp/ccg1H3dY.o
 .ARM.attributes
                0x00000000000005f0       0x1e /usr/lib/gcc/arm-none-eabi/10.3.1/thumb/v6-m/nofp/libgcc.a(_dvmd_tls.o)
 .ARM.attributes
                0x000000000000060e       0x2c /usr/lib/gcc/arm-none-eabi/10.3.1/../../../arm-none-eabi/lib/thumb/v6-m/nofp/libg.a(lib_a-atoi.o)
 .ARM.attributes
                0x000000000000063a       0x2c /usr/lib/gcc/arm-none-eabi/10.3.1/../../../arm-none-eabi/lib/thumb/v6-m/nofp/libg.a(lib_a-impure.o)
 .ARM.attributes
                0x0000000000000666       0x2c /usr/lib/gcc/arm-none-eabi/10.3.1/../../../arm-none-eabi/lib/thumb/v6-m/nofp/libg.a(lib_a-strlen-stub.o)
 .ARM.attributes
                0x0000000000000692       0x2c /usr/lib/gcc/arm-none-eabi/10.3.1/../../../arm-none-eabi/lib/thumb/v6-m/nofp/libg.a(lib_a-strtok.o)
 .ARM.attributes
                0x00000000000006be       0x2c /usr/lib/gcc/arm-none-eabi/10.3.1/../../../arm-none-eabi/lib/thumb/v6-m/nofp/libg.a(lib_a-strtok_r.o)
 .ARM.attributes
                0x00000000000006ea       0x2c /usr/lib/gcc/arm-none-eabi/10.3.1/../../../arm-none-eabi/lib/thumb/v6-m/nofp/libg.a(lib_a-strtol.o)
 .ARM.attributes
                0x0000000000000716       0x2c /usr/lib/gcc/arm-none-eabi/10.3.1/../../../arm-none-eabi/lib/thumb/v6-m/nofp/libg.a(lib_a-ctype_.o)
 .ARM.attributes
                0x0000000000000742       0x2c /usr/lib/gcc/arm-none-eabi/10.3.1/../../../arm-none-eabi/lib/thumb/v6-m/nofp/libg.a(lib_a-errno.o)
 .ARM.attributes
                0x000000000000076e       0x2c /usr/lib/gcc/arm-none-eabi/10.3.1/thumb/v6-m/nofp/crtend.o

.comment        0x0000000000000000       0x33
 .comment       0x0000000000000000       0x33 /usr/lib/gcc/arm-none-eabi/10.3.1/thumb/v6-m/nofp/crtbegin.o
                                         0x34 (size before relaxing)
 .comment       0x0000000000000033       0x34 CMakeFiles/Serial-IR-Blaster.dir/main.c.obj
 .comment       0x0000000000000033       0x34 CMakeFiles/Serial-IR-Blaster.dir/home/matthew/pico/pico-sdk/src/rp2_common/hardware_gpio/gpio.c.obj
 .comment       0x0000000000000033       0x34 CMakeFiles/Serial-IR-Blaster.dir/home/matthew/pico/pico-sdk/src/rp2_common/hardware_claim/claim.c.obj
 .comment       0x0000000000000033       0x34 CMakeFiles/Serial-IR-Blaster.dir/home/matthew/pico/pico-sdk/src/rp2_common/pico_platform/platform.c.obj
 .comment       0x0000000000000033       0x34 CMakeFiles/Serial-IR-Blaster.dir/home/matthew/pico/pico-sdk/src/rp2_common/hardware_sync/sync.c.obj
 .comment       0x0000000000000033       0x34 CMakeFiles/Serial-IR-Blaster.dir/home/matthew/pico/pico-sdk/src/rp2_common/hardware_irq/irq.c.obj
 .comment       0x0000000000000033       0x34 CMakeFiles/Serial-IR-Blaster.dir/home/matthew/pico/pico-sdk/src/common/pico_sync/lock_core.c.obj
 .comment       0x0000000000000033       0x34 CMakeFiles/Serial-IR-Blaster.dir/home/matthew/pico/pico-sdk/src/common/pico_time/time.c.obj
 .comment       0x0000000000000033       0x34 CMakeFiles/Serial-IR-Blaster.dir/home/matthew/pico/pico-sdk/src/rp2_common/hardware_timer/timer.c.obj
 .comment       0x0000000000000033       0x34 CMakeFiles/Serial-IR-Blaster.dir/home/matthew/pico/pico-sdk/src/common/pico_util/pheap.c.obj
 .comment       0x0000000000000033       0x34 CMakeFiles/Serial-IR-Blaster.dir/home/matthew/pico/pico-sdk/src/common/pico_sync/mutex.c.obj
 .comment       0x0000000000000033       0x34 CMakeFiles/Serial-IR-Blaster.dir/home/matthew/pico/pico-sdk/src/rp2_common/hardware_uart/uart.c.obj
 .comment       0x0000000000000033       0x34 CMakeFiles/Serial-IR-Blaster.dir/home/matthew/pico/pico-sdk/src/rp2_common/pico_runtime/runtime.c.obj
 .comment       0x0000000000000033       0x34 CMakeFiles/Serial-IR-Blaster.dir/home/matthew/pico/pico-sdk/src/rp2_common/hardware_clocks/clocks.c.obj
 .comment       0x0000000000000033       0x34 CMakeFiles/Serial-IR-Blaster.dir/home/matthew/pico/pico-sdk/src/rp2_common/hardware_pll/pll.c.obj
 .comment       0x0000000000000033       0x34 CMakeFiles/Serial-IR-Blaster.dir/home/matthew/pico/pico-sdk/src/rp2_common/hardware_watchdog/watchdog.c.obj
 .comment       0x0000000000000033       0x34 CMakeFiles/Serial-IR-Blaster.dir/home/matthew/pico/pico-sdk/src/rp2_common/hardware_xosc/xosc.c.obj
 .comment       0x0000000000000033       0x34 CMakeFiles/Serial-IR-Blaster.dir/home/matthew/pico/pico-sdk/src/rp2_common/pico_printf/printf.c.obj
 .comment       0x0000000000000033       0x34 CMakeFiles/Serial-IR-Blaster.dir/home/matthew/pico/pico-sdk/src/rp2_common/pico_bootrom/bootrom.c.obj
 .comment       0x0000000000000033       0x34 CMakeFiles/Serial-IR-Blaster.dir/home/matthew/pico/pico-sdk/src/rp2_common/pico_double/double_init_rom.c.obj
 .comment       0x0000000000000033       0x34 CMakeFiles/Serial-IR-Blaster.dir/home/matthew/pico/pico-sdk/src/rp2_common/pico_float/float_init_rom.c.obj
 .comment       0x0000000000000033       0x34 CMakeFiles/Serial-IR-Blaster.dir/home/matthew/pico/pico-sdk/src/rp2_common/pico_standard_link/binary_info.c.obj
 .comment       0x0000000000000033       0x34 CMakeFiles/Serial-IR-Blaster.dir/home/matthew/pico/pico-sdk/src/rp2_common/pico_stdio/stdio.c.obj
 .comment       0x0000000000000033       0x34 CMakeFiles/Serial-IR-Blaster.dir/home/matthew/pico/pico-sdk/src/rp2_common/pico_stdio_uart/stdio_uart.c.obj
 .comment       0x0000000000000033       0x34 CMakeFiles/Serial-IR-Blaster.dir/home/matthew/pico/pico-sdk/src/rp2_common/hardware_pio/pio.c.obj
 .comment       0x0000000000000033       0x34 /usr/lib/gcc/arm-none-eabi/10.3.1/../../../arm-none-eabi/lib/thumb/v6-m/nofp/libg.a(lib_a-atoi.o)
 .comment       0x0000000000000033       0x34 /usr/lib/gcc/arm-none-eabi/10.3.1/../../../arm-none-eabi/lib/thumb/v6-m/nofp/libg.a(lib_a-impure.o)
 .comment       0x0000000000000033       0x34 /usr/lib/gcc/arm-none-eabi/10.3.1/../../../arm-none-eabi/lib/thumb/v6-m/nofp/libg.a(lib_a-strlen-stub.o)
 .comment       0x0000000000000033       0x34 /usr/lib/gcc/arm-none-eabi/10.3.1/../../../arm-none-eabi/lib/thumb/v6-m/nofp/libg.a(lib_a-strtok.o)
 .comment       0x0000000000000033       0x34 /usr/lib/gcc/arm-none-eabi/10.3.1/../../../arm-none-eabi/lib/thumb/v6-m/nofp/libg.a(lib_a-strtok_r.o)
 .comment       0x0000000000000033       0x34 /usr/lib/gcc/arm-none-eabi/10.3.1/../../../arm-none-eabi/lib/thumb/v6-m/nofp/libg.a(lib_a-strtol.o)
 .comment       0x0000000000000033       0x34 /usr/lib/gcc/arm-none-eabi/10.3.1/../../../arm-none-eabi/lib/thumb/v6-m/nofp/libg.a(lib_a-ctype_.o)
 .comment       0x0000000000000033       0x34 /usr/lib/gcc/arm-none-eabi/10.3.1/../../../arm-none-eabi/lib/thumb/v6-m/nofp/libg.a(lib_a-errno.o)
 .comment       0x0000000000000033       0x34 /usr/lib/gcc/arm-none-eabi/10.3.1/thumb/v6-m/nofp/crtend.o

.debug_info     0x0000000000000000    0x1a4c2
 .debug_info    0x0000000000000000     0x14e9 CMakeFiles/Serial-IR-Blaster.dir/main.c.obj
 .debug_info    0x00000000000014e9     0x16b3 CMakeFiles/Serial-IR-Blaster.dir/home/matthew/pico/pico-sdk/src/rp2_common/hardware_gpio/gpio.c.obj
 .debug_info    0x0000000000002b9c      0x6a3 CMakeFiles/Serial-IR-Blaster.dir/home/matthew/pico/pico-sdk/src/rp2_common/hardware_claim/claim.c.obj
 .debug_info    0x000000000000323f      0x1cb CMakeFiles/Serial-IR-Blaster.dir/home/matthew/pico/pico-sdk/src/rp2_common/pico_platform/platform.c.obj
 .debug_info    0x000000000000340a      0x576 CMakeFiles/Serial-IR-Blaster.dir/home/matthew/pico/pico-sdk/src/rp2_common/hardware_sync/sync.c.obj
 .debug_info    0x0000000000003980     0x1c01 CMakeFiles/Serial-IR-Blaster.dir/home/matthew/pico/pico-sdk/src/rp2_common/hardware_irq/irq.c.obj
 .debug_info    0x0000000000005581      0x198 CMakeFiles/Serial-IR-Blaster.dir/home/matthew/pico/pico-sdk/src/common/pico_sync/lock_core.c.obj
 .debug_info    0x0000000000005719     0x3aff CMakeFiles/Serial-IR-Blaster.dir/home/matthew/pico/pico-sdk/src/common/pico_time/time.c.obj
 .debug_info    0x0000000000009218     0x10f8 CMakeFiles/Serial-IR-Blaster.dir/home/matthew/pico/pico-sdk/src/rp2_common/hardware_timer/timer.c.obj
 .debug_info    0x000000000000a310     0x120c CMakeFiles/Serial-IR-Blaster.dir/home/matthew/pico/pico-sdk/src/common/pico_util/pheap.c.obj
 .debug_info    0x000000000000b51c     0x1ff2 CMakeFiles/Serial-IR-Blaster.dir/home/matthew/pico/pico-sdk/src/common/pico_sync/mutex.c.obj
 .debug_info    0x000000000000d50e      0xb4d CMakeFiles/Serial-IR-Blaster.dir/home/matthew/pico/pico-sdk/src/rp2_common/hardware_uart/uart.c.obj
 .debug_info    0x000000000000e05b      0xa87 CMakeFiles/Serial-IR-Blaster.dir/home/matthew/pico/pico-sdk/src/rp2_common/pico_runtime/runtime.c.obj
 .debug_info    0x000000000000eae2      0xf33 CMakeFiles/Serial-IR-Blaster.dir/home/matthew/pico/pico-sdk/src/rp2_common/hardware_clocks/clocks.c.obj
 .debug_info    0x000000000000fa15      0x532 CMakeFiles/Serial-IR-Blaster.dir/home/matthew/pico/pico-sdk/src/rp2_common/hardware_pll/pll.c.obj
 .debug_info    0x000000000000ff47      0x4ee CMakeFiles/Serial-IR-Blaster.dir/home/matthew/pico/pico-sdk/src/rp2_common/hardware_watchdog/watchdog.c.obj
 .debug_info    0x0000000000010435      0x1c0 CMakeFiles/Serial-IR-Blaster.dir/home/matthew/pico/pico-sdk/src/rp2_common/hardware_xosc/xosc.c.obj
 .debug_info    0x00000000000105f5     0x1a47 CMakeFiles/Serial-IR-Blaster.dir/home/matthew/pico/pico-sdk/src/rp2_common/pico_printf/printf.c.obj
 .debug_info    0x000000000001203c       0x22 CMakeFiles/Serial-IR-Blaster.dir/home/matthew/pico/pico-sdk/src/rp2_common/pico_bit_ops/bit_ops_aeabi.S.obj
 .debug_info    0x000000000001205e      0x258 CMakeFiles/Serial-IR-Blaster.dir/home/matthew/pico/pico-sdk/src/rp2_common/pico_bootrom/bootrom.c.obj
 .debug_info    0x00000000000122b6       0x22 CMakeFiles/Serial-IR-Blaster.dir/home/matthew/pico/pico-sdk/src/rp2_common/pico_divider/divider.S.obj
 .debug_info    0x00000000000122d8       0x22 CMakeFiles/Serial-IR-Blaster.dir/home/matthew/pico/pico-sdk/src/rp2_common/pico_double/double_aeabi.S.obj
 .debug_info    0x00000000000122fa      0x2a1 CMakeFiles/Serial-IR-Blaster.dir/home/matthew/pico/pico-sdk/src/rp2_common/pico_double/double_init_rom.c.obj
 .debug_info    0x000000000001259b       0x22 CMakeFiles/Serial-IR-Blaster.dir/home/matthew/pico/pico-sdk/src/rp2_common/pico_double/double_v1_rom_shim.S.obj
 .debug_info    0x00000000000125bd       0x22 CMakeFiles/Serial-IR-Blaster.dir/home/matthew/pico/pico-sdk/src/rp2_common/pico_float/float_aeabi.S.obj
 .debug_info    0x00000000000125df      0x2bb CMakeFiles/Serial-IR-Blaster.dir/home/matthew/pico/pico-sdk/src/rp2_common/pico_float/float_init_rom.c.obj
 .debug_info    0x000000000001289a       0x22 CMakeFiles/Serial-IR-Blaster.dir/home/matthew/pico/pico-sdk/src/rp2_common/pico_float/float_v1_rom_shim.S.obj
 .debug_info    0x00000000000128bc       0x22 CMakeFiles/Serial-IR-Blaster.dir/home/matthew/pico/pico-sdk/src/rp2_common/pico_mem_ops/mem_ops_aeabi.S.obj
 .debug_info    0x00000000000128de       0x22 CMakeFiles/Serial-IR-Blaster.dir/home/matthew/pico/pico-sdk/src/rp2_common/pico_standard_link/crt0.S.obj
 .debug_info    0x0000000000012900      0x2c6 CMakeFiles/Serial-IR-Blaster.dir/home/matthew/pico/pico-sdk/src/rp2_common/pico_standard_link/binary_info.c.obj
 .debug_info    0x0000000000012bc6     0x12ee CMakeFiles/Serial-IR-Blaster.dir/home/matthew/pico/pico-sdk/src/rp2_common/pico_stdio/stdio.c.obj
 .debug_info    0x0000000000013eb4      0xc33 CMakeFiles/Serial-IR-Blaster.dir/home/matthew/pico/pico-sdk/src/rp2_common/pico_stdio_uart/stdio_uart.c.obj
 .debug_info    0x0000000000014ae7     0x2057 CMakeFiles/Serial-IR-Blaster.dir/home/matthew/pico/pico-sdk/src/rp2_common/hardware_pio/pio.c.obj
 .debug_info    0x0000000000016b3e       0x26 /usr/lib/gcc/arm-none-eabi/10.3.1/thumb/v6-m/nofp/libgcc.a(_dvmd_tls.o)
 .debug_info    0x0000000000016b64      0x9ae /usr/lib/gcc/arm-none-eabi/10.3.1/../../../arm-none-eabi/lib/thumb/v6-m/nofp/libg.a(lib_a-atoi.o)
 .debug_info    0x0000000000017512      0x92a /usr/lib/gcc/arm-none-eabi/10.3.1/../../../arm-none-eabi/lib/thumb/v6-m/nofp/libg.a(lib_a-impure.o)
 .debug_info    0x0000000000017e3c       0xee /usr/lib/gcc/arm-none-eabi/10.3.1/../../../arm-none-eabi/lib/thumb/v6-m/nofp/libg.a(lib_a-strlen-stub.o)
 .debug_info    0x0000000000017f2a      0x980 /usr/lib/gcc/arm-none-eabi/10.3.1/../../../arm-none-eabi/lib/thumb/v6-m/nofp/libg.a(lib_a-strtok.o)
 .debug_info    0x00000000000188aa      0x1bf /usr/lib/gcc/arm-none-eabi/10.3.1/../../../arm-none-eabi/lib/thumb/v6-m/nofp/libg.a(lib_a-strtok_r.o)
 .debug_info    0x0000000000018a69     0x108d /usr/lib/gcc/arm-none-eabi/10.3.1/../../../arm-none-eabi/lib/thumb/v6-m/nofp/libg.a(lib_a-strtol.o)
 .debug_info    0x0000000000019af6       0xb8 /usr/lib/gcc/arm-none-eabi/10.3.1/../../../arm-none-eabi/lib/thumb/v6-m/nofp/libg.a(lib_a-ctype_.o)